# This version string is used to make certain we are on the latest version
version 2017-04-12 ;

# items from the Apache configuration
htbin legacy ;
studentlink redirect ; 
#######uis content ;
uis legacy ;
uis_web3270 legacy ;

# items from the www:phpmap.txt
buniverse phpbin ;
maps phpbin ;
bufellow/db-admin django ;

# DegreeAdvice needs to be added
# we should make a third party table for http backend services (maybe)
#
#degree-advice degreeadvice ;

django apps ;

# UISCGI/link entries
link/bin uiscgi_app ;
link uiscgi_content ;

#admissions wordpress
# dbin
dbin dbin ;

## LAW: redirect to lowercase
## LAWLIBRARY: redirect to lowercase
## LAWDEAN: redirect to lowercase
## LAMILPA: redirect to lowercase
## LAANE: redirect to lowercase
## LAB: redirect to lowercase
## LINGUISTICS: redirect to lowercase
## LIBRARY: redirect to lowercase
## LIBDB-TST: redirect to lowercase
## LIBDB: redirect to lowercase
## LITERARY: redirect to lowercase
## LIFELONGLEARNING: redirect to lowercase
## LIFELONG: redirect to lowercase
## LIFEBOOK: redirect to lowercase
## LITE: redirect to lowercase
## LECTURE: redirect to lowercase
## LERNET: redirect to lowercase
## LEEGROUP: redirect to lowercase
## LOVECANAL: redirect to lowercase
## LUTHERAN: redirect to lowercase
## LUNGS: redirect to lowercase
robots.txt content ;
roaric content ;
roybal content ;
ror content ;
## rotc: wordpress
## rocket: wordpress
## rohp: wordpress
## rosa: wordpress
rosenbergarchive content ;
## rp18p.GIF: redirect to lowercase
rpm/panos content ;
## rpm: wordpress
rpm-agreements app ;
rbarnett content ;
## rbfl: wordpress
rvs content ;
ryeany content ;
rayleigh content ;
ravidlab content ;
raisethebar content ;
raceto50 content ;
rcrc content ;
rc content ;
rcl content ;
## rct: wordpress
## rccp: wordpress
rdlewis content ;
reg/common content ;
reg/information content ;
reg/graphics content ;
reg/gainful-employment content ;
reg/schedules content ;
## reg: wordpress
## rehab: wordpress
## religion: wordpress
resnet content ;
resources content ;
reunion content ;
## reslife: wordpress
research/xml content ;
research/spotlight content ;
research/magazine content ;
research/wp-assets content ;
research/magazine2008 content ;
research/email content ;
research/careerfair2016 content ;
## research: wordpress
recording content ;
reports content ;
## remotesensing: wordpress
resilience content ;
recycling content ;
remember content ;
reman content ;
retired content ;
register content ;
reply content ;
## reinhardlab: wordpress
registrar content ;
receptions content ;
recognizes content ;
research-compliance content ;
remotehelp content ;
researchcommittees content ;
## reliable: wordpress
respectregistry content ;
## regionalization: wordpress
recentgrads content ;
revpash content ;
realestate/panos content ;
## realestate: wordpress
research-internal content ;
research-external content ;
researchsupport content ;
rhett-talks content ;
risk content ;
## riscs: wordpress
rideshare content ;
## rims: wordpress
## rilke: wordpress
richardgoldsteinlab content ;
rize content ;
rl content ;
rrtcout content ;
## rs: wordpress
rss content ;
rsg content ;
index.html content ;
index2.html content ;
inst-tech content ;
index3.html content ;
interv content ;
## index: wordpress
index99.html content ;
info/downloads content ;
## info: wordpress
interactive content ;
inml content ;
injurypsychology content ;
## infosec: wordpress
investigate content ;
infocenter content ;
inaugural content ;
internal-research content ;
integratedmed content ;
integrativemed content ;
## india2010: wordpress
indigobirds content ;
## international: wordpress
## infantcp: wordpress
## intracghd: wordpress
interactive-design/resources content ;
interactive-design/2 content ;
interactive-design/exported content ;
## interactive-design: wordpress
## india-global: wordpress
insidecampaign content ;
## indiaroi: wordpress
inmlcore content ;
inmlcfp content ;
inmlprograms content ;
## interleukin-16: wordpress
infancp content ;
investinprevention content ;
investinginprevention content ;
images content ;
im-residency content ;
impac content ;
impact content ;
## iml: wordpress
im-intranet content ;
immunohistochemistry-core content ;
## ir: wordpress
irsd content ;
irwa content ;
irafa content ;
irc content ;
ircenter content ;
## irb: wordpress
iraopportunity content ;
it content ;
italian content ;
it_front_office content ;
itcommon content ;
itrp content ;
## itec: wordpress
itunes content ;
itunesu content ;
ithelp content ;
it-commons content ;
farewell content ;
## it-common: wordpress
## ithelpsandbox: wordpress
1000000 content ;
## iar: wordpress
iaj content ;
iaen content ;
## iass: wordpress
ict content ;
icshm content ;
icce15 content ;
icons content ;
ice content ;
## icsg: wordpress
idp content ;
id content ;
## iedp: wordpress
igsw content ;
igert content ;
igsw-register content ;
## ihi: wordpress
ihs content ;
ihp content ;
## ihblast: wordpress
ihsip content ;
iip content ;
## iis: wordpress
## ilj: wordpress
ionchannelcalcium content ;
## ioc: wordpress
## ip: wordpress
## ipr: wordpress
iphone content ;
## iptech: wordpress
ipcp content ;
ipe content ;
ipl content ;
iscip content ;
isso/wp-assets content ;
## isso: wordpress
ist content ;
isps content ;
isec content ;
istnews content ;
## ist-news: wordpress
## iscf: wordpress
## iss: wordpress
## isle: wordpress
isi content ;
ist-sa content ;
## ist-intranet: wordpress
ist-automation content ;
isic content ;
## isingh: wordpress
isingh2 content ;
## ise: wordpress
ivcf content ;
i3e-ac content ;
## i2b2: wordpress
## TERRIERS: redirect to lowercase
## TERRIERCARD: redirect to lowercase
## TELECOM: redirect to lowercase
## TESTPREP: redirect to lowercase
## TAD: redirect to lowercase
## TANGLEWOOD: redirect to lowercase
## THURMAN: redirect to lowercase
## TLTR: redirect to lowercase
## TRL: redirect to lowercase
## TRACK: redirect to lowercase
## TRANSPORTATION: redirect to lowercase
## TRUSTEESCHOLARS: redirect to lowercase
## TRANSGENIC: redirect to lowercase
## TSO: redirect to lowercase
## TSAI: redirect to lowercase
## OSP: redirect to lowercase
## OSFM: redirect to lowercase
## ORPM: redirect to lowercase
## ORIENTATION: redirect to lowercase
## OAS: redirect to lowercase
## OCS: redirect to lowercase
## OED2E: redirect to lowercase
## OEP: redirect to lowercase
## OFFICES: redirect to lowercase
## OMA: redirect to lowercase
## OM: redirect to lowercase
## ONLINE: redirect to lowercase
## OT: redirect to lowercase
## OUTDOOR: redirect to lowercase
## OUTREACH: redirect to lowercase
## COM-CSC: redirect to lowercase
## COM: redirect to lowercase
## CORE: redirect to lowercase
## COURSENET: redirect to lowercase
## COMP: redirect to lowercase
## COMMENCEMENT: redirect to lowercase
## COUNSELING: redirect to lowercase
## COMJOBS: redirect to lowercase
## COMMONGROUND: redirect to lowercase
## COPYRIGHT: redirect to lowercase
## COMMON-PLACE: redirect to lowercase
## COBTH: redirect to lowercase
## COGNEURO: redirect to lowercase
## COMMUNITY: redirect to lowercase
## COMPUTING: redirect to lowercase
## CONSTRUCTION: redirect to lowercase
## CC: redirect to lowercase
## CCBOARD: redirect to lowercase
## CCRD: redirect to lowercase
## CREW: redirect to lowercase
## CRE: redirect to lowercase
## CELOP: redirect to lowercase
## CEES: redirect to lowercase
## CENTERS: redirect to lowercase
## CECB: redirect to lowercase
## CEDH: redirect to lowercase
## CENSSIS: redirect to lowercase
## CET: redirect to lowercase
## CATHOLIC: redirect to lowercase
## CAREERS: redirect to lowercase
## CAS: redirect to lowercase
## CALENDAR: redirect to lowercase
## CASW: redirect to lowercase
## CASHELPDESK: redirect to lowercase
## CAMPAIGN: redirect to lowercase
## CASWRITING: redirect to lowercase
## CAB: redirect to lowercase
## CAGT: redirect to lowercase
## CASTLE: redirect to lowercase
## CAMPING: redirect to lowercase
## CDF: redirect to lowercase
## CD: redirect to lowercase
## CFA: redirect to lowercase
## CGS: redirect to lowercase
## CHAPEL: redirect to lowercase
## CHINESE: redirect to lowercase
## CHELSEA: redirect to lowercase
## CHEMISTRY: redirect to lowercase
## CHILDCOGNITION: redirect to lowercase
## CHECKPC: redirect to lowercase
## CHILDHOODTRAUMA: redirect to lowercase
## CISM: redirect to lowercase
## CLASSICS: redirect to lowercase
## CMRL: redirect to lowercase
## CME: redirect to lowercase
## CMLD: redirect to lowercase
## CMB: redirect to lowercase
## CPR: redirect to lowercase
## CSP: redirect to lowercase
## CSS: redirect to lowercase
## CTF: redirect to lowercase
## CULTURE: redirect to lowercase
## CULINARYARTS: redirect to lowercase
## CWF: redirect to lowercase
## CWC: redirect to lowercase
## WCP: redirect to lowercase
## WCREW: redirect to lowercase
## WELLNESS: redirect to lowercase
## WEBCENTRAL: redirect to lowercase
## WEBCAST: redirect to lowercase
## WEBLOGIN: redirect to lowercase
## WEBSUMMIT: redirect to lowercase
## WEBMAIL: redirect to lowercase
## WBBALL: redirect to lowercase
## WBUR: redirect to lowercase
## WHATSNEW: redirect to lowercase
## WHISTLINGDUCK: redirect to lowercase
## WIRELESS: redirect to lowercase
## WINE: redirect to lowercase
## WOMENSPOLO: redirect to lowercase
## WOMENSTUDIES: redirect to lowercase
## WOUNDBIOTECH: redirect to lowercase
## WORKANDFAMILY: redirect to lowercase
## WRITING: redirect to lowercase
## WTBU: redirect to lowercase
## WWWV: redirect to lowercase
## WhatsNew.html: redirect to lowercase
## DME: redirect to lowercase
## DINING: redirect to lowercase
## DIRECTORY: redirect to lowercase
## DISTED: redirect to lowercase
## DISABILITY: redirect to lowercase
## DISTANCE: redirect to lowercase
## DANIELSEN: redirect to lowercase
## DAR: redirect to lowercase
## DCG: redirect to lowercase
## DENTAL: redirect to lowercase
## DEV: redirect to lowercase
## DEANSHOST: redirect to lowercase
## DEAFSTUDIES: redirect to lowercase
## DEGREECOMPLETE: redirect to lowercase
## DSGSUPPORT: redirect to lowercase
## DUBLINSEMINAR: redirect to lowercase
## MORIN: redirect to lowercase
## MODL: redirect to lowercase
## MFLL: redirect to lowercase
## MFG: redirect to lowercase
## MFD: redirect to lowercase
## MAG: redirect to lowercase
## MAPS: redirect to lowercase
## MAP: redirect to lowercase
## MARCOM: redirect to lowercase
## MARSH: redirect to lowercase
## MARSHPLAZA: redirect to lowercase
## MASSTWINS: redirect to lowercase
## MATTDM: redirect to lowercase
## MATHFN: redirect to lowercase
## MACI: redirect to lowercase
## MCAPR: redirect to lowercase
## MCH: redirect to lowercase
## MCBB: redirect to lowercase
## MDRC: redirect to lowercase
## MEDIAGUIDEBOOK: redirect to lowercase
## MET: redirect to lowercase
## MEDSCHOOL: redirect to lowercase
## MEDIA: redirect to lowercase
## MEDIEVAL: redirect to lowercase
## MEDALUMNI: redirect to lowercase
## MILLE: redirect to lowercase
## MICROSCOPYLAB: redirect to lowercase
## MILITARY: redirect to lowercase
## MIH: redirect to lowercase
## MPACT: redirect to lowercase
## MSPHOTONICS: redirect to lowercase
## MVR: redirect to lowercase
## SPECCOL: redirect to lowercase
## SPIRITHEALTH: redirect to lowercase
## SPIDR: redirect to lowercase
## SPECIALREPORTS: redirect to lowercase
## SARGENT: redirect to lowercase
## SARPSYCH: redirect to lowercase
## SATELLITE: redirect to lowercase
## SAO: redirect to lowercase
## SARGENTCAMP: redirect to lowercase
## SARHOUSE: redirect to lowercase
## SAC: redirect to lowercase
## SSW: redirect to lowercase
## STH: redirect to lowercase
## STATS: redirect to lowercase
## STUDENTVILLAGE: redirect to lowercase
## STUDENTS: redirect to lowercase
## STRATCOM: redirect to lowercase
## SEARCH: redirect to lowercase
## SERVICES: redirect to lowercase
## SECURITY: redirect to lowercase
## SED: redirect to lowercase
## SEO: redirect to lowercase
## SECURITYINFO: redirect to lowercase
## SUMMERTERM: redirect to lowercase
## SUMMER: redirect to lowercase
## SOFTWARE: redirect to lowercase
## SOCIOLOGY: redirect to lowercase
## SOURCEGUIDE: redirect to lowercase
## SCHOOLS: redirect to lowercase
## SCOE: redirect to lowercase
## SCHOOLPHYS: redirect to lowercase
## SCARLETKEY: redirect to lowercase
## SCANNING: redirect to lowercase
## SFA: redirect to lowercase
## SHA: redirect to lowercase
## SHS: redirect to lowercase
## SHPRP: redirect to lowercase
## SIMULATION: redirect to lowercase
## SIL: redirect to lowercase
## SICKLECELL: redirect to lowercase
## SLONE: redirect to lowercase
## SMG-EM: redirect to lowercase
## SMEC: redirect to lowercase
## SMG: redirect to lowercase
## SYNT: redirect to lowercase
## SYSTEMS: redirect to lowercase
## SYSTEMS-SUPPORT: redirect to lowercase
## SYSTEMS-PROGRAMMING: redirect to lowercase
# This should be WordPress -dsmk 2017/07/18
#students content ;
## ISSO: redirect to lowercase
## ISCIP: redirect to lowercase
## IST: redirect to lowercase
## ISEC: redirect to lowercase
## IMAGES: redirect to lowercase
## IAR: redirect to lowercase
## IAJ: redirect to lowercase
## ICT: redirect to lowercase
## ICSHM: redirect to lowercase
## ICCE15: redirect to lowercase
## ICONS: redirect to lowercase
## ICE: redirect to lowercase
## IEDP: redirect to lowercase
## IGSW: redirect to lowercase
## IHI: redirect to lowercase
## IHS: redirect to lowercase
## IKONCOPY: redirect to lowercase
## ILJ: redirect to lowercase
## INFO: redirect to lowercase
## INST-TECH: redirect to lowercase
## INDEX: redirect to lowercase
## INDEX.HTML: redirect to lowercase
## INTERV: redirect to lowercase
## INJURYPSYCHOLOGY: redirect to lowercase
## INTERACTIVE: redirect to lowercase
## INFOSEC: redirect to lowercase
## IP: redirect to lowercase
## IR: redirect to lowercase
## IRSD: redirect to lowercase
## IRWA: redirect to lowercase
## IRAFA: redirect to lowercase
## IT_FRONT_OFFICE: redirect to lowercase
## IT: redirect to lowercase
## ITALIAN: redirect to lowercase
## IVCF: redirect to lowercase
## JOBS: redirect to lowercase
## JOURNALS: redirect to lowercase
## JTS2000: redirect to lowercase
## JUDICIALAFFAIRS: redirect to lowercase
## ADMISSIONS: redirect to lowercase
## ADMINISTRATION: redirect to lowercase
## ADVANCEMENT: redirect to lowercase
## ADMINSC: redirect to lowercase
## ASLLRP: redirect to lowercase
## ASSISTIVE_TECHNOLOGY: redirect to lowercase
## ASSIST_TECH: redirect to lowercase
## ASOR: redirect to lowercase
## ASTRONOMY: redirect to lowercase
## ASIANARC: redirect to lowercase
## AG: redirect to lowercase
## AGNI: redirect to lowercase
## AF-ROTC: redirect to lowercase
## AFR: redirect to lowercase
## AFAM: redirect to lowercase
## AFRICA: redirect to lowercase
## ACOR: redirect to lowercase
## ACCREDITATION: redirect to lowercase
## ACTUARY: redirect to lowercase
## ACOUSTICS: redirect to lowercase
## ACADEMY: redirect to lowercase
## AEMDPRL: redirect to lowercase
## AEC: redirect to lowercase
## AH: redirect to lowercase
## AIG: redirect to lowercase
## ALUMNI: redirect to lowercase
## ALDOLASE: redirect to lowercase
## ALBERT: redirect to lowercase
## ALZRESEARCH: redirect to lowercase
## AMNESP: redirect to lowercase
## AME: redirect to lowercase
## ANTHROP: redirect to lowercase
## ANXIETY: redirect to lowercase
## ANSWERS: redirect to lowercase
## ANEP: redirect to lowercase
## ANATOMY: redirect to lowercase
## ANATNEURO: redirect to lowercase
## APPLY: redirect to lowercase
## APHASIA: redirect to lowercase
## APARC: redirect to lowercase
## ARMYROTC: redirect to lowercase
## ART: redirect to lowercase
## ARTSAID: redirect to lowercase
## ARCHAEOLOGY: redirect to lowercase
## ARTAID: redirect to lowercase
## ARION: redirect to lowercase
## ARTSADMIN: redirect to lowercase
## ARCHAEOLOGYCENTER: redirect to lowercase
## ARMENIA: redirect to lowercase
## ATHLETICS: redirect to lowercase
## AV: redirect to lowercase
## Aux: redirect to lowercase
## PUBLICATIONS: redirect to lowercase
## PURCHASING: redirect to lowercase
## PUBLICHEALTHWORKFORCE: redirect to lowercase
## PCSC: redirect to lowercase
## PCMS: redirect to lowercase
## PCL: redirect to lowercase
## PIKE: redirect to lowercase
## PIN: redirect to lowercase
## POLISCI: redirect to lowercase
## POLICIES: redirect to lowercase
## POLICE: redirect to lowercase
## PARENTS: redirect to lowercase
## PARKING: redirect to lowercase
## PARTISANREVIEW: redirect to lowercase
## PACLAB: redirect to lowercase
## PARDEE: redirect to lowercase
## PATHOLOGY: redirect to lowercase
## PERSONNEL: redirect to lowercase
## PEHC: redirect to lowercase
## PERD: redirect to lowercase
## PHILO: redirect to lowercase
## PHOTONICS: redirect to lowercase
## PHOTO: redirect to lowercase
## PHYSICS: redirect to lowercase
## PROXY: redirect to lowercase
## PRC: redirect to lowercase
## PRSSA: redirect to lowercase
## PROVOST: redirect to lowercase
## PRELAW: redirect to lowercase
## PROCUREMENT: redirect to lowercase
## PRACTICE: redirect to lowercase
## PRJ: redirect to lowercase
## PRESIDENT: redirect to lowercase
## PROFESSIONAL: redirect to lowercase
## PROARTE: redirect to lowercase
## PSYCH: redirect to lowercase
## PSP: redirect to lowercase
## PT3: redirect to lowercase
## PTC: redirect to lowercase
## HOMEIMAGES: redirect to lowercase
## HOUSING: redirect to lowercase
## HOSPITALITY: redirect to lowercase
## HOTELCOMMONWEALTH: redirect to lowercase
## HOMECOMING: redirect to lowercase
## HHH: redirect to lowercase
## HELP: redirect to lowercase
## Help: redirect to lowercase
## HEALTHCONNECTION: redirect to lowercase
## HEALTHFIT: redirect to lowercase
## HCEP: redirect to lowercase
## HDWG: redirect to lowercase
## HDGOLF: redirect to lowercase
## HF: redirect to lowercase
## HILLEL: redirect to lowercase
## HISTORY: redirect to lowercase
## HISTORIC: redirect to lowercase
## HISTOLOGY: redirect to lowercase
## HIPART: redirect to lowercase
## HIPAA: redirect to lowercase
## HPL: redirect to lowercase
## HRC: redirect to lowercase
## HTMG: redirect to lowercase
## HUNTINGTON: redirect to lowercase
## Help: redirect to lowercase
## BUMS: redirect to lowercase
## BUbin: redirect to lowercase
## BUSDM: redirect to lowercase
## BUCDE: redirect to lowercase
## BULLETINS: redirect to lowercase
## BUMO: redirect to lowercase
## BUSINESS: redirect to lowercase
## BUFELLOW: redirect to lowercase
## BUOHC: redirect to lowercase
## BUMP: redirect to lowercase
## BUPP: redirect to lowercase
## BUT: redirect to lowercase
## BUILDINGBU: redirect to lowercase
## BUILD: redirect to lowercase
## BCDSP: redirect to lowercase
## BEANPOT-PARTY: redirect to lowercase
## BEHAVNEURO: redirect to lowercase
## BIKE: redirect to lowercase
## BIOINFORMATICS: redirect to lowercase
## BIOSKIN: redirect to lowercase
## BIOSQUARE: redirect to lowercase
## BINAURAL: redirect to lowercase
## BIOLOGY: redirect to lowercase
## BIOMED: redirect to lowercase
## BIOMEDIACENTER: redirect to lowercase
## BLAZARS: redirect to lowercase
## BME: redirect to lowercase
## BOSTONIA: redirect to lowercase
## BOOKS: redirect to lowercase
## BPT: redirect to lowercase
## BRIDGE: redirect to lowercase
## BRAINTREE: redirect to lowercase
## BRUSSELS: redirect to lowercase
## BRAVI: redirect to lowercase
## BSL: redirect to lowercase
## BTM: redirect to lowercase
## BWHS: redirect to lowercase
## KARYSTOS: redirect to lowercase
## NEWS: redirect to lowercase
## NEWMAN: redirect to lowercase
## NEWSWIRE: redirect to lowercase
## NEURO: redirect to lowercase
## NEUROPSYCHOLOGY: redirect to lowercase
## NEWMEDIA: redirect to lowercase
## NEMS: redirect to lowercase
## NEURAL: redirect to lowercase
## NAITEST: redirect to lowercase
## NARRATIVE: redirect to lowercase
## NIS: redirect to lowercase
## NITRIDES: redirect to lowercase
## NIDA-MRC: redirect to lowercase
## nisdev-NI-location: redirect to lowercase
## NOX: redirect to lowercase
## NROTC: redirect to lowercase
## NSEG: redirect to lowercase
## NSG: redirect to lowercase
## NUTRITION: redirect to lowercase
## EAS: redirect to lowercase
## ECE: redirect to lowercase
## ECON: redirect to lowercase
## ECOLOGYONLINE: redirect to lowercase
## EDUCATION: redirect to lowercase
## EDITINST: redirect to lowercase
## EFORWARDING: redirect to lowercase
## EHS: redirect to lowercase
## EHS-MC: redirect to lowercase
## EHSMC: redirect to lowercase
## ENGLISH: redirect to lowercase
## ENG: redirect to lowercase
## ENCODER: redirect to lowercase
## ENGIT: redirect to lowercase
## ENTREPRENEURSHIP: redirect to lowercase
## EPISCOPAL: redirect to lowercase
## ERC: redirect to lowercase
## ES: redirect to lowercase
## ESA: redirect to lowercase
## ESO: redirect to lowercase
## ETC: redirect to lowercase
## EVENTS: redirect to lowercase
## EVERGREEN: redirect to lowercase
## EXERCISEANDCANCER: redirect to lowercase
## EXTENDED: redirect to lowercase
## EXPLORATIONS: redirect to lowercase
## FACULTY-COUNCIL: redirect to lowercase
## FAMILY: redirect to lowercase
## FACULTY: redirect to lowercase
## FAVORITEPOEM: redirect to lowercase
## FAFC: redirect to lowercase
## FAMMED: redirect to lowercase
## FAMILYMED: redirect to lowercase
## FAQS: redirect to lowercase
## FEATURES: redirect to lowercase
## FHCMI: redirect to lowercase
## FINAID: redirect to lowercase
## FINPLANNERS: redirect to lowercase
## FORMS: redirect to lowercase
## FOO: redirect to lowercase
## FSL: redirect to lowercase
## FSAP: redirect to lowercase
## FSAO: redirect to lowercase
## GEDDES: redirect to lowercase
## GEP: redirect to lowercase
## GENEPD: redirect to lowercase
## GERONTOLOGY: redirect to lowercase
## GENETICS: redirect to lowercase
## GENOME: redirect to lowercase
## GIFT: redirect to lowercase
## GIVING: redirect to lowercase
## GIVETHEPOINT: redirect to lowercase
## GLOBAL: redirect to lowercase
## GLC: redirect to lowercase
## GLOBALMFG: redirect to lowercase
## GOGLOBAL: redirect to lowercase
## GRAPHICS: redirect to lowercase
## GRS: redirect to lowercase
## GSU: redirect to lowercase
## Games: redirect to lowercase
## QALE: redirect to lowercase
## QIL: redirect to lowercase
## QUANTUM: redirect to lowercase
## QUITNET: redirect to lowercase
## RAYLEIGH: redirect to lowercase
## RCRC: redirect to lowercase
## RC: redirect to lowercase
## RCL: redirect to lowercase
## REHAB: redirect to lowercase
## RELIGION: redirect to lowercase
## REG: redirect to lowercase
## RESNET: redirect to lowercase
## RESOURCES: redirect to lowercase
## REUNION: redirect to lowercase
## RESLIFE: redirect to lowercase
## RESEARCH: redirect to lowercase
## RECORDING: redirect to lowercase
## REPORTS: redirect to lowercase
## REMOTESENSING: redirect to lowercase
## RESILIENCE: redirect to lowercase
## RECYCLING: redirect to lowercase
## REMEMBER: redirect to lowercase
## REMAN: redirect to lowercase
## RISK: redirect to lowercase
## ROYBAL: redirect to lowercase
## ROR: redirect to lowercase
## RRTCOUT: redirect to lowercase
## RS: redirect to lowercase
## UB: redirect to lowercase
## UCTECH: redirect to lowercase
## UC: redirect to lowercase
## UIS: redirect to lowercase
## UISACS: redirect to lowercase
## UNI: redirect to lowercase
## UNION: redirect to lowercase
## UNIVCOMP: redirect to lowercase
## URC: redirect to lowercase
## URGENT: redirect to lowercase
## UROP: redirect to lowercase
## UR: redirect to lowercase
## USSI: redirect to lowercase
## USC: redirect to lowercase
## VCB: redirect to lowercase
## VENDING: redirect to lowercase
## VISIT: redirect to lowercase
## VIRTUALPATIENT: redirect to lowercase
## VIDEO: redirect to lowercase
## XYZ: redirect to lowercase
## YAC: redirect to lowercase
## YEARBOOK: redirect to lowercase
htbin.ph content ;
htmg content ;
hts-core content ;
## htpp: wordpress
html-email app ;
htc content ;
hagen content ;
## handbook: wordpress
haneke content ;
hasselmo content ;
haydn content ;
## haitihelp: wordpress
## hanlab: wordpress
haydarlab content ;
halloween content ;
hariri content ;
hdgolf content ;
hdr content ;
hdhd content ;
hdwg content ;
hcep content ;
help content ;
healthconnection content ;
healthfit content ;
helpinfo content ;
healthyminds content ;
herbalstudy content ;
hem-masters content ;
healthmba content ;
healthmatters content ;
## hf: wordpress
## hhh: wordpress
## hillel: wordpress
history/gradconference content ;
history/APHI content ;
history/apps content ;
## history: wordpress
historic content ;
histology content ;
hipart content ;
hipaa content ;
hilleldining content ;
high-throughput content ;
## hicse: wordpress
## hic: wordpress
hi content ;
hiccse content ;
hj2013 content ;
homeimages content ;
## housing: wordpress
home content ;
home-media content ;
hospitality/revenator content ;
hospitality/wp-assets content ;
## hospitality: wordpress
homecoming content ;
hotelcommonwealth content ;
holmul content ;
## honoringeve: wordpress
housing2010 content ;
hoarding content ;
homepage content ;
hockeygolf content ;
homepage2 content ;
## hockey-task-force: wordpress
## homiletical-theology-project: wordpress
honordeanwells content ;
honordeanmeenan content ;
hpcworkshop content ;
hpl content ;
hprp content ;
## hps-scied: wordpress
## hrc: wordpress
hr/flash content ;
hr/articulate content ;
hr/documents content ;
## hr: wordpress
hre content ;
## hrpi: wordpress
## hsdeptclined: wordpress
huntington content ;
humandevelopment content ;
## humanities: wordpress
hydrology content ;
games content ;
galacticring content ;
gastronomy content ;
glaisne content ;
## global: wordpress
glc content ;
globalmfg content ;
globalexec content ;
globalbeat content ;
globalmediakit content ;
glacier content ;
## globallyspeaking: wordpress
## globaltoast: wordpress
globaloperations content ;
## globalops-questionnaire: wordpress
globaldayofservice content ;
## globalprograms: wordpress
globalquestionnaire content ;
global-crisis content ;
globe content ;
globaldaysofservice/logyourhours content ;
## globaldaysofservice: wordpress
## globalhealthtechnologies: wordpress
graphics content ;
grs content ;
green content ;
## greeklife: wordpress
grenoble content ;
## greetbu: wordpress
gradanniversary1966 content ;
gradanniversary1991 content ;
gradanniversary2006 content ;
gradanniversary2011 content ;
gradanniversary2015 content ;
gcc content ;
## gc: wordpress
## gdp: wordpress
gds content ;
## gdrs: wordpress
geddes/kanji content ;
geddes/course content ;
## geddes: wordpress
gep content ;
gegi content ;
gerontology content ;
generalsurgery content ;
genome content ;
genetics content ;
geriatrics content ;
## geography: wordpress
gensex content ;
## geneva: wordpress
geophysics content ;
geochemistry content ;
geosciences content ;
geology content ;
geoscience content ;
getready content ;
## gened: wordpress
ghi content ;
ghpci content ;
## ghc: wordpress
## ghblast: wordpress
## ght-zanzibarbar: wordpress
gift content ;
giving content ;
givethepoint content ;
givetoday content ;
givingback content ;
giveonline content ;
## gipgap: wordpress
giftcalculator content ;
give content ;
give2busm content ;
giveclassgift content ;
givingday content ;
givethroughbu content ;
givingsocieties content ;
givetobu content ;
givingtuesday content ;
givetobuti content ;
givingmatters content ;
givetowtbu content ;
give2questrom content ;
gk12 content ;
gms content ;
goglobal content ;
go content ;
google665a4eb2dcd06afe.html content ;
googlehostedservice.html content ;
googlesites content ;
google content ;
gobu content ;
govcenter content ;
google9f2e7abecb89081e.html content ;
google46db49694c214422.html content ;
googlec64352682593c8e8.html content ;
google99ca0794d90971e7.html content ;
## gpgg: wordpress
gpmm content ;
gpto content ;
gpts/wp-assets content ;
## gpts: wordpress
## gplc: wordpress
gsu content ;
gsm content ;
## gso: wordpress
gsi content ;
## gwise: wordpress
gyoung content ;
g2kge content ;
abl content ;
abroad-dublin content ;
## abroad: wordpress
abroadatbu content ;
aboutcgs content ;
abroad2 content ;
## abrahamicreligionssymposium: wordpress
act content ;
academics/archive content ;
## academics: wordpress
acor content ;
actuary content ;
accreditation content ;
acoustics content ;
academy content ;
actforhealth content ;
acs content ;
## aceilab: wordpress
aclonline content ;
academics-archive content ;
academics-staging-backup content ;
academics-prod-backup content ;
addictions/wp-assets content ;
## addictions: wordpress
admissions/applicantlink content ;
admissions/telegraph content ;
admissions/presenter content ;
## admissions: wordpress
addiction content ;
advancement content ;
## adminsc: wordpress
adlab content ;
admissionsstatic content ;
## admissions-signage: wordpress
## admissions-event-manager-backup: wordpress
## aac: wordpress
## aat: wordpress
aaastudy content ;
afox content ;
af-rotc content ;
afr content ;
## afam: wordpress
africa/wp-assets content ;
africa/publication-assets content ;
## africa: wordpress
afrotc content ;
anajam content ;
## anthrop: wordpress
anxiety content ;
answers content ;
anep content ;
anatomy content ;
anatneuro content ;
animal content ;
annualfund content ;
## anderssonlab: wordpress
## analesgaldosianos: wordpress
## animalcare: wordpress
analytical-core content ;
annualfundroster content ;
annualgiving content ;
apreso content ;
apply content ;
## aphasia: wordpress
aparc content ;
## apcsc: wordpress
## apfd: wordpress
## applied-linguistics: wordpress
## aphasiacenter: wordpress
## aphasiaresearch: wordpress
apps-rewrite content ;
## apls: wordpress
## aparcrt: wordpress
## apr: wordpress
apc content ;
## aphasiareflections: wordpress
## ap: wordpress
api content ;
arn content ;
## archaeology: wordpress
archive-vista content ;
arion/wp-assets content ;
arion/forms content ;
## arion: wordpress
armyrotc content ;
## art: wordpress
artsaid content ;
artaid content ;
## artsadmin: wordpress
armenia content ;
## art.ro: wordpress
archives content ;
arthritis-center content ;
## ars: wordpress
archsci content ;
## arts: wordpress
arche content ;
army content ;
ar content ;
arlington content ;
artslive content ;
## arcs: wordpress
## arrows: wordpress
## artsnow: wordpress
## artofpoetry: wordpress
aemdprl content ;
aeacus content ;
aegdalumnidinner content ;
ag content ;
## agep: wordpress
agni content ;
agganis content ;
## agingbrain: wordpress
agganis-redesign content ;
## ah: wordpress
aig content ;
airo content ;
aias content ;
## aiaa: wordpress
## ajlm: wordpress
alumni/images content ;
alumni/common content ;
## alumni: wordpress
alert content ;
aldolase content ;
albert content ;
alzresearch/wp-assets content ;
## alzresearch: wordpress
## alumniweekend: wordpress
## allocate: wordpress
## alcohol-forum: wordpress
alumni-forms content ;
## alpha-1: wordpress
alumnicollege content ;
alumnirelations content ;
alistaircooke content ;
alcoholeducationforyouth content ;
alumnicenter content ;
## amnesp: wordpress
ame content ;
## amyloid: wordpress
amp content ;
aodhealth content ;
asllrp content ;
assistive_technology content ;
assist_tech content ;
asor content ;
astronomy/ast_display content ;
astronomy/wp-assets content ;
astronomy/visualizations content ;
## astronomy: wordpress
## asianarc: wordpress
## asian: wordpress
asianalumni content ;
athletics content ;
atssa content ;
atttend content ;
attend content ;
attention content ;
athchallenge content ;
aux content ;
## autism: wordpress
auctions content ;
auckland content ;
## auxiliary-services: wordpress
## autismconnections: wordpress
av content ;
avl content ;
avtonkov-today2 content ;
## awship: wordpress
awrecentgrads content ;
## APPLY: redirect to lowercase
coursenet content ;
computing content ;
comjobs content ;
coredesign content ;
com/givetoday content ;
com/playitforward content ;
com/greatdebate content ;
com/test content ;
com/scripts content ;
com/ndow content ;
com/networking content ;
com/course-feeds content ;
com/beaudoin-review content ;
com/narrative content ;
com/flash content ;
com/support-necir content ;
com/humor content ;
com/pradvanced content ;
com/crc content ;
com/lib content ;
com/redstonenyc content ;
com/redstonewest content ;
com/linkedin content ;
com/registration content ;
com/special content ;
com/socialmediaday content ;
com/orientation content ;
com/live-it content ;
com/ems-review content ;
com/mobile-life-workshop content ;
com/necir-registration content ;
com/amp-registration content ;
com/design-request content ;
com/cmcs content ;
com/new-courses content ;
com/dar content ;
com/lambert-review content ;
com/data-storytelling content ;
com/graduate content ;
com/daly-review content ;
com/labor-films content ;
com/jaramillo-review content ;
com/wu-review content ;
com/student-magazines content ;
com/graduate-programs content ;
com/supa-review content ;
com/film-tv-facts content ;
com/photo-workshops content ;
com/hong-review content ;
com/science-storytelling content ;
com/wtbu-radio content ;
com/groshek-review content ;
com/sports_institute content ;
com/images content ;
com/includes content ;
## com: wordpress
com-csc content ;
commencement/wp-assets content ;
## commencement: wordpress
comp content ;
## core: wordpress
counseling content ;
complete content ;
commonground content ;
copyright content ;
common-place content ;
cobth content ;
## cogneuro: wordpress
## community: wordpress
construction content ;
comit content ;
## cod: wordpress
countdown content ;
corpfound content ;
coi content ;
common content ;
contact content ;
## cores: wordpress
coreframework content ;
conscious content ;
commsurvey content ;
## com-careers: wordpress
## comet: wordpress
com-dean-search content ;
composition content ;
cohenchallenge content ;
commavefair content ;
copley content ;
collegechampion content ;
computational-biomedicine content ;
connect content ;
## cort: wordpress
compbiomed content ;
## comtalk: wordpress
courseware-manager django ;
compnet content ;
## codes: wordpress
## corporations: wordpress
congregationalstudies content ;
## comlabs: wordpress
comm content ;
## consumer: wordpress
computationalimmunology/documentation content ;
## computationalimmunology: wordpress
com100 content ;
compliance/videos content ;
## compliance: wordpress
cohstar/wp-assets content ;
## cohstar: wordpress
casw content ;
cagt content ;
caryl content ;
## careers: wordpress
camping content ;
cas/common content ;
cas/invite content ;
cas/newsletter content ;
cas/impactx2 content ;
cas/ar content ;
cas/wp-assets content ;
cas/telegraph content ;
cas/magazine content ;
## cas: wordpress
catholic content ;
calendar content ;
cashelpdesk content ;
## castle: wordpress
campaign/docs content ;
## campaign: wordpress
cawses content ;
caswriting content ;
cab content ;
caadlab content ;
careerex content ;
cap content ;
## card: wordpress
## cache: wordpress
cateringonthecharles content ;
## carnalknowledge: wordpress
## campussurvey: wordpress
cardiothoracicmain content ;
care content ;
casinternal content ;
caswpinternal content ;
cascsg content ;
cas-scholars content ;
caregivinghealthresearch content ;
casstudentacademiclife content ;
casdemo content ;
## casecomp: wordpress
## cas-tenure: wordpress
## cas-promotion: wordpress
casgov content ;
## casadvising: wordpress
## caspreprofessional: wordpress
## casprograms: wordpress
## case-melville: wordpress
cardiovascular-medicine content ;
campaignlaunch content ;
campaignvip content ;
campaignkickoff content ;
## campaignkickoffvip: wordpress
## casit: wordpress
## cader: wordpress
## caderonline: wordpress
## catering: wordpress
## cards: wordpress
cac content ;
## cas-academic-integrity: wordpress
cball content ;
cbm content ;
## cbss: wordpress
cdaly content ;
cdn content ;
## cdl: wordpress
cd content ;
cdc2007 content ;
cermak content ;
## cecb: wordpress
## ceit: wordpress
## cees: wordpress
celop/dev content ;
## celop: wordpress
centers content ;
cedh content ;
censsis content ;
## celop-hub: wordpress
## cet: wordpress
ce content ;
celebrationvip content ;
cellular-imaging content ;
## center-for-anxiety-related-disorders: wordpress
cellphone-compliance django ;
celebrationofbu content ;
ceei content ;
cel content ;
centurychallenge content ;
celebrationcake content ;
ces content ;
cgs-events content ;
cgs/wp-assets content ;
## cgs: wordpress
## cgcm: wordpress
cghd/wp-assets content ;
## cghd: wordpress
cga content ;
cgap content ;
## cgsa: wordpress
## cghdac: wordpress
cgs60th content ;
## cgsnow: wordpress
## ckls: wordpress
classgift content ;
clarion content ;
classics/wp-assets content ;
## classics: wordpress
## clas: wordpress
## classrooms: wordpress
climate content ;
clerkship-subinternship content ;
cleanenergyventures content ;
classroom content ;
cliveg content ;
clinicalinvestigation content ;
csharp content ;
## csmet: wordpress
csp/uv content ;
csp/PASS content ;
csp/Conferences content ;
csp/seminar content ;
csp/pss2012 content ;
csp/MUAN content ;
csp/trespass content ;
csp/hall_display content ;
## csp: wordpress
## csc: wordpress
css content ;
## cste: wordpress
## cscd: wordpress
cs/wp-assets content ;
## cs: wordpress
csiacademy content ;
## csn: wordpress
cc content ;
ccboard content ;
ccrd content ;
## ccsr: wordpress
## cci: wordpress
## ccs: wordpress
cfa/incite content ;
cfa/johndaverio content ;
cfa/bcap content ;
cfa/ppc1 content ;
cfa/musiceducation.bu.edu content ;
cfa/ppc2 content ;
cfa/wp-assets content ;
cfa/ppc3 content ;
cfa/ppc4 content ;
cfa/ppc5 content ;
cfa/ppc6 content ;
## cfa: wordpress
cfdi content ;
cfa-alumni content ;
## cfa-dean-search: wordpress
cfait content ;
## cfo: wordpress
## cflp: wordpress
## cftcc: wordpress
## chapel: wordpress
choosemet content ;
## charlesmed: wordpress
charles content ;
chinese content ;
## childlab: wordpress
## chemistry: wordpress
## childlanguage: wordpress
childcognition content ;
checkpc content ;
childhoodtrauma content ;
chelmsford content ;
## changingthegame: wordpress
childlabs content ;
citylabacademy content ;
cise content ;
cism content ;
civsa content ;
## cityplanning: wordpress
ciap content ;
citylab content ;
citylab-olc content ;
cip content ;
## cims: wordpress
citycoboston content ;
cilse content ;
citycoboston.bak content ;
ciswh content ;
cmrl content ;
cme content ;
cmld content ;
## cmb: wordpress
cmmh content ;
cmetips content ;
cms content ;
## cmu: wordpress
## cms-uploads: wordpress
cmezian content ;
## cmd: wordpress
cnn-nanocancer content ;
cpr content ;
## cpt: wordpress
cphs/archive content ;
## cphs: wordpress
crew content ;
crtimes content ;
creative content ;
cre content ;
crossdomain.xml content ;
## creedd: wordpress
crro content ;
## creativewriting: wordpress
crm content ;
## crowdfunding: wordpress
cruiseandlearn content ;
ctf content ;
## ctsi: wordpress
## cte: wordpress
## ctl: wordpress
culture content ;
culinaryarts content ;
## cura: wordpress
cughdental content ;
cvn content ;
cwf content ;
cwc content ;
search content ;
## sequitur: wordpress
security/advisories content ;
## security: wordpress
services content ;
sed/wp-assets content ;
## sed: wordpress
## seo: wordpress
securityinfo content ;
senlab content ;
## se: wordpress
session content ;
sep content ;
securitycamp content ;
securitycampimport content ;
## sendoffs: wordpress
## sedtfa: wordpress
seniors content ;
## service: wordpress
seaurchinmeeting2011 content ;
sedreadingclinic/wp-assets content ;
## sedreadingclinic: wordpress
service-now content ;
sedimc content ;
secret content ;
## sed-gpape: wordpress
## selstaff: wordpress
## sed-jsp: wordpress
## sedaccepted: wordpress
## segrelab: wordpress
## sed-gsa: wordpress
se-demo content ;
## sedadmitted: wordpress
sedigital content ;
## students: wordpress
## staff: wordpress
## sth: wordpress
sthacker content ;
stats content ;
stayemployed content ;
startup content ;
strategicreport content ;
studentvillage content ;
stratcom content ;
studentvillage2 content ;
studentexperience content ;
stationery content ;
## stem: wordpress
stepup content ;
## sthlibrary: wordpress
sthope content ;
stimulus content ;
## statehouse: wordpress
## stat: wordpress
studio content ;
stamasfund content ;
state content ;
## studentaccountingservices: wordpress
## studentloanaccounting: wordpress
## sth-history: wordpress
## studentleader: wordpress
## sthconnect: wordpress
storage-admin content ;
sthfulladmission content ;
studyfinder content ;
stemcells content ;
## sth-directory: wordpress
## studentactivities: wordpress
sth-sc content ;
studentgov content ;
study content ;
story content ;
stay content ;
stay-test content ;
## sth-mentors: wordpress
stugov content ;
sac content ;
sara content ;
sao content ;
sargent/wp-assets content ;
## sargent: wordpress
sarpsych content ;
satellite content ;
sargentcamp content ;
sargent.ro/wp-assets content ;
## sargent.ro: wordpress
sarhouse content ;
safety/stand-up content ;
## safety: wordpress
sargenteconnection content ;
sandbox content ;
## sargentchoice: wordpress
sardlb content ;
samlab content ;
saa content ;
## sarp: wordpress
sargentluncheon content ;
## sage: wordpress
sarorder content ;
sarptat content ;
## sargentservice: wordpress
## salariedlecturers: wordpress
shawnp content ;
sha content ;
## shs: wordpress
shprp content ;
showme content ;
## shaw: wordpress
## sha-dean-search: wordpress
## shanghai: wordpress
shongchallenge content ;
## sicklecell: wordpress
silber content ;
simulation content ;
sil content ;
## sir: wordpress
sif content ;
## sicklegen: wordpress
sixsixty content ;
sites content ;
smhaley content ;
smscint content ;
smg-em content ;
## smscinst: wordpress
smg-event content ;
smec content ;
smg content ;
## smartlighting: wordpress
smgalum content ;
## smgmarcom: wordpress
## smg-dean-search: wordpress
smghonors content ;
## smartmoney101: wordpress
smartcities content ;
## smg100: wordpress
smgcentennial content ;
sm322 content ;
suemac content ;
summerterm content ;
summer content ;
## surf: wordpress
suppliers content ;
supplier content ;
## sustainability: wordpress
supportingbusm content ;
survey content ;
summerfun content ;
supportrotc content ;
supportbu content ;
supportpmh content ;
supportquestrom content ;
## susilo: wordpress
supportanatomylab content ;
supportaphasiacenter content ;
summerinternhousing content ;
sbrptraining content ;
## sbd: wordpress
scoe content ;
sccc content ;
schools content ;
schoolphys content ;
scarletkey content ;
## scanning: wordpress
scscb content ;
scibowl content ;
scv content ;
scenery content ;
sciguide content ;
scv_import content ;
## scriparts: wordpress
schneiderslab content ;
schoolofeducation content ;
schneider content ;
scnutrition content ;
scnc/wp-assets content ;
## scnc: wordpress
scarlet-squad content ;
sclerodermaworkshop content ;
schroeter content ;
sci content ;
## sdll: wordpress
sfa content ;
## sfsf: wordpress
sjmag content ;
## slone: wordpress
sleeplab content ;
50000 content ;
sleepmed content ;
slatkin content ;
## sloan: wordpress
snc content ;
snl content ;
sn content ;
sncn content ;
## sociology: wordpress
software content ;
sourceguide content ;
sourcing/contracted_suppliers_ui content ;
## sourcing: wordpress
south content ;
southfloridacelebratesbu content ;
speccol content ;
spirithealth content ;
spidr content ;
sph/wp-assets content ;
## sph: wordpress
specialreports content ;
## sportsmedicine: wordpress
sports content ;
space content ;
spectrumarts content ;
## sps: wordpress
sph-imports content ;
sportsmed content ;
## speechlab: wordpress
## specialty: wordpress
## sph-coalitions: wordpress
srp content ;
ssw/common content ;
ssw/wp-assets content ;
ssw/usfostercare app ;
## ssw: wordpress
## sswit: wordpress
sscores/downloads content ;
## sscores: wordpress
sswphd content ;
## swrnet: wordpress
synt content ;
## systems: wordpress
## systems-support: wordpress
systems-programming content ;
sysprg content ;
synesthesia content ;
## synapse: wordpress
## sydney: wordpress
systemsbiology content ;
synbio content ;
## systems-programming.RESTORED: redirect to lowercase
faculty/ear content ;
## faculty: wordpress
faculty-council content ;
## family: wordpress
favicon.ico content ;
favoritepoem content ;
## families: wordpress
fafc/wp-assets content ;
## fafc: wordpress
fammed content ;
familymed/forms content ;
familymed/distance content ;
familymed/meddebt content ;
## familymed: wordpress
faqs content ;
fabde content ;
facilities/webcams content ;
## facilities: wordpress
fafc-files content ;
fames content ;
facultycentral content ;
faculty-funding content ;
faculty-mslade1 content ;
facultycouncil content ;
fanboyfoodtruck content ;
fafc-temp content ;
facial-rejuvenation content ;
fetters content ;
features content ;
## federal: wordpress
feltensteinchallenge content ;
festival content ;
franco content ;
freshmen content ;
frydmanlab content ;
frombtou content ;
forms content ;
foo content ;
forums content ;
foodandwine content ;
formerworker content ;
forensicinvestigation content ;
forensicanthro content ;
forse content ;
## foundations: wordpress
## foreignpolicyconf: wordpress
forensics content ;
foodallergy content ;
fcoi content ;
fd content ;
## fdretf: wordpress
fhcmi content ;
## fhs: wordpress
finaid/pdfs content ;
finaid/fedfunds content ;
finaid/status_documents content ;
finaid/test content ;
## finaid: wordpress
finplanners content ;
## fitrec: wordpress
firesafety content ;
fifty-states content ;
finance content ;
## firstpoint: wordpress
flexi-basic content ;
## flow-cytometry: wordpress
## fluidlab: wordpress
flexi-framework content ;
florencenightingale content ;
fmherbalstudy content ;
## fps: wordpress
fsap content ;
fsl content ;
## fsao: wordpress
ftl content ;
## ftcc: wordpress
ftp-survey content ;
futuremba content ;
## fye: wordpress
fysopstyle content ;
fy103 content ;
prism content ;
prc content ;
presidentsearch content ;
## prelaw: wordpress
procurement content ;
## prlab: wordpress
provost/secure content ;
provost/admin content ;
provost/complexity2008 content ;
## provost: wordpress
## proxy: wordpress
prs content ;
prj content ;
prssa content ;
premed content ;
president content ;
professional content ;
prerelease content ;
proarte content ;
prostars content ;
preview content ;
protected content ;
## projectgo: wordpress
provost2 content ;
projects content ;
printcenter content ;
prudential content ;
prevmedresidency content ;
## premodern: wordpress
## professorvoices: wordpress
proposaldevelopment content ;
## presidential-functions: wordpress
## prehealth: wordpress
preservation content ;
pathology content ;
padova content ;
parklab content ;
## pardee: wordpress
parking/dbtemplates content ;
## parking: wordpress
partisanreview content ;
parfund content ;
paideia content ;
## parentsprogram: wordpress
parentsweekend content ;
pace content ;
paiella content ;
## parkinsonsdisease: wordpress
## panek: wordpress
## paris: wordpress
## pasi: wordpress
pardeestaff content ;
## parentmagazine: wordpress
## padua: wordpress
payment content ;
## paprogram: wordpress
parkstreet content ;
## pasi-tsunami: wordpress
parentfund content ;
parents content ;
## payroll: wordpress
paadmissions content ;
## pardeeschool: wordpress
## parttimefaculty: wordpress
parentgifts content ;
parentsupport content ;
## paymentservices: wordpress
## pdc: wordpress
## pdme: wordpress
## photonics-reu: wordpress
## philo: wordpress
## photonics: wordpress
photo content ;
physics content ;
phpbin phpbin ;
phpbin.rw phpbin ;
phylogeny content ;
phys-biophys content ;
phpbin.ro phpbin ;
phhprc content ;
## pharm: wordpress
## photonics-ret: wordpress
phpbin-selector phpbin ;
ph123 content ;
## FOO: redirect to lowercase
pnemec content ;
polymer content ;
## polisci: wordpress
## policies: wordpress
police content ;
porco content ;
posenprogram content ;
pocketmba content ;
postdocs content ;
pzekos content ;
## pcsc: wordpress
pcms content ;
## pcl: wordpress
pci content ;
pc content ;
pehc content ;
personnel content ;
perd content ;
pep content ;
pehs content ;
pemba content ;
peeradvising content ;
peaclab/temm11 content ;
peaclab/apmmi11 content ;
## peaclab: wordpress
## peermentor: wordpress
perlstaff content ;
## pemba-ga: wordpress
## pemba-part-time: wordpress
## pembainfo: wordpress
pemba-essays content ;
pike content ;
pin content ;
## picf: wordpress
## pilj: wordpress
pipgiving content ;
## playwriting: wordpress
playground content ;
plan2015 content ;
plannedgiving content ;
plakias content ;
pm content ;
psp content ;
psych/charris content ;
## psych: wordpress
psc content ;
## psychdiversity: wordpress
pt3 content ;
ptc content ;
## ptresidency: wordpress
ptfellowship/wp-assets content ;
## ptfellowship: wordpress
publications content ;
purchasing content ;
pusteblume content ;
publichealthworkforce content ;
pulmonary-test content ;
pulmonarycenter content ;
pulmonary content ;
publicsafety content ;
## p2p: wordpress
p2pguide content ;
## news: wordpress
newindex.html content ;
newswire content ;
newindex2.html content ;
newindex3.html content ;
newindex4.html content ;
newman content ;
## neuro: wordpress
## neuropsychology: wordpress
newmedia content ;
nems content ;
neural content ;
## neidl: wordpress
## neuroscience: wordpress
neuromusculardisease content ;
## neuron: wordpress
neurorehab/wp-assets content ;
## neurorehab: wordpress
netreg content ;
neuroengineering content ;
## nehsummerworkshop: wordpress
neurorehabilitationlab content ;
## neft: wordpress
## networks: wordpress
## nerscic: wordpress
new2bu content ;
## neh: wordpress
newyear content ;
## nephtc: wordpress
newyorkeveningwithbu content ;
newyorkcelebratesbu content ;
## neurophotonics-nrt: wordpress
narrative content ;
naeser content ;
nano content ;
navyrotc content ;
nanoheat content ;
nassr2013 content ;
nassr-2013/wp-assets content ;
## nassr-2013: wordpress
## nano-bu: wordpress
naturalconference content ;
## nfc: wordpress
## nf-kb: wordpress
nis content ;
nitrides content ;
nida-mrc content ;
nis-sym content ;
nisdev content ;
nis-bkup content ;
nisprod content ;
nisprojects content ;
nisguide content ;
## nishd: wordpress
niscms content ;
nislab content ;
nightingale content ;
niteo content ;
## nm: wordpress
nml content ;
## nmrc: wordpress
nox content ;
northcampus content ;
north-campus content ;
## noyce: wordpress
northmba content ;
nonprofitmba content ;
## npl: wordpress
nrotc content ;
## nrc: wordpress
nseg content ;
## nsg: wordpress
## ntt: wordpress
laloba content ;
law/communications content ;
law/graphics content ;
law/seipp content ;
law/events content ;
law/workingpapers-archive content ;
law/journals-archive content ;
## law: wordpress
lawlibrary content ;
lawdean content ;
lamilpa content ;
laane content ;
## lab: wordpress
law.bkup content ;
## las: wordpress
lamovie content ;
old.law content ;
lawyearbooks content ;
laprogram/wp-assets content ;
## laprogram: wordpress
language content ;
## lawav: wordpress
laverdes content ;
lawgiving content ;
latenightkitchen content ;
## lawlibintranet: wordpress
## lancet-commission-essential-medicines-policies: wordpress
law-pub app ;
lacelebratesbu content ;
languagelearning content ;
ljerrett content ;
lcme content ;
## lcsc: wordpress
lcemp content ;
lecture content ;
lernet content ;
leegroup content ;
leboha content ;
## lesotho: wordpress
## lecturesincriticism: wordpress
## leed: wordpress
## learninglab: wordpress
levantine-ceramics content ;
leading-by-example content ;
learn content ;
leed100bsr content ;
leadershipgifts content ;
leadershipgiving content ;
leadershipsupport content ;
leap content ;
## leap-lp: wordpress
libdb-old content ;
libdb content ;
library/wp-assets content ;
library/primo content ;
## library: wordpress
linguistics content ;
libdb-tst content ;
liberalstudies content ;
linguistics.ro content ;
literary content ;
links content ;
lifelong content ;
lifelonglearning content ;
lifebook content ;
lite content ;
lifesciences content ;
life content ;
linux content ;
links2 content ;
linga content ;
liveon content ;
## litphil: wordpress
libfiles content ;
library-workflow content ;
lmn content ;
lms content ;
lovecanal content ;
login content ;
logout content ;
## london: wordpress
## losangeles: wordpress
loyaltysociety content ;
loyalty content ;
lutheran content ;
lungs content ;
luce content ;
lully content ;
lu-lingzi-fund content ;
## lvn: wordpress
webmail content ;
weblogin content ;
websummit content ;
webcast content ;
## wellness: wordpress
webcentral/common content ;
## webcentral: wordpress
webteam/mgburns content ;
webteam/projects content ;
webteam/hiring content ;
webteam/presentations content ;
webteam/clrux content ;
## webteam: wordpress
weddings content ;
wgrimes content ;
wgs/wp-assets content ;
## wgs: wordpress
wwildman content ;
wwwv content ;
www-test.bu.edu content ;
washintern content ;
## wara: wordpress
washingtoncelebratesbu content ;
## washington: wordpress
wbball content ;
wbur content ;
wcp content ;
## wcrew: wordpress
wcbct2010 content ;
wci-training-programs content ;
whatsnew.html content ;
whistlingduck content ;
whatsnew content ;
wireless content ;
wine content ;
wise content ;
## wib: wordpress
## winterfest: wordpress
wiesel content ;
wiki content ;
wita content ;
win/data content ;
## win: wordpress
wilsonwonglab content ;
## wll: wordpress
womenspolo content ;
## womenstudies: wordpress
woundbiotech content ;
wolozinlab content ;
womensguild/wp-assets content ;
## womensguild: wordpress
wonca content ;
wow content ;
wordpress content ;
world content ;
## wp-admin: wordpress
wpmu/forms content ;
wpmu/static content ;
wpmu/foo content ;
## wpmu: wordpress
## wpnet: wordpress
## wp-includes: wordpress
## wp-content: wordpress
wp-deploy app ;
## wptraining: wordpress
## writing: wordpress
## writingprogram: wordpress
wtbu content ;
bemerson content ;
beanpot-party content ;
behavneuro content ;
becf content ;
bergethonlab content ;
behaviorlab content ;
## behaviorallab: wordpress
## beelab: wordpress
betonrhett content ;
betabionics app ;
because content ;
beijing2014 content ;
behere content ;
## best: wordpress
## benefitstaskforce: wordpress
## beethovencenter: wordpress
betterwaytowork content ;
borinsky content ;
bostonia/bostonia_archives content ;
bostonia/web content ;
bostonia/summer08 content ;
bostonia/spring08 content ;
bostonia/winter08 content ;
bostonia/spring09 content ;
bostonia/winter09 content ;
bostonia/fall08 content ;
bostonia/search content ;
bostonia/global content ;
bostonia/link content ;
bostonia/summer11 content ;
bostonia/extra content ;
bostonia/email content ;
bostonia/Scripts content ;
bostonia/summer09 content ;
bostonia/toc content ;
bostonia/fall09 content ;
bostonia/fall11 content ;
bostonia/winter-spring12 content ;
bostonia/winter-spring10 content ;
bostonia/campaign12 content ;
bostonia/css content ;
bostonia/summer10 content ;
bostonia/fall10 content ;
bostonia/winter-spring11 content ;
bostonia/summer12 content ;
bostonia/wpassets content ;
## bostonia: wordpress
bostonscholars content ;
books content ;
bonrc content ;
bostonroc/wp-assets content ;
## bostonroc: wordpress
## botlab: wordpress
bostoneveningwithbu content ;
bostoncelebratesbu content ;
bpassoff content ;
## bpt: wordpress
## bpir: wordpress
## bcdsp: wordpress
bcrhhr content ;
bahec content ;
bands/graphics content ;
bands/common content ;
## bands: wordpress
bam2012/wp-assets content ;
## bam2012: wordpress
barc2007 content ;
## baumlab: wordpress
backbay content ;
baburmemorial content ;
ballab content ;
battleforbu content ;
## backtoschool: wordpress
barc2015 content ;
bashoexpress content ;
u content ;
bfr2011 content ;
## bgannon: wordpress
bhlp content ;
## bhr: wordpress
bike content ;
## bioinformatics: wordpress
biomedforensic content ;
bioskin content ;
bioimaging content ;
biosquare content ;
## binaural: wordpress
biology/herps content ;
## biology: wordpress
biomed content ;
## biomediacenter: wordpress
biosafety content ;
biotech content ;
bioimages content ;
biochemistry content ;
biomedcrimas content ;
bikesaftey content ;
## bikesafety: wordpress
## bio-geo: wordpress
biorobotics content ;
biophysics content ;
## bilingualaphasia: wordpress
biomuseum content ;
## biosci: wordpress
biotechlab content ;
bionicpancreas content ;
blazars content ;
blended content ;
## blacklegacy: wordpress
blogs content ;
blendedlearning content ;
## bme: wordpress
## bmo: wordpress
## bmel: wordpress
## bmegsc: wordpress
## bmb: wordpress
## bmerc: wordpress
bnorc content ;
## bniart: wordpress
bridge content ;
braintree content ;
brussels content ;
bravi/archive content ;
## bravi: wordpress
brownstone content ;
## brand: wordpress
## brainlab: wordpress
bsl content ;
btm content ;
btou content ;
bucde content ;
#bufellow/db-admin app ;
bufellow/output content ;
## bufellow: wordpress
## bulletins: wordpress
## bumo: wordpress
## bump: wordpress
bums content ;
## bupp: wordpress
busdm content ;
bubin content ;
business content ;
## buohc: wordpress
but content ;
buildingbu content ;
build content ;
## budget: wordpress
buvs content ;
## buee: wordpress
buspace content ;
## busat: wordpress
buworks/assets content ;
buworks/error content ;
buworks/help content ;
## buworks: wordpress
bucentral content ;
#buniverse app ;
## bucop: wordpress
buwc content ;
burc content ;
buworks-staff content ;
builders-leaders content ;
buildyourgift content ;
bumc-research content ;
bucld/wp-assets content ;
## bucld: wordpress
bumobile app ;
## burgos: wordpress
busm-pm content ;
busm-facultycentral content ;
bumc-admissions content ;
## butp: wordpress
bumc-pulmonarycenter content ;
buworks-files content ;
## budarwin: wordpress
## bua-robotics: wordpress
buworks-training content ;
## burppe: wordpress
## bunow: wordpress
bucie/wp-assets content ;
## bucie: wordpress
buworkscentral content ;
buc content ;
## bufirst: wordpress
buildbu content ;
bumc-it content ;
## buc-test: wordpress
buworksforum content ;
bumclive content ;
bus content ;
bumc-wellness content ;
bumc content ;
busm content ;
## bullying: wordpress
bumcprovost content ;
## bulawreview: wordpress
bucflp/wp-assets content ;
## bucflp: wordpress
buba content ;
bumcparking content ;
buonline content ;
buildyourbu content ;
bua content ;
buleads content ;
busmplus/form content ;
## busmplus: wordpress
bu.edu content ;
buniverse.backup app ;
buapayments/wp-assets content ;
## buapayments: wordpress
## bucflp-fig: wordpress
bu2do content ;
bu-nano content ;
bunano content ;
burst content ;
budentalapparelsale content ;
buzzlab content ;
## bwhs: wordpress
bysocelebrates content ;
dan content ;
danielsen/wp-assets content ;
## danielsen: wordpress
dar content ;
darwin content ;
darwin2009 content ;
dayofservice content ;
## dar-talent: wordpress
## datamanagement: wordpress
## darstaff: wordpress
## darsecure: wordpress
daysofservice content ;
data content ;
## darapps: wordpress
danrather content ;
## datascience: wordpress
ddalton content ;
dlanglai content ;
## dli: wordpress
dsmk content ;
dsgsupport content ;
dsg content ;
ds-test content ;
## ds-enrollment-a: wordpress
## ds-enrollment-b: wordpress
## ds-enrollment-c: wordpress
## ds-enrollment-d: wordpress
## ds-cas-a: wordpress
## ds-cas-b: wordpress
## ds-enrollment-e: wordpress
## ds-1silberway: wordpress
## ds-ensa: wordpress
dssandbox content ;
dbin-selector dbin ;
## dcc: wordpress
## dct: wordpress
dcg content ;
dev content ;
## devcom: wordpress
dental/lobbyscreen content ;
dental/nerb-mcmanama content ;
## dental: wordpress
## deanshost: wordpress
## deafstudies: wordpress
degreecomplete content ;
## demoarea: wordpress
devbio content ;
derm content ;
## dental-research: wordpress
degree-audit degree-advice ;
degree-advice degree-advice ;
dermatology-associates content ;
## deafautism: wordpress
dentures content ;
dentalassisting content ;
dining/api phpbin-prod.bu.edu:180/apps-rewrite ;
dining/wp-assets content ;
dining/report2015 content ;
dining/report2013 content ;
dining/report2014 content ;
dining/report2016 content ;
## dining: wordpress
directory content ;
diploma content ;
distance content ;
disted content ;
disability/wp-assets content ;
## disability: wordpress
diversity content ;
## dioa: wordpress
digication content ;
diabetescenter content ;
discoveries content ;
dinghysailors content ;
## digital: wordpress
discover content ;
dinegreen content ;
digitalrevolutionevent content ;
diversitytaskforce/media content ;
## diversitytaskforce: wordpress
dje content ;
dme content ;
dnamixtures django ;
dna content ;
dos/lulingzi content ;
dos/facebook content ;
## dos: wordpress
dos-test content ;
double-it content ;
doubleit content ;
whole_staging_site_in.cms content ;
## drts: wordpress
## drrk: wordpress
## dresden: wordpress
dublinseminar content ;
## dublin: wordpress
echu content ;
## ece: wordpress
econ/RePEc content ;
## econ: wordpress
ecologyonline content ;
ecrop content ;
econometrics content ;
## ec: wordpress
ece-clotho content ;
ece-cidar content ;
## ecpt: wordpress
ecofest content ;
eso/wp-assets content ;
eso/academic-data-warehouse content ;
## eso: wordpress
## es: wordpress
esa content ;
escort content ;
esl content ;
## esi: wordpress
esf content ;
estateplanning content ;
## esprit: wordpress
eas content ;
## earth: wordpress
## earlymusic: wordpress
earthhouse content ;
ebrochures content ;
education content ;
## editinst: wordpress
## edrt: wordpress
## edtechcouncil: wordpress
## edneuro: wordpress
eeef content ;
eeo content ;
ee content ;
eforwarding content ;
egch content ;
## ehs: wordpress
ehs-mc content ;
ehsmc content ;
ehs-mobile-test content ;
## eida2z: wordpress
## election: wordpress
eliewieselarchive content ;
emoc content ;
emba content ;
## emergency: wordpress
eml content ;
emba-facts content ;
emba22 content ;
embainfo content ;
emba1 content ;
emba09 content ;
embafaculty content ;
embacurriculum content ;
emermgmt content ;
emergingmedia content ;
## eng: wordpress
## english: wordpress
encoder content ;
## engit: wordpress
## english-backup: wordpress
entrepreneurship content ;
enrsa content ;
environment content ;
## ensa: wordpress
## energy: wordpress
## eng-news: wordpress
enact/wp-assets content ;
## enact: wordpress
## ensembles: wordpress
energytransitions content ;
## eng-gpo: wordpress
## eoo: wordpress
episcopal content ;
eportfolio/wp-assets content ;
## eportfolio: wordpress
## erc: wordpress
er content ;
erp content ;
etc content ;
## ethics: wordpress
ethno content ;
ethnomusicology content ;
euforyou content ;
eugene content ;
## european: wordpress
events content ;
evp content ;
eveningmba content ;
evergreen/htmlemail content ;
## evergreen: wordpress
evening content ;
evening-info content ;
## evcon: wordpress
## everett: wordpress
exerciseandcancer content ;
extended content ;
explorations content ;
experience content ;
experience-room content ;
exec content ;
exchange content ;
executivevp content ;
executivemba content ;
execmba content ;
## executive: wordpress
explore app ;
## exafmm: wordpress
## experts: wordpress
excellence content ;
execed content ;
exed content ;
## eye: wordpress
ezproxy content ;
jamdocs content ;
## japanese: wordpress
jam content ;
jamsponsor content ;
jam-now content ;
## jcap: wordpress
jeremymb content ;
jewishstudies/shtetl content ;
## jewishstudies: wordpress
jlengel content ;
jlab/wp-assets content ;
## jlab: wordpress
jmedday content ;
johndesz content ;
jobs content ;
journals content ;
## jostl: wordpress
journalofeducation/wp-assets content ;
## journalofeducation: wordpress
join-the-challenge content ;
joevita content ;
jd content ;
jfa content ;
jp content ;
jts2000 content ;
judaicstudies/shtetl content ;
## judaicstudies: wordpress
judicialaffairs content ;
krugman content ;
karystos content ;
katkom content ;
kandarian content ;
katrina content ;
## kcrm: wordpress
kerberos content ;
kerberosonly content ;
kenmore content ;
kendall content ;
khalillab content ;
## khc: wordpress
kiosk content ;
kidsworld content ;
## kidsincontext: wordpress
kidneypathlab content ;
## klapperich: wordpress
kpw content ;
## kuntzelab: wordpress
matthies content ;
machozi content ;
#maps content ;
map content ;
madlab content ;
marcom/stationery content ;
marcom/email content ;
marcom/html-emails content ;
marcom/formswritable content ;
marcom/downloads content ;
marcom/president content ;
marcom/projects content ;
## marcom: wordpress
mahoa content ;
management content ;
marsh content ;
marshplaza content ;
masstwins content ;
mattdm content ;
mathfn content ;
maci content ;
## mailservices: wordpress
management-event content ;
marks-test content ;
mathfinance content ;
math/ness content ;
math/wp-assets content ;
## math: wordpress
## madrid: wordpress
makeagift content ;
marks-test-blog content ;
marketsandpolicy content ;
marks-test-blog2 content ;
marks-test-blog3 content ;
## marketingscience2012: wordpress
management-old content ;
marshgiving content ;
marketplaceinfo content ;
mathematicseducation content ;
masterit content ;
make content ;
## maintenance: wordpress
match content ;
## macs: wordpress
masscoalitionfororalhealth content ;
mathfinanceconference content ;
whole_devl_site_is.app content ;
mdowney content ;
## mdrc: wordpress
mdparents content ;
medfellowship content ;
mediaguidebook content ;
met/common content ;
met/advertising content ;
met/linkedin content ;
met/elive content ;
met/htmlemail content ;
met/military content ;
met/output content ;
met/northcampus content ;
met/homepage content ;
met/pm content ;
met/shared content ;
met/ads content ;
met/forbes content ;
met/acela content ;
met/event-calendar content ;
##DUPLICATE# met/USA content ;
met/50 content ;
met/usa content ;
met/grad11 content ;
met/bestofboston content ;
met/health-it content ;
met/pmi content ;
met/yellowpages content ;
met/audio content ;
met/landing-pages content ;
##DUPLICATE# met/Agganis content ;
met/web content ;
##DUPLICATE# met/Acela content ;
met/magazine content ;
met/mag content ;
met/email-campaign content ;
met/merry content ;
met/commencement-photos-login content ;
met/apply content ;
met/agganis content ;
## met: wordpress
medschool content ;
## media: wordpress
## medieval: wordpress
medalumni content ;
mentornet content ;
messiaen content ;
meller content ;
mediatoday content ;
## me: wordpress
metit/wp-assets content ;
## metit: wordpress
## met-research: wordpress
menorca content ;
medicine content ;
mentalhealth content ;
## medal: wordpress
metro content ;
metadmin content ;
medalum content ;
metfacultydevelopment content ;
medstures content ;
medevents content ;
medaw content ;
medenews content ;
medlibstaff content ;
metinternational/registration content ;
metinternational/application content ;
metinternational/dual-degree-application content ;
metinternational/degree-pathway-application content ;
## metinternational: wordpress
medclassnotes content ;
metropolitan content ;
## medgrossanatomy: wordpress
mec content ;
## metpm: wordpress
metabolomics content ;
## mena: wordpress
## metmarcom: wordpress
## met-eti: wordpress
mentoring content ;
## meetatbu: wordpress
medschoolgradprograms content ;
met50 content ;
mfeldman content ;
mfll content ;
mfd content ;
mickswan content ;
mille content ;
microscopylab content ;
military content ;
mih content ;
midas content ;
microarray content ;
## miaac: wordpress
militarynight content ;
microstratigraphy content ;
## mii: wordpress
minds content ;
millionhours content ;
## missiology: wordpress
mkramer content ;
mspring content ;
msphotonics content ;
mscasecomp content ;
msim content ;
## mse: wordpress
msmba content ;
msmf content ;
msadvertising content ;
mslade-test content ;
## msm: wordpress
msms content ;
## mssp: wordpress
mzank content ;
mba content ;
mba-event content ;
mbabu content ;
mba-facts content ;
mba-apply content ;
mba-programs content ;
mba-guide content ;
mbamph content ;
mba-finance content ;
mbta content ;
mba2010 content ;
## mbs: wordpress
mbanorth content ;
mba-ga content ;
## mbainfo-ga: wordpress
## mbainfo: wordpress
mbafocus content ;
mbasession content ;
## mba-boston: wordpress
mba-essays content ;
mba-connect content ;
mbainfo-li content ;
mcapr content ;
mch content ;
## mcbb: wordpress
## mcoh: wordpress
mcinnes content ;
mgburns/wp-assets content ;
## mgburns: wordpress
mgburns-medical content ;
mhbm content ;
mlcl/placement content ;
## mlcl: wordpress
mlkjr content ;
mln content ;
mlstaff content ;
mlv content ;
## mml: wordpress
morin content ;
modl content ;
mobilelab content ;
mobile content ;
## motordevlab: wordpress
motives content ;
move-out content ;
moc content ;
mobile-life-workshop content ;
## moss: wordpress
moreinfo content ;
mpact content ;
## mrg: wordpress
multimediapoet content ;
## musicology: wordpress
mugarlab content ;
muhlbergerlab content ;
muedpolicyproject content ;
## mugarlib: wordpress
mvp content ;
myopathy content ;
## mysummer: wordpress
myprint content ;
myocardial content ;
mygift content ;
mybuworks content ;
mybuphone content ;
mybuworks-sandbox content ;
myhousing content ;
tad content ;
tanglewood content ;
tanglewoodtwo content ;
talks content ;
tbergend content ;
test content ;
terriers content ;
testing content ;
## terriercard: wordpress
## telecom: wordpress
telefund content ;
testprep content ;
teenpanic content ;
tech/plan content ;
## tech: wordpress
test-to-production content ;
techv1 content ;
test-blog content ;
techinternal/wp-assets content ;
## techinternal: wordpress
## techhelp: wordpress
techorg content ;
tech-copy content ;
tedbu content ;
techweb-survey content ;
techbios content ;
## teal: wordpress
techweb content ;
tech-refresh content ;
terrierpride content ;
## tedxbu: wordpress
tech-staging content ;
tech-links content ;
terriermarketplace content ;
tech-restricted content ;
tech-test content ;
## tech-sn: wordpress
tech-maintenance content ;
terriertoasts content ;
## terrierconnection: wordpress
testnfs content ;
tech-backup content ;
tech-prod content ;
test4proxyroute content ;
techconnect content ;
terriersconnect content ;
tickle content ;
## timeline: wordpress
tims content ;
tricia content ;
trl content ;
track content ;
transportation content ;
trusteescholars content ;
transgenic content ;
## trustees: wordpress
travel content ;
## training: wordpress
## traumamemorylab: wordpress
trustees-intranet/install content ;
## trustees-intranet: wordpress
## transcomm: wordpress
## translation: wordpress
## trb: wordpress
transfer content ;
## travelservices: wordpress
tskoog content ;
tso content ;
## tsai: wordpress
tcp content ;
## thurman: wordpress
thebus/gtfs content ;
thebus/wp-assets content ;
## thebus: wordpress
theotrauma content ;
## thenerve: wordpress
theory content ;
## themovement: wordpress
## theaternow: wordpress
thecology content ;
thedash content ;
thurmanarchives content ;
thanksgiving content ;
thomasmenino content ;
thehive content ;
## tlcstudy: wordpress
tml content ;
tmp-admissions content ;
tmp-cghd content ;
tmp-webcentral content ;
tmp-orc content ;
today/common content ;
today/media content ;
today/wpassets content ;
today/bubooks content ;
today/frozenfour content ;
today/blasts content ;
today/commencement content ;
today/v2-devl content ;
today/news content ;
today/buniverse content ;
today/v2 content ;
## today: wordpress
today-spash content ;
tol content ;
## tokyo: wordpress
ttt content ;
tutorials content ;
tulliusgroup content ;
turnitin content ;
tuition content ;
tv content ;
tyngsboro content ;
vangons content ;
## vasculitis: wordpress
vcb content ;
vending/documents content ;
## vending: wordpress
## vetsatwins: wordpress
## vesalius: wordpress
visit content ;
virtualpatient content ;
video content ;
## visionlab: wordpress
vip content ;
vista-archive content ;
vista content ;
vnns content ;
vpdos content ;
## vpfa: wordpress
vpensa content ;
vrc content ;
xzhou content ;
yac content ;
## yearbook: wordpress
youdo content ;
yourimpact content ;
yourgift content ;
yourbusm content ;
## zaman: wordpress
## zgct: wordpress
## zhanglab: wordpress
zhdanovalab content ;
## uav: wordpress
## uapt: wordpress
ub content ;
## ubms: wordpress
## ubx: wordpress
uctech content ;
## uc: wordpress
## uccap: wordpress
## ucccd: wordpress
## ufmal: wordpress
## ugneuro: wordpress
## ugc: wordpress
uhc content ;
## uisacs: wordpress
uis-core content ;
## ul: wordpress
## ultra-ex: wordpress
uni content ;
union content ;
univcomputer content ;
univcomp content ;
universe content ;
## Templates: redirect to lowercase
## undergrad: wordpress
## unlock: wordpress
## undaunted: wordpress
## universityprovostsearch: wordpress
## uniformguidance: wordpress
urc content ;
urgent content ;
## urop: wordpress
ur content ;
## urlc: wordpress
ussi content ;
## usc: wordpress
us-microimaging content ;
qale content ;
qatest28 content ;
## qa-1: wordpress
qa-2 content ;
qa-3 content ;
qa-4 content ;
qbp content ;
qil content ;
qsb content ;
qst content ;
qtencodersdp content ;
qtencoder content ;
quantum content ;
quitnet content ;
quantumconcepts content ;
quickpolls content ;
quito content ;
qualtrics content ;
questrom/secure content ;
## questrom: wordpress
questromeval content ;
questromcareerlink content ;
oas content ;
## oad: wordpress
oaa content ;
obgyn content ;
## obgyn-clerkship: wordpress
ocs content ;
ocn content ;
## odbl: wordpress
odsreunionsurvey content ;
oep content ;
offices content ;
offcampus content ;
ofa content ;
office365 content ;
## ogc: wordpress
## oir: wordpress
oittest content ;
oma content ;
om content ;
omc content ;
## ombuds: wordpress
online/static content ;
## online: wordpress
online-portal content ;
onbase-ug/training content ;
## onbase-ug: wordpress
onestop content ;
opg content ;
openaccess content ;
## operations: wordpress
## orientation: wordpress
orpm content ;
orl content ;
## organlibrary: wordpress
orcid content ;
## orctraining: wordpress
## orccommittees: wordpress
## orc: wordpress
ortho content ;
## osp: wordpress
osfm content ;
osc content ;
## osa_spie: wordpress
## oscar-berman: wordpress
ot content ;
## otd: wordpress
## otherwithin: wordpress
outdoor content ;
outreach content ;
output content ;
## overseers: wordpress
ovc-care content ;
25000 content ;
200word content ;
28qatest content ;
## 236magazine: wordpress
## 1970commencement: wordpress
3dcampus content ;
# summary of types
#  content : 1804
#  app : 17
