# This file contains vanity redirects.  This means that the destination URL is an absolute 
# value and the URI is not put on the end
#

# StudentLink main menu
_/studentlink /link/bin/uiscgi_studentlink.pl/uismpl/?ModuleName=menu.pl&NewMenu=Home ;
_/geography/brdf http://www-modis.bu.edu/brdf ;

# Other redirects
_/awslogin https://shib-test.bu.edu/idp/profile/SAML2/Unsolicited/SSO?providerId=urn:amazon:webservices ;
_/phpbin/directory https://www.bu.edu/directory/ ;


# Custom Domains
660corp.com https://citycoboston.com/ ;
activistlab.bu.edu https://www.bu.edu/sph/practice/activist-lab/ ;
agni.bu.edu https://agnionline.bu.edu/ ;
alumni.bu.edu https://www.bu.edu/alumni/ ;
bioinformatics.bu.edu https://www.bu.edu/bioinformatics/ ;
biophysics.bumc.bu.edu https://www.bumc.bu.edu/phys-biophys/ ;
bostoniamagazine.com https://www.bu.edu/bostonia/ ;
bu-mbi.org https://www.bumc.bu.edu/gms/bioimaging/ ;
city-convenience.com https://citycoboston.com/ ;
dmca.bu.edu https://www.bu.edu/dbin/dmca/ ;
ece.bu.edu https://www.bu.edu/eng/departments/ece/ ;
fitrec.bu.edu https://www.bu.edu/fitrec/ ;
geography.bu.edu https://www.bu.edu/earth/ ;
indigobirds.com https://www.bu.edu/indigobirds/ ;
isps.bu.edu https://www.bu.edu/help/tech/desktop/ ;
leap.bu.edu https://www.bu.edu/eng/prospective-graduate/leap/ ;
lite.bu.edu https://www.bu.edu/lite/ ;
quantum.bu.edu https://www.bu.edu/quantum/ ;
quantumconcepts.bu.edu https://www.bu.edu/quantumconcepts/ ;
smartlighting.bu.edu https://www.bu.edu/smartlighting/ ;
today.bu.edu https://www.bu.edu/today/ ;
webmail.bu.edu https://www.bu.edu/webmail/ ;
www.660corp.com https://citycoboston.com/ ;
www.auxin.org http://people.bu.edu/celenza/auxin/ ;
www.bostoniamagazine.com https://www.bu.edu/bostonia/ ;
www.bu-mbi.org https://www.bumc.bu.edu/gms/bioimaging/ ;
www.cassavetes.com http://people.bu.edu/rcarney/ ;
www.city-convenience.com https://citycoboston.com/ ;
www.indigobirds.com https://www.bu.edu/indigobirds/ ;
www.otm.bu.edu https://sphweb.bumc.bu.edu/otlt/omtch/index.html ;
wp-deploy.webteam.bu.edu http://ist-wp-bld-pr01.bu.edu:8000/ ;
alumni.bu.edu https://www.bu.edu/alumni/ ;
myhousing.bu.edu https://bu.starrezhousing.com/StarRezPortalX ;
arteducation.bu.edu https://www.bu.edu/cfa/ppc6 ;
www.wheelock.edu https://www.bu.edu/wheelock/ ;
ids.bu.edu https://www.bu.edu/ids/ ;
search.bu.edu https://www.bu.edu/phpbin/search/ ;
forms.wheelock.edu https://www.bu.edu/wheelock/ ;
wheelock.edu https://www.bu.edu/wheelock/ ;
qgc.bu.edu https://www.bu.edu/questrom/degree-programs/graduate-programs/questrom-graduate-council ;
activistlab.bu.edu https://www.bu.edu/sph/practice/activist-lab/ ;
terrieredev.bu.edu https://bostonuniversity.sumtotal.host/ ;
chemed.bu.edu https://www.bu.edu/chemed/ ;
bbec.bu.edu https://bbisec19prod.blackbaudhosting.com/30656Prod_9a7a9ec8-bc87-4c33-8685-711fd6c57037/Browser/Default.aspx?BASICONLY=1&SITEINFOID=9a7a9ec8-bc87-4c33-8685-711fd6c57037 ;
nf-kb.org https://www.bu.edu/nf-kb/ ;
web.wheelock.edu https://www.bu.edu/wheelock/ ;
arteducationonline.bu.edu https://www.bu.edu/cfa/online ;
coi.bu.edu https://appnet.bu.edu/coi/ ;
questromconnect.bu.edu https://bu.peoplegrove.com ;
postdocacademy.org https://www.postdocacademy.org/ ;
www.nf-kb.com https://www.bu.edu/nf-kb/ ;
www.agnionline.bu.edu https://agnionline.bu.edu/ ;
musiceducationonline.bu.edu https://www.bu.edu/cfa/online/ ;
nano-cancer.bu.edu https://www.bu.edu/nano-bu/programs/xtnc/ ;
www.terrieredev.bu.edu https://bostonuniversity.sumtotal.host/ ;
cnl.bu.edu https://sites.bu.edu/cnl/ ;
csmet.bu.edu https://www.bu.edu/csmet/ ;
bachelorcompletiononline.bu.edu https://www.bu.edu/online/programs/undergraduate-degree/online-degree-completion.html ;
albase.bumc.bu.edu https://wwwapp.bumc.bu.edu/BEDAC_ALBase/ ;
worcestermsw.bu.edu https://socialwork.bu.edu/worcester/?utm_source=WBUR&utm_medium=radio ;
aims.bu.edu https://www.bu.edu/abroad/programs/aims/ ;
questromfixit.bu.edu https://app.limblecmms.com/#!/loc-problem/2gqpwz3514/14976 ;
onlinetaxllm.bu.edu https://www.bu.edu/law/academics/llm-degrees/taxation/online/ ;
service-now.bu.edu https://bostonu.service-now.com/ ;
additiveassemblylab.bu.edu http://www.jwilliamboley.com/ ;
pep.bu.edu https://www.bu.edu/ssw/careers/pep/?utm_source=WBUR&utm_medium=radio ;
cjdegreeonline.bu.edu https://www.bu.edu/dbin/met/landing-pages/?page=criminal-justice-programs ;
healthcommunication.bu.edu https://www.bu.edu/dbin/met/landing-pages/?page=health-comm ;
cisonline.bu.edu https://www.bu.edu/dbin/met/landing-pages/?page=computerscience ;
lite.bu.edu https://www.bu.edu/lite/ ;
masscoalitionfororalhealth.org https//www.masscoalitionfororalhealth.org/ ;
nanoscience.bu.edu https://www.bu.edu/nano-bu/ ;
cmld.bu.edu https://www.bu.edu/cmd/ ;
bostonbiosafety.com https://www.bu.edu/neidl/ ;
servicenow.bu.edu https://bu.service-now.com/ ;
genchem.bu.edu https://www.bu.edu/genchem/ ;
cflp.bu.edu https://www.bu.edu/cflp/ ;
cashelp.bu.edu https://www.bu.edu/casit/ ;
theruralstudy.org https://www.theruralstudy.org/ ;
biochem.bumc.bu.edu https://www.bumc.bu.edu/biochemistry/ ;
www.sarcoid.org https://www.bumc.bu.edu/pulmonary/clinicalcenters/sarcoidosis/ ;
blackboard.bu.edu https://www.bu.edu/tech/teaching/lms/blackboard-8/ ;
online.bu.edu https://www.bu.edu/online/ ;
organlibrary.org http://www.organlibrary.org/ ;
www.alcoholeducationforyouth.org https://www.bu.edu/alcoholeducationforyouth/ ;
quantumconcepts.bu.edu https://www.bu.edu/quantumconcepts/ ;
nislab.bu.edu https://sites.bu.edu/nislab/ ;
buworkshelp.bu.edu https://prw.buw.bu.edu/gm/workplace/ ;
www.computationalimmunology.org https://www.bu.edu/computationalimmunology/ ;
pionline.bu.edu https://cpe.bu.edu/ ;
www.urbanarch.org https://sites.bu.edu/urbanarch/ ;
ultra.bu.edu https://sites.bu.edu/ocn/ ;
indigobirds.com https://www.bu.edu/indigobirds/ ;
bmerc.bu.edu https://www.bu.edu/bmerc/ ;
buacademy.org https://www.buacademy.org/ ;
www.citycoboston.com https://citycoboston.com/ ;
laverdesmarket.com https://www.laverdes.com/ ;
barbagroup.bu.edu https://lorenabarba.com/ ;
bmerc-www.bu.edu https://www.bu.edu/bmerc/ ;
sarcoid.org https://www.bumc.bu.edu/pulmonary/clinicalcenters/sarcoidosis/ ;
biomicroscopy.bu.edu https://sites.bu.edu/biomicroscopy/ ;
www.ddensmore.net https://www.cidarlab.org/ddensmore ;
masslocalinstitute.com https://sites.bu.edu/masslocalinstitute/ ;
burobotics.org https://www.bu.edu/bufirst/ ;
ciopocketmba.bu.edu https://www.bu.edu/questrom/executive-education ;
nephtc.org https://www.bu.edu/nephtc/ ;
dental.bu.edu https://www.bu.edu/dental/ ;
laverdes.com https://www.laverdes.com/ ;
mark.bu.edu https://sites.bu.edu/mark/ ;
www.framinghamheartstudy.org https://framinghamheartstudy.org/ ;
cidarlab.org https://wiki.bu.edu/ece-cidar/ ;
cpctools.bu.edu https://sites.bu.edu/cpctools/ ;
agganisarena.com https://www.agganisarena.com/ ;
ctsi.bu.edu https://www.bu.edu/ctsi/ ;
cmd.bu.edu https://www.bu.edu/cmd/ ;
www.indigobirds.com https://www.bu.edu/indigobirds/ ;
www.cidarlab.org https://wiki.bu.edu/ece-cidar/ ;
masscoalitionfororalhealth.com https://www.masscoalitionfororalhealth.org/ ;
urbanarch.org https://sites.bu.edu/urbanarch/ ;
www.burobotics.org https://www.bu.edu/bufirst/ ;
sed-survey.bu.edu https://www.bu.edu/sed/studentsurvey/ ;
chinaafricaloandata.bu.edu https://www.chinaafricaloandata.org/ ;
hyness.bu.edu https://sites.bu.edu/hyness/ ;
library.bu.edu https://www.bu.edu/library/ ;
city-convenience.com https://citycoboston.com/ ;
mlkjr.bu.edu https://www.bu.edu/dbin/mlkjr/ ;
education.bu.edu https://www.bu.edu/sed/ ;
musiceducation.bu.edu https://www.bu.edu/cfa/online/ ;
arts.bu.edu https://www.bu.edu/arts/ ;
ddensmore.net https://www.cidarlab.org/ddensmore ;
masslocalinstitute.org https://sites.bu.edu/masslocalinstitute/ ;
online https://www.bu.edu/online/ ;
cliveg.bu.edu https://www.bu.edu/cliveg/ ;
presto.bu.edu https://sites.bu.edu/presto/ ;
quantum.bu.edu https://www.bu.edu/quantum/ ;
bumc.bu.edu https://www.bumc.bu.edu/ ;
todaysbaby.org https://sites.bu.edu/todaysbaby/ ;
www.meetatbu.com https://www.bu.edu/meetatbu/ ;
fraunhofer.bu.edu https://www.bu.edu/fhcmi/ ;
sed-it.bu.edu https://www.bu.edu/sed/it/ ;
wiki-test.bu.edu https://www-test.bu.edu/phpbin/wiki/ ;
