# This file contains vanity redirects.  This means that the destination URL is an absolute 
# value and the URI is not put on the end
#

# StudentLink main menu
_/studentlink /link/bin/uiscgi_studentlink.pl/uismpl/?ModuleName=menu.pl&NewMenu=Home ;
_/geography/brdf http://www-modis.bu.edu/brdf ;

# Other redirects
_/awslogin https://shib-test.bu.edu/idp/profile/SAML2/Unsolicited/SSO?providerId=urn:amazon:webservices ;
_/phpbin/directory https://www.bu.edu/directory/ ;


# Custom Domains
660corp.com https://citycoboston.com/ ;
activistlab.bu.edu https://www.bu.edu/sph/practice/activist-lab/ ;
agni.bu.edu https://agnionline.bu.edu/ ;
alumni.bu.edu https://www.bu.edu/alumni/ ;
bioinformatics.bu.edu https://www.bu.edu/bioinformatics/ ;
biophysics.bumc.bu.edu https://www.bumc.bu.edu/phys-biophys/ ;
bostoniamagazine.com https://www.bu.edu/bostonia/ ;
bu-mbi.org https://www.bumc.bu.edu/gms/bioimaging/ ;
city-convenience.com https://citycoboston.com/ ;
dmca.bu.edu https://www.bu.edu/dbin/dmca/ ;
ece.bu.edu https://www.bu.edu/eng/departments/ece/ ;
fitrec.bu.edu https://www.bu.edu/fitrec/ ;
geography.bu.edu https://www.bu.edu/earth/ ;
indigobirds.com https://www.bu.edu/indigobirds/ ;
isps.bu.edu https://www.bu.edu/help/tech/desktop/ ;
leap.bu.edu https://www.bu.edu/eng/prospective-graduate/leap/ ;
lite.bu.edu https://www.bu.edu/lite/ ;
newmedia.bu.edu https://www.bu.edu/interactive-design/ ;
quantum.bu.edu https://www.bu.edu/quantum/ ;
quantumconcepts.bu.edu https://www.bu.edu/quantumconcepts/ ;
smartlighting.bu.edu https://www.bu.edu/smartlighting/ ;
today.bu.edu https://www.bu.edu/today/ ;
webmail.bu.edu https://www.bu.edu/webmail/ ;
www.660corp.com https://citycoboston.com/ ;
www.auxin.org http://people.bu.edu/celenza/auxin/ ;
www.bostoniamagazine.com https://www.bu.edu/bostonia/ ;
www.bu-mbi.org https://www.bumc.bu.edu/gms/bioimaging/ ;
www.cassavetes.com http://people.bu.edu/rcarney/ ;
www.city-convenience.com https://citycoboston.com/ ;
www.indigobirds.com https://www.bu.edu/indigobirds/ ;
www.otm.bu.edu https://sphweb.bumc.bu.edu/otlt/omtch/index.html ;
