# This file contains vanity redirects.  This means that the destination URL is an absolute 
# value and the URI is not put on the end
#

# StudentLink main menu
_/studentlink /link/bin/uiscgi_studentlink.pl/uismpl/?ModuleName=menu.pl&NewMenu=Home ;
_/geography/brdf http://www-modis.bu.edu/brdf ;

# Other redirects
_/awslogin https://shib-test.bu.edu/idp/profile/SAML2/Unsolicited/SSO?providerId=urn:amazon:webservices ;
_/phpbin/directory https://www.bu.edu/directory/ ;


# Custom Domains
660corp.com https://citycoboston.com/ ;
activistlab.bu.edu https://www.bu.edu/sph/practice/activist-lab/ ;
agni.bu.edu https://agnionline.bu.edu/ ;
alumni.bu.edu https://www.bu.edu/alumni/ ;
bioinformatics.bu.edu https://www.bu.edu/bioinformatics/ ;
biophysics.bumc.bu.edu https://www.bumc.bu.edu/phys-biophys/ ;
bostoniamagazine.com https://www.bu.edu/bostonia/ ;
bu-mbi.org https://www.bumc.bu.edu/gms/bioimaging/ ;
city-convenience.com https://citycoboston.com/ ;
dmca.bu.edu https://www.bu.edu/dbin/dmca/ ;
ece.bu.edu https://www.bu.edu/eng/departments/ece/ ;
fitrec.bu.edu https://www.bu.edu/fitrec/ ;
geography.bu.edu https://www.bu.edu/earth/ ;
indigobirds.com https://www.bu.edu/indigobirds/ ;
isps.bu.edu https://www.bu.edu/help/tech/desktop/ ;
leap.bu.edu https://www.bu.edu/eng/prospective-graduate/leap/ ;
lite.bu.edu https://www.bu.edu/lite/ ;
quantum.bu.edu https://www.bu.edu/quantum/ ;
quantumconcepts.bu.edu https://www.bu.edu/quantumconcepts/ ;
smartlighting.bu.edu https://www.bu.edu/smartlighting/ ;
today.bu.edu https://www.bu.edu/today/ ;
webmail.bu.edu https://www.bu.edu/webmail/ ;
www.660corp.com https://citycoboston.com/ ;
www.auxin.org http://people.bu.edu/celenza/auxin/ ;
www.bostoniamagazine.com https://www.bu.edu/bostonia/ ;
www.bu-mbi.org https://www.bumc.bu.edu/gms/bioimaging/ ;
www.cassavetes.com http://people.bu.edu/rcarney/ ;
www.city-convenience.com https://citycoboston.com/ ;
www.indigobirds.com https://www.bu.edu/indigobirds/ ;
www.otm.bu.edu https://sphweb.bumc.bu.edu/otlt/omtch/index.html ;
wp-deploy.webteam.bu.edu http://ist-wp-bld-pr01.bu.edu:8000/ ;
myhousing.bu.edu https://bu.starrezhousing.com/StarRezPortalX ;
arteducation.bu.edu https://www.bu.edu/cfa/ppc6 ;
www.wheelock.edu https://www.bu.edu/wheelock/ ;
ids.bu.edu https://www.bu.edu/ids/ ;
search.bu.edu https://www.bu.edu/phpbin/search/ ;
forms.wheelock.edu https://www.bu.edu/wheelock/ ;
wheelock.edu https://www.bu.edu/wheelock/ ;
qgc.bu.edu https://www.bu.edu/questrom/degree-programs/graduate-programs/questrom-graduate-council ;
activistlab.bu.edu https://www.bu.edu/sph/practice/activist-lab/ ;
terrieredev.bu.edu https://bostonuniversity.sumtotal.host/ ;
chemed.bu.edu https://www.bu.edu/chemed/ ;
bbec.bu.edu https://bbisec19prod.blackbaudhosting.com/30656Prod_9a7a9ec8-bc87-4c33-8685-711fd6c57037/Browser/Default.aspx?BASICONLY=1&SITEINFOID=9a7a9ec8-bc87-4c33-8685-711fd6c57037 ;
nf-kb.org https://www.bu.edu/nf-kb/ ;
web.wheelock.edu https://www.bu.edu/wheelock/ ;
arteducationonline.bu.edu https://www.bu.edu/cfa/online ;
coi.bu.edu https://appnet.bu.edu/coi/ ;
questromconnect.bu.edu https://bu.peoplegrove.com ;
postdocacademy.org https://www.postdocacademy.org/ ;
www.nf-kb.com https://www.bu.edu/nf-kb/ ;
www.agnionline.bu.edu https://agnionline.bu.edu/ ;
musiceducationonline.bu.edu https://www.bu.edu/cfa/online/ ;
nano-cancer.bu.edu https://www.bu.edu/nano-bu/programs/xtnc/ ;
www.terrieredev.bu.edu https://bostonuniversity.sumtotal.host/ ;
cnl.bu.edu https://sites.bu.edu/cnl/ ;
csmet.bu.edu https://www.bu.edu/csmet/ ;
bachelorcompletiononline.bu.edu https://www.bu.edu/online/programs/undergraduate-degree/online-degree-completion.html ;
albase.bumc.bu.edu https://wwwapp.bumc.bu.edu/BEDAC_ALBase/ ;
worcestermsw.bu.edu https://socialwork.bu.edu/worcester/?utm_source=WBUR&utm_medium=radio ;
aims.bu.edu https://www.bu.edu/abroad/programs/aims/ ;
questromfixit.bu.edu https://app.limblecmms.com/#!/loc-problem/2gqpwz3514/14976 ;
onlinetaxllm.bu.edu https://www.bu.edu/law/academics/llm-degrees/taxation/online/ ;
service-now.bu.edu https://bostonu.service-now.com/ ;
additiveassemblylab.bu.edu http://www.jwilliamboley.com/ ;
pep.bu.edu https://www.bu.edu/ssw/careers/pep/?utm_source=WBUR&utm_medium=radio ;
cjdegreeonline.bu.edu https://www.bu.edu/dbin/met/landing-pages/?page=criminal-justice-programs ;
healthcommunication.bu.edu https://www.bu.edu/dbin/met/landing-pages/?page=health-comm ;
cisonline.bu.edu https://www.bu.edu/dbin/met/landing-pages/?page=computerscience ;
lite.bu.edu https://www.bu.edu/lite/ ;
masscoalitionfororalhealth.org https//www.masscoalitionfororalhealth.org/ ;
nanoscience.bu.edu https://www.bu.edu/nano-bu/ ;
cmld.bu.edu https://www.bu.edu/cmd/ ;
bostonbiosafety.com https://www.bu.edu/neidl/ ;
servicenow.bu.edu https://bu.service-now.com/ ;
genchem.bu.edu https://www.bu.edu/genchem/ ;
cflp.bu.edu https://www.bu.edu/cflp/ ;
cashelp.bu.edu https://www.bu.edu/casit/ ;
theruralstudy.org https://www.theruralstudy.org/ ;
biochem.bumc.bu.edu https://www.bumc.bu.edu/biochemistry/ ;
www.sarcoid.org https://www.bumc.bu.edu/pulmonary/clinicalcenters/sarcoidosis/ ;
blackboard.bu.edu https://www.bu.edu/tech/teaching/lms/blackboard-8/ ;
online.bu.edu https://www.bu.edu/online/ ;
organlibrary.org http://www.organlibrary.org/ ;
www.alcoholeducationforyouth.org https://www.bu.edu/alcoholeducationforyouth/ ;
quantumconcepts.bu.edu https://www.bu.edu/quantumconcepts/ ;
nislab.bu.edu https://sites.bu.edu/nislab/ ;
buworkshelp.bu.edu https://prw.buw.bu.edu/gm/workplace/ ;
www.computationalimmunology.org https://www.bu.edu/computationalimmunology/ ;
pionline.bu.edu https://cpe.bu.edu/ ;
www.urbanarch.org https://sites.bu.edu/urbanarch/ ;
ultra.bu.edu https://sites.bu.edu/ocn/ ;
indigobirds.com https://www.bu.edu/indigobirds/ ;
bmerc.bu.edu https://www.bu.edu/bmerc/ ;
buacademy.org https://www.buacademy.org/ ;
www.citycoboston.com https://citycoboston.com/ ;
laverdesmarket.com https://www.laverdes.com/ ;
barbagroup.bu.edu https://lorenabarba.com/ ;
bmerc-www.bu.edu https://www.bu.edu/bmerc/ ;
sarcoid.org https://www.bumc.bu.edu/pulmonary/clinicalcenters/sarcoidosis/ ;
biomicroscopy.bu.edu https://sites.bu.edu/biomicroscopy/ ;
www.ddensmore.net https://www.cidarlab.org/ddensmore ;
masslocalinstitute.com https://sites.bu.edu/masslocalinstitute/ ;
burobotics.org https://www.bu.edu/bufirst/ ;
ciopocketmba.bu.edu https://www.bu.edu/questrom/executive-education ;
nephtc.org https://www.bu.edu/nephtc/ ;
dental.bu.edu https://www.bu.edu/dental/ ;
laverdes.com https://www.laverdes.com/ ;
mark.bu.edu https://sites.bu.edu/mark/ ;
www.framinghamheartstudy.org https://framinghamheartstudy.org/ ;
cidarlab.org https://wiki.bu.edu/ece-cidar/ ;
cpctools.bu.edu https://sites.bu.edu/cpctools/ ;
agganisarena.com https://www.agganisarena.com/ ;
ctsi.bu.edu https://www.bu.edu/ctsi/ ;
cmd.bu.edu https://www.bu.edu/cmd/ ;
www.indigobirds.com https://www.bu.edu/indigobirds/ ;
www.cidarlab.org https://wiki.bu.edu/ece-cidar/ ;
masscoalitionfororalhealth.com https://www.masscoalitionfororalhealth.org/ ;
urbanarch.org https://sites.bu.edu/urbanarch/ ;
www.burobotics.org https://www.bu.edu/bufirst/ ;
sed-survey.bu.edu https://www.bu.edu/sed/studentsurvey/ ;
chinaafricaloandata.bu.edu https://www.chinaafricaloandata.org/ ;
hyness.bu.edu https://sites.bu.edu/hyness/ ;
library.bu.edu https://www.bu.edu/library/ ;
city-convenience.com https://citycoboston.com/ ;
mlkjr.bu.edu https://www.bu.edu/dbin/mlkjr/ ;
education.bu.edu https://www.bu.edu/sed/ ;
musiceducation.bu.edu https://www.bu.edu/cfa/online/ ;
arts.bu.edu https://www.bu.edu/arts/ ;
ddensmore.net https://www.cidarlab.org/ddensmore ;
masslocalinstitute.org https://sites.bu.edu/masslocalinstitute/ ;
online https://www.bu.edu/online/ ;
cliveg.bu.edu https://www.bu.edu/cliveg/ ;
presto.bu.edu https://sites.bu.edu/presto/ ;
quantum.bu.edu https://www.bu.edu/quantum/ ;
bumc.bu.edu https://www.bumc.bu.edu/ ;
todaysbaby.org https://sites.bu.edu/todaysbaby/ ;
www.meetatbu.com https://www.bu.edu/meetatbu/ ;
fraunhofer.bu.edu https://www.bu.edu/fhcmi/ ;
sed-it.bu.edu https://www.bu.edu/sed/it/ ;
wiki-test.bu.edu https://www-test.bu.edu/phpbin/wiki/ ;
go.bu.edu/back2bu https://www.bu.edu/back2bu/ ;
go.bu.edu/back2bu/posfacstaff https://www.bu.edu/back2bu/files/2020/09/COVID_Graphic_Pos_FacultyStaff.pdf ;
go.bu.edu/back2bu/categories https://www.bu.edu/back2bu/student-health-safety/covid-19-screening-testing-contact-tracing/#categories ;
go.bu.edu/experience https://www.bu.edu/admissions/bu-videos/ ;
go.bu.edu/research https://www.aau.edu/?go=true ;
go.bu.edu/research/mag https://www.bu.edu/research/magazine/2013/index.shtml ;
go.bu.edu/research/trails https://www.bu.edu/research/magazine/2012/paper-trails/index.shtml ;
go.bu.edu/research/chemo https://www.bu.edu/research/magazine/2013/dialogues/all-in-the-timing/index.shtml ;
go.bu.edu/research/learn https://www.bu.edu/research/magazine/2013/child-development/index.shtml ;
go.bu.edu/research/alzheimers https://www.bu.edu/research/magazine/2013/age-and-mind/index.shtml ;
go.bu.edu/research/snapshots https://www.bu.edu/research/magazine/2013/snapshots/index.shtml ;
go.bu.edu/research/pinsky https://www.bu.edu/research/magazine/2013/snapshots/dead-man-walking/index.shtml ;
go.bu.edu/research/higgs https://www.bu.edu/research/magazine/2013/dialogues/index.shtml ;
go.bu.edu/research/aau https://www.bu.edu/research/magazine/2012/research-recognized/index.shtml ;
go.bu.edu/research/parajanov https://www.bu.edu/research/magazine/2013/dialogues/filmmaker-artist-lightningrod/index.shtml ;
go.bu.edu/research/highlights https://www.bu.edu/research/magazine/2012/award-winning-faculty/index.shtml ;
go.bu.edu/research/climate https://www.bu.edu/research/magazine/2012/climate-change/index.shtml ;
go.bu.edu/research/cte https://www.bu.edu/research/magazine/2013/dialogues/anatomy-of-trauma/index.shtml ;
go.bu.edu/research/space https://www.bu.edu/research/magazine/2012/snapshots/measuring-the-ionosphere-of-mars/index.shtml ;
go.bu.edu/research/community https://www.bu.edu/research/magazine/2012/considering-community/index.shtml ;
go.bu.edu/comtalk/100video https://www.bu.edu/comtalk/2014/10/10/comwire-2/#celebration ;
go.bu.edu/comtalk/syria https://www.bu.edu/comtalk/2016/09/12/syrian-refugees-unhcr-melissa-fleming/#help ;
go.bu.edu/comtalk/high-tech https://www.bu.edu/comtalk/2013/06/14/com-wire-3/#high-tech ;
go.bu.edu/comtalk/2024 https://www.bu.edu/comtalk/2014/02/14/comwire/#2024 ;
go.bu.edu/comtalk/blackmass https://www.bu.edu/comtalk/2016/03/04/com-wire-4/#blackmass ;
go.bu.edu/comtalk/china-films https://www.bu.edu/comtalk/2013/06/14/missionbeijing/ ;
go.bu.edu/comtalk/doubilet https://www.bu.edu/comtalk/2017/03/02/doubilet-national-geographic/ ;
go.bu.edu/comtalk/test https://bit.ly/1lUJmdX ;
go.bu.edu/comtalk/nepal https://www.bu.edu/comtalk/2016/03/04/nepal-migration/#nepal ;
go.bu.edu/comtalk/guatemala https://www.bu.edu/comtalk/2017/09/13/on-assignment-in-guatemala/ ;
go.bu.edu/comtalk/vaynerfood https://www.bu.edu/comtalk/2014/10/10/media-magicians/#vaynerfood ;
go.bu.edu/comtalk/sox https://www.bu.edu/comtalk/2014/02/14/parting-shot-spring-2014/#partingshot ;
go.bu.edu/comtalk/adviceSP17 https://www.bu.edu/comtalk/2017/03/02/political-change-ces-involved-ptsd/#alum-advice-sylvia ;
go.bu.edu/comtalk/playfwd17 https://www.bu.edu/comtalk/2017/09/12/com-wire-4/#play-it-forward ;
go.bu.edu/comtalk/daly https://www.bu.edu/comtalk/2014/02/22/feature-story-evolution-and-revolution/#daly ;
go.bu.edu/comtalk/advice https://www.bu.edu/comtalk/2016/03/04/com-wire-4/#advice ;
go.bu.edu/comtalk/mellen https://www.bu.edu/comtalk/2014/02/14/classnotes-winter-2014/#mellen ;
go.bu.edu/comtalk/kotcher https://www.bu.edu/comtalk/2016/09/16/ray-kotcher-ketchum-pr/#ketchum ;
go.bu.edu/comtalk/vatican https://www.bu.edu/comtalk/2014/10/10/comwire-2/#vatican ;
go.bu.edu/comtalk/safety https://www.bu.edu/comtalk/2014/02/14/student-voice-spring-2014/#safety ;
go.bu.edu/comtalk/will https://www.bu.edu/comtalk/2015/07/16/lautzenheiser-berghaus-stumped/ ;
go.bu.edu/comtalk/unitea https://www.bu.edu/comtalk/welcome-to-the-future/#advertising ;
go.bu.edu/comtalk/roth https://www.bu.edu/comtalk/2014/10/10/comwire-2/#failure ;
go.bu.edu/comtalk/brinkerhoff https://www.bu.edu/comtalk/2013/06/14/from-bu-to-boston-legal/ ;
go.bu.edu/comtalk/gastropod https://www.bu.edu/comtalk/2016/09/12/gastropod-podcast-cynthia-graber/#gastropodcast ;
go.bu.edu/comtalk/mockingbird https://www.bu.edu/comtalk/2016/03/04/class-notes-6/#mocking-bird ;
go.bu.edu/comtalk/looking https://www.bu.edu/comtalk/2013/06/14/missionbeijing/ ;
go.bu.edu/comtalk/djrock https://www.bu.edu/comtalk/2016/03/04/wtbu-dj-rock/#djrock ;
go.bu.edu/comtalk/weigl https://www.bu.edu/comtalk/2013/06/17/in-tribute-magic-in-the-moment/ ;
go.bu.edu/comtalk/guess https://www.bu.edu/comtalk/2016/09/15/hollywood-diversity-gap-oscars/#geena ;
go.bu.edu/comtalk/croewe https://www.bu.edu/comtalk/2014/10/10/great-expectations/#portrait ;
go.bu.edu/comtalk/redstone2013 https://www.bu.edu/comtalk/2013/06/14/com-wire-3/#redstone13 ;
go.bu.edu/comtalk/wtbu-win https://www.bu.edu/comtalk/2013/06/14/com-wire-3/#wtbu-win ;
go.bu.edu/comtalk/starwars https://www.bu.edu/comtalk/2017/09/13/star-wars-visual-effects-janet-lewin-last-jedi-force-awakens-rogue-one/ ;
go.bu.edu/comtalk/prettybird https://www.bu.edu/comtalk/2017/03/02/prettybird-lady-gaga/ ;
go.bu.edu/comtalk/books-summer-13 https://www.bu.edu/comtalk/2013/06/14/faculty-focus-get-whitey/#books ;
go.bu.edu/comtalk/climate https://www.bu.edu/comtalk/2017/10/18/how-to-convince-a-climate-change-skeptic/ ;
go.bu.edu/comtalk/ces17 https://www.bu.edu/comtalk/2017/03/02/political-change-ces-involved-ptsd/ ;
go.bu.edu/comtalk/greatest-ads https://www.bu.edu/comtalk/2013/06/14/the-greatest-ads-of-all-time/ ;
go.bu.edu/comtalk/memoriam15 https://www.bu.edu/comtalk/2015/07/17/class-notes-5/#memoriam ;
go.bu.edu/comtalk/souza https://www.bu.edu/comtalk/2014/02/14/comwire/#souza ;
go.bu.edu/comtalk/ventures https://www.bu.edu/comtalk/2012/04/26/media-ventures/ ;
go.bu.edu/comtalk/gilbeau https://www.bu.edu/comtalk/2014/10/10/great-expectations/#commencement ;
go.bu.edu/comtalk/jfuture https://www.bu.edu/comtalk/welcome-to-the-future/#start ;
go.bu.edu/comtalk/cuba https://www.bu.edu/comtalk/2013/06/14/student-experience/#cuba ;
go.bu.edu/comtalk/storm https://www.bu.edu/comtalk/2013/06/14/writersonthestorm/ ;
go.bu.edu/comtalk/dubuc https://www.bu.edu/comtalk/2015/07/16/com-news/ ;
go.bu.edu/comtalk/weinberg https://www.bu.edu/comtalk/2016/09/16/elizabeth-weinberg-julia-louis-dreyfus-veep/#gallery ;
go.bu.edu/comtalk/thrones https://www.bu.edu/comtalk/2014/10/10/comwire-2/#location ;
go.bu.edu/comtalk/genius https://www.bu.edu/comtalk/2016/09/16/aaron-rasmussen-masterclass-williams-patterson-hoffman-usher-aguilera/ ;
go.bu.edu/early-decision https://www.bu.edu/admissions/apply/early-decision?go=true ;
go.bu.edu/solarpanels https://www.bu.edu/everett/summer14/money-does-grow-on-trees/#solar?go=true ;
go.bu.edu/cas-live https://www.bu.edu/admissions/admitted/preparing-to-attend-bu/open-house/cas ;
go.bu.edu/women2014 https://www.bu.edu/shaw/events/women-in-the-world-conference?go=true ;
go.bu.edu/apply https://www.bu.edu/admissions/apply/?go=true ;
go.bu.edu/analjit https://www.bu.edu/everett/summer14/the-life-saver/?go=true ;
go.bu.edu/cgs-live https://www.bu.edu/admissions/admitted/preparing-to-attend-bu/open-house/cgs ;
go.bu.edu/discover https://www.bu.edu/research/our-research/?go=true ;
go.bu.edu/discover/tree https://www.bu.edu/discover/tree/?go=true ;
go.bu.edu/discover/football https://www.bu.edu/discover/football/?go=true ;
go.bu.edu/discover/war https://www.bu.edu/discover/war/?go=true ;
go.bu.edu/discover/americans https://www.bu.edu/discover/americans/?go=true ;
go.bu.edu/discover/heaven https://www.bu.edu/discover/heaven/?go=true ;
go.bu.edu/discover/villagers https://www.bu.edu/discover/villagers/?go=true ;
go.bu.edu/discover/engineering https://www.bu.edu/discover/engineering/?go=true ;
go.bu.edu/WIESEL https://bostonu.imodules.com/s/1759/2-bu/alumniWeekend/interior.aspx?sid=1759&gid=2&pgid=3716&content_id=3834 ;
go.bu.edu/belong https://www.bu.edu/admissions/why-bu/student-life/community-diversity/?go=true ;
go.bu.edu/sabermetrics https://www.bu.edu/webteam/projects/sabermetrics/ ;
go.bu.edu/join https://www.bu.edu/admissions/why-bu/student-life/student-activities/?go=true ;
go.bu.edu/gsu https://hricart.1capapp.com/event/bu-gsu ;
go.bu.edu/today/flash-drive-promo https://www.bu.edu/today/nearby-neighborhoods/?go=true ;
go.bu.edu/ttc https://hricart.1capapp.com/event/bu-track ;
go.bu.edu/CILSE/RSVP https://www.bu.edu/cilse-events/cilse-event-rsvp/ ;
go.bu.edu/frontlinemed https://www.bumc.bu.edu/busm/frontline-medicine/ ;
go.bu.edu/invent https://www.bu.edu/innovate/?go=true ;
go.bu.edu/matric19 https://hricart.1capapp.com/event/buevent ;
go.bu.edu/matric17 https://www.streamtext.net/player?event=CFI-BU ;
go.bu.edu/mse19 https://www.bu.edu/eng/rankings/mse19/ ;
go.bu.edu/trudel https://www.bu.edu/questrom/2012/05/14/helping-consumers-get-out-of-debt-faster-how-debt-repayment-strategies-affect-motivation-to-repay-debt/?go=true ;
go.bu.edu/healthcare https://secure-alumni.bu.edu/olc/pub/BUAR/event/showEventForm.jsp?form_id=167483 ;
go.bu.edu/heartstudy https://framinghamheartstudy.org ;
go.bu.edu/matric18 https://hricart.1capapp.com/event/buevent ;
go.bu.edu/ed https://www.bu.edu/admissions/apply/early-decision/?go=true ;
go.bu.edu/sar-live https://www.bu.edu/admissions/admitted/preparing-to-attend-bu/open-house/sar ;
go.bu.edu/bme19 https://www.bu.edu/eng/rankings/bme19/ ;
go.bu.edu/new-balance https://www.bu.edu/facilities/fmpprojects/maintenance/new-balance-field/live-feed-camera/ ;
go.bu.edu/bme17 https://www.bu.edu/eng/rankings/bme17/ ;
go.bu.edu/sthad https://www.bu.edu/sth/dmin/?utm_source=utm_source%3Dumccalendar&utm_medium=utm_medium%3Dprintad&utm_campaign=UMC%20calendar%20ad ;
go.bu.edu/bme18 https://www.bu.edu/eng/rankings/bme18/ ;
go.bu.edu/visit https://www.bu.edu/admissions/visit-us/?go=true ;
go.bu.edu/speakup https://www.bu.edu/everett/summer14/speak-up/?go=true ;
go.bu.edu/focus/motive https://sth-archon.bu.edu/motive/motive.html?go=true ;
go.bu.edu/focus/webinars https://www.bu.edu/sth/news-resources/webinars?go=true ;
go.bu.edu/focus/lifelong https://www.bu.edu/sth/community/continuing-education?go=true ;
go.bu.edu/focus/live https://www.bu.edu/sth/news-resources/live-streaming/?go=true ;
go.bu.edu/focus/alums https://www.bu.edu/sth/resources/alumni-development?go=true ;
go.bu.edu/explore https://www.bu.edu/globalprograms/discover/our-global-dna/?go=true ;
go.bu.edu/bikekit https://appstore.com/bubikeaccidenttoolkit/?go=true ;
go.bu.edu/com-live https://www.bu.edu/admissions/admitted/preparing-to-attend-bu/open-house/com ;
go.bu.edu/sargent/inside-sargent https://www.bu.edu/sargent/about-us/our-publications/inside-sargent-2017-2018/?go=true ;
go.bu.edu/byrne-pinker https://www.bu.edu/provost/2012/09/07/byrne-pinker/ ;
go.bu.edu/mse https://www.bu.edu/eng/rankings/mse19/ ;
go.bu.edu/wba https://hricart.1capapp.com/event/bu-walter ;
go.bu.edu/admissions/crediteval https://www.bu.edu/admissions/apply/transfer/credit/?go=true ;
go.bu.edu/admissions/transfer https://www.bu.edu/admissions/apply/transfer/?go=true ;
go.bu.edu/admissions/majors https://www.bu.edu/admissions/why-bu/academics/majors/?go=true ;
go.bu.edu/admissions/scholarships https://www.bu.edu/admissions/tuition-aid/scholarships-financial-aid/first-year-merit/?go=true ;
go.bu.edu/admissions/transfer-scholarships https://www.bu.edu/admissions/tuition-aid/scholarships-financial-aid/transfer-merit-scholarships/?go=true ;
go.bu.edu/admissions/secondary-school-credentials https://www.bu.edu/admissions/apply/international/school-credentials/?go=true ;
go.bu.edu/admissions/advanced-credit https://www.bu.edu/admissions/apply/faqs-helpful-forms/advanced-credit/?go=true ;
go.bu.edu/admissions/transfer-equivalency https://tes.collegesource.com/publicview/TES_publicview01.aspx?rid=f3c0908c-8809-4592-a06a-2ec9c2c3acc8&aid=adbaa968-6ce9-47a6-9b99-43d30cdd2d67 ;
go.bu.edu/admissions/international https://www.bu.edu/admissions/international?go=true ;
go.bu.edu/ar/webkey2012 https://www.bu.edu/ar/2012/?go=true ;
go.bu.edu/smgmentor https://www.bu.edu/questrom/alumni/get-involved/?go=true ;
go.bu.edu/gradopenhouse https://www.bu.edu/provost/graduate-affairs/graduateopenhouse ;
go.bu.edu/gym https://hricart.1capapp.com/event/bu-case ;
go.bu.edu/toothresearch https://www.bu.edu/buniverse/view/?v=8q1VJPg ;
go.bu.edu/arena https://hricart.1capapp.com/event/bu-agganis ;
go.bu.edu/affordablebu https://www.bu.edu/admissions/tuition-aid/affordable-bu/?go=true ;
go.bu.edu/mtm https://hricart.1capapp.com/event/bumtm ;
go.bu.edu/checkin/innsights https://blogs.bu.edu/shacareerinnsights/about-innsights/ ;
go.bu.edu/checkin/careers https://careers-bu-sha-csm.symplicity.com/students/ ;
go.bu.edu/grs/applyearth https://www.bu.edu/cas/prospective-students/graduate-admissions/apply/ ;
go.bu.edu/play https://www.bu.edu/admissions/why-bu/student-life/sports-fitness/?go=true ;
go.bu.edu/eng-live https://www.bu.edu/admissions/admitted/preparing-to-attend-bu/open-house/eng ;
go.bu.edu/bme https://www.bu.edu/eng/rankings/bme20/ ;
go.bu.edu/k12 https://www.bu.edu/eng/about-us/outreach/k-12/ ;
go.bu.edu/create https://www.bu.edu/arts/?go=true ;
go.bu.edu/tech/wordpress https://www.bu.edu/tech/services/comm/websites/www/wordpress/design-options/custom ;
go.bu.edu/homiletics https://www.bu.edu/sth/academics/degrees/track3/phd-homiletics/?utm_source=academy%20of%20homiletics&utm_medium=sponsorship&utm_campaign=PhD%20in%20Preaching%20 ;
go.bu.edu/libraryconnect https://bostonu.qualtrics.com/jfe/form/SV_3UC0g4GOTTRD1cy ;
go.bu.edu/snyder https://www.bu.edu/av/chapel/podcasts/sundayservices/sermon/Sermon081113.mp3 ;
go.bu.edu/STH https://www.bu.edu/sth/?utm_source=Salvation%20Army&utm_medium=print&utm_campaign=BUSTH%20SA%20Ad ;
go.bu.edu/STH/alums https://www.bu.edu/sth/resources/alumni-development/?go=true ;
go.bu.edu/jetblue https://www.bu.edu/buniverse/view/?v=iTBZj1Em&go=true ;
go.bu.edu/bostonia/southerland https://www.bu.edu/bostonia/winter-spring16/gift-recognizes-familys-struggle-with-alzheimers/ ;
go.bu.edu/bostonia/awards https://www.bu.edu/provost/awards-publications/award-opportunities ;
go.bu.edu/brandtheory https://www.bu.edu/questrom/2012/05/01/the-atlantic-covers-susan-fournier%E2%80%99s-deep-influence-on-brand-theory/?go=true ;
go.bu.edu/bme15 https://www.bu.edu/eng/rankings/bme15/ ;
go.bu.edu/astley https://www.youtube.com/watch?v=oHg5SJYRHA0 ;
go.bu.edu/bumc/matchday https://www.bu.edu/buniverse/view/?v=1NDcW81QL ;
www-modis.bu.edu https://www.umb.edu/spectralmass/terra_aqua_modis/ ;
www-modis.bu.edu/lidar https://sites.bu.edu/lidar/ ;
www-modis.bu.edu/brdf https://www.umb.edu/spectralmass/terra_aqua_modis/ ;
sph.bu.edu https://www.bu.edu/sph/ ;
sph.bu.edu/otlt http://sphweb.bumc.bu.edu/otlt/ ;
management.bu.edu https://www.bu.edu/questrom/ ;
management.bu.edu/yfif https://www.bu.edu/questrom/career-center/yfif/ ;
digilib.bu.edu https://sth-archon.bu.edu/ ;
digilib.bu.edu/sth/massbibles https://sth-archon.bu.edu/massbibles/ ;
digilib.bu.edu/russianmethodism https://sth-archon.bu.edu/russianmethodismarchive/ ;
digilib.bu.edu/mission https://www.bu.edu/missiology/ ;
medlib.bu.edu https://www.bu.edu/phpbin/medlib/ ;
