### Common mapping to all bu.edu systems
_/version 20180719 ;

# redirects
_/studentlink redirect_asis ;
_/geography/brdf redirect_asis ;

# items from the www:phpmap.txt
_/buniverse phpbin ;
_/maps phpbin ;
_/bufellow/db-admin django ;
_/nisdev phpbin ;

# These mappings are needed for Shibboleth authentication
_/saml/content content ;

# DegreeAdvice needs to be added
# we should make a third party table for http backend services (maybe)
#
#degree-advice degreeadvice ;

_/django apps ;

# UISCGI/link entries
_/link/bin uiscgi_app ;
_/link uiscgi_content ;

# These are the old tomcat servlets on the server
_/uis_web3270 legacy ;
_/uis_eostc legacy ;
# not certain that the following is necessary
_/uiszl_eostc legacy ;
_/uiszl_j2ee legacy ;
_/formlogin legacy ;

#admissions wordpress

# dbin

# default application backends
_/dbin dbin ;
_/phpbin phpbin ;

# old CGI script locations (right now we send those to the existing Solaris backend)
_/htbin legacy ;
_/testing legacy ;

# by default we map degree-advice although it should be listed in the phpmap file
_/degree-advice degree-advice ;
_/degree-audit degree-advice ;

# Send old-style redirects and aliases to the content backend
# we are not transitioning anything older than 2009 unless necessary.
#

##### END of common prefix
###############################################

##### PHPMAP items

### Django applications
#
_/index django ;
##
_/fifty-states       django ;
#changed fifty-states Name to /ssw/usfostercare
_/ssw/usfostercare     django ;
_/cellphone-compliance     django ;
_/dnamixtures        django ;
_/systems-programming/django-sysmon  django ;
_/courseware-manager     django ;
_/bufellow/admin       django ;
_/summer/admin       django ;
_/html-email       django ;
_/betabionics        django ;
_/rpm-agreements       django ;
_/provost        django ;
_/wp-deploy        django ;
#ghir          django ; # /ghir = /globalhealth
#globalhealth        django ; # Wait to add this
_/law-pub        django ;

# Ask Web team about:
#
##############
# /dbin misc:
##############
#/dbin/admissions  software15.bu.edu:260
#/dbin/sleep   malahide.bu.edu:80      # Django test

##############
# /phpbin misc:
##############
#/phpbin/efs   http://software33-dbin.bu.edu:181
##generic phpauth testing for vista
#/phpbin/vista-devl  balancer://phpauth
#/phpbin/vista   balancer://phpauth

##############
# The /dbin USW34 or USW18 Section:
# PLEASE HAVE 2 ENTRIES FOR EACH:
##############
#/dbin/today     usoftware34.bu.edu:261

# PHPBIN sites
_/summer/courses-test phpbin ;
_/summer/courses phpbin ;
_/dining/api phpbin ;
_/explore phpbin ;
_/maps/livebus phpbin ;
_/bumobile phpbin ;

####### From stub files/directory scan

_/jamdocs content ;
_/jam content ;
_/jamsponsor content ;
_/jeremymb content ;
_/jobs content ;
_/journals content ;
_/join-the-challenge content ;
_/jostl content ;
_/johndesz content ;
_/jfa content ;
_/jlengel content ;
_/jlab content ;
_/jp content ;
_/jts2000 content ;
_/jd content ;
_/judaicstudies content ;
_/zaman content ;
_/ccrd content ;
_/ccsr content ;
_/cc content ;
_/ccs content ;
_/ccboard content ;
_/cwf content ;
_/cwc content ;
_/camping content ;
_/casprograms content ;
_/campaignlaunch content ;
_/casecomp content ;
_/cawses content ;
_/campaignvip content ;
_/caswriting content ;
_/cateringonthecharles content ;
_/casadvising content ;
_/caadlab content ;
_/cache content ;
_/cas-promotion content ;
_/cap content ;
_/cashelpdesk content ;
_/campaignkickoff content ;
_/cas/common content ;
_/cas/programs content ;
_/cas/invite content ;
_/cas/newsletter content ;
_/cas/ar content ;
_/cas/magazine content ;
_/catholic content ;
_/cas-tenure content ;
_/caswpinternal content ;
_/caryl content ;
_/casw content ;
_/catering content ;
_/careerex content ;
_/cab content ;
_/calendar phpbin ;
_/casdemo content ;
_/caderonline content ;
_/cagt content ;
_/cmmh content ;
_/cmezian content ;
_/cmld content ;
_/cmrl content ;
_/cms content ;
_/cmetips content ;
_/cvn content ;
_/childhoodtrauma content ;
_/chelmsford content ;
_/childcognition content ;
_/chinese content ;
_/choosemet content ;
_/charles content ;
_/checkpc content ;
_/childlabs content ;
_/charlesmed content ;
_/chemistry content ;
_/cise content ;
_/cims content ;
_/cip content ;
_/citycoboston content ;
_/cityplanning content ;
_/civsa content ;
_/cism content ;
_/citylabacademy content ;
_/ciap content ;
_/celebrationvip content ;
_/censsis content ;
_/celop/dev content ;
_/centurychallenge content ;
##TODO: get phpmap entry for cellphone-compliance and put in separate file
_/centers content ;
_/celebrationofbu content ;
_/cedh content ;
_/cermak content ;
_/cel content ;
_/consumer content ;
_/comit content ;
_/copley content ;
_/counseling content ;
_/conscious content ;
_/coursenet content ;
_/cobth content ;
_/cohenchallenge content ;
_/coreframework content ;
_/contact content ;
_/commsurvey content ;
_/cort content ;
_/cod content ;
_/comp content ;
_/common-place content ;
_/corpfound content ;
_/com100 content ;
_/commavefair content ;
_/coredesign content ;
_/com/givetoday content ;
_/com/playitforward content ;
_/com/greatdebate content ;
_/com/test content ;
_/com/scripts content ;
_/com/ndow content ;
_/com/networking content ;
_/com/course-feeds content ;
_/com/beaudoin-review content ;
_/com/narrative content ;
_/com/flash content ;
_/com/support-necir content ;
_/com/humor content ;
_/com/pradvanced content ;
_/com/crc content ;
_/com/lib content ;
_/com/redstonenyc content ;
_/com/redstonewest content ;
_/com/linkedin content ;
_/com/registration content ;
_/com/special content ;
_/com/socialmediaday content ;
_/com/orientation content ;
_/com/live-it content ;
_/com/ems-review content ;
_/com/mobile-life-workshop content ;
_/com/necir-registration content ;
_/com/amp-registration content ;
_/com/design-request content ;
_/com/cmcs content ;
_/com/new-courses content ;
_/com/dar content ;
_/com/lambert-review content ;
_/com/data-storytelling content ;
_/com/daly-review content ;
_/com/labor-films content ;
_/com/student-magazines content ;
_/com/graduate-programs content ;
_/com/supa-review content ;
_/com/film-tv-facts content ;
_/com/photo-workshops content ;
_/com/hong-review content ;
_/com/science-storytelling content ;
_/com/wtbu-radio content ;
_/com/science-communication content ;
_/com/social-media-analysis content ;
_/com/tsay-vogel-review content ;
_/com/vigil-review content ;
_/com/sports_institute content ;
_/com/images content ;
_/com/includes content ;
_/commonground content ;
_/computationalimmunology content ;
_/computing content ;
_/comet content ;
_/connect content ;
##TODO: get phpmap entry for courseware-manager and put in separate file
_/comjobs content ;
_/copyright content ;
_/collegechampion content ;
_/countdown content ;
_/coi content ;
_/cores content ;
_/construction content ;
_/complete content ;
_/creative content ;
_/crowdfunding content ;
_/crm content ;
_/crossdomain.xml content ;
_/crew content ;
_/cre content ;
_/crtimes content ;
_/cghd content ;
_/cgap content ;
_/cgsnow content ;
_/cga content ;
_/cgs60th content ;
_/cghdac content ;
_/cfa-dean-search content ;
_/cfdi content ;
_/cftcc content ;
_/cflp content ;
_/cleanenergyventures content ;
_/clarion content ;
_/clinicalinvestigation content ;
_/cliveg content ;
_/climateactionplan content ;
_/climate content ;
_/classroom content ;
_/clas content ;
_/classgift content ;
_/cpr content ;
_/ctf content ;
_/csharp content ;
_/cscd content ;
_/css content ;
_/cd content ;
_/cdc2007 content ;
_/cdaly content ;
_/cdn content ;
_/culture content ;
_/culinaryarts content ;
_/cball content ;
_/cbm content ;
_/cbss content ;
_/cfa/wp-assets content ;
_/classics/wp-assets content ;
_/cohstar/wp-assets content ;
_/commencement/wp-assets content ;
_/compliance/videos content ;
_/compliance/videos_restricted1 content ;
_/cs/wp-assets content ;
_/yac content ;
_/y2kpartners content ;
_/y2k content ;
_/y2k-partners content ;
_/yearbook content ;
_/yourimpact content ;
_/yourbusm content ;
_/yourgift content ;
_/youdo content ;
_/wcp content ;
_/wcbct2010 content ;
_/wcrew content ;
_/wwwv content ;
_/wwildman content ;
_/wara content ;
_/washintern content ;
_/whole_staging_site_in.cms content ;
_/whistlingduck content ;
_/whatsnew content ;
_/whatsnew.html content ;
_/win content ;
_/wiki content ;
_/wine content ;
_/wiesel content ;
_/wita content ;
_/wib content ;
_/wise content ;
_/wilsonwonglab content ;
_/wireless content ;
_/winterfest content ;
_/webcast content ;
_/webmail content ;
_/websummit content ;
_/webteam/mgburns content ;
_/webteam/projects content ; match ignore_prod.cms
_/weblogin content ;
_/womenspolo content ;
_/womensguild content ;
_/woundbiotech content ;
_/wonca content ;
_/world content ;
_/wordpress content ;
_/wolozinlab content ;
_/wgrimes content ;
_/wgs content ;
_/wpmu/wp-assets content ;
_/wpmu/static content ;
_/wpnet content ;
##TODO: get phpmap entry for wp-deploy and put in separate file
_/wtbu content ;
_/wbball content ;
_/wbur content ;
_/xzhou content ;
_/xyz content ;
_/naitest content ;
_/navyrotc content ;
_/nanoheat content ;
_/naeser content ;
_/nano content ;
_/narrative content ;
_/naturalconference content ;
_/nm content ;
_/nis-bkup content ;
_/nis-sym content ;
_/nislab content ;
_/nida-mrc content ;
_/nitrides content ;
#  nisdev content ;
_/nightingale content ;
_/nisprod content ;
_/nisprojects content ;
_/nis content ;
_/networks content ;
_/neh content ;
_/newswire content ;
_/newindex4.html content ;
_/neft content ;
_/neuron content ;
_/newmedia content ;
_/netreg content ;
_/neuropsychology content ;
_/neural content ;
_/newyear content ;
_/newman content ;
_/newindex3.html content ;
_/newindex2.html content ;
_/neuroscience content ;
_/newindex.html content ;
_/nems content ;
_/new2bu content ;
_/nox content ;
_/nonprofitmba content ;
_/north-campus content ;
_/northmba content ;
_/northcampus content ;
_/nrc content ;
_/nrotc content ;
_/nfc content ;
_/npl content ;
_/nsg content ;
_/nseg content ;
_/accreditation content ;
_/acoustics content ;
_/acs content ;
_/academy content ;
_/actforhealth content ;
_/acor content ;
_/actuary content ;
_/act content ;
_/analesgaldosianos content ;
_/answers content ;
_/animal content ;
_/annualfund content ;
_/anep content ;
_/anatomy content ;
_/anajam content ;
_/annualfundroster content ;
_/anxiety content ;
_/animalcare content ;
_/aat content ;
_/aaastudy content ;
_/aac content ;
_/ampprogram content ;
_/ame content ;
_/amp content ;
_/amyloid content ;
_/avl content ;
_/avtonkov-today2 content ;
_/av content ;
_/airo content ;
_/aig content ;
_/aias content ;
_/aemdprl content ;
_/aeacus content ;
_/aodhealth content ;
_/ar content ;
_/arn content ;
_/arche content ;
_/artaid content ;
_/art content ;
_/armyrotc content ;
_/armenia content ;
_/arts content ;
_/arlington content ;
_/ars content ;
_/archsci content ;
_/army content ;
_/arrows content ;
_/archive-vista content ;
_/artsaid content ;
_/art.ro content ;
_/artslive content ;
_/archives content ;
_/ag content ;
_/agep content ;
_/agni content ;
_/afam content ;
_/af-rotc content ;
_/afox content ;
_/afrotc content ;
_/afr content ;
_/alumnicollege content ;
_/albert content ;
_/allocate content ;
_/alumni-forms content ;
_/alistaircooke content ;
 disable caching
_/alert content-nocache ;
_/alumni/link content ;
_/alumni/images content ;
_/alumni/common content ;
_/alcoholeducationforyouth content ;
_/aldolase content ;
_/aphasia content ;
_/apr content ;
_/apreso content ;
_/applied-linguistics content ;
_/aparc content ;
_/apc content ;
_/apls content ;
_/apply content ;
_/apps-rewrite content ;
_/apcsc content ;
_/api content ;
_/ap/wp-assets content ; #WP micro-site
_/atttend content ;
_/attend content ;
_/athletics content ;
_/atssa content ;
_/asor content ;
_/assistive_technology content ;
_/asianarc content ;
_/asllrp content ;
_/assist_tech content ;
_/astronomy/wp-assets content ;
_/advancement content ;
_/admissions-signage content ;
_/addictions content ;
_/addiction content ;
_/admissionsstatic content ;
_/adlab content ;
_/admissions/applicantlink content ;
#  admissions/applicantlink - archive content ;
_/auctions content ;
_/auth-test content ; #top-level for authentication load test
_/autism content ;
_/aux content ;
_/abl content ;
_/aboutcgs content ;
_/abroad-dublin content ;
_/abroad2 content ;
_/abroadatbu content ;
_/africa/wp-assets content ;
_/africa/publication-assets content ;
_/alzresearch/wp-assets content ;
_/arion/wp-assets content ;
_/mzank content ;
_/mcapr content ;
_/mch content ;
_/myprint content ;
_/myopathy content ;
_/mybu content ;
_/mathfn content ;
_/mag content ;
_/marshgiving content ;
_/matthies content ;
_/mattdm content ;
_/marshplaza content ;
_/map content ;
#  maps content ;
_/marketingscience2012 content ;
_/madlab content ;
_/masscoalitionfororalhealth content ;
_/makeagift content ;
_/make content ;
_/marsh content ;
_/mailservices content ;
_/mathfinance content ;
_/mathematicseducation content ;
_/masstwins content ;
_/mahoa content ;
_/maintenance content ;
_/marketplaceinfo content ;
_/mathfinanceconference content ;
_/masterit content ;
_/match content ;
_/management-event content ;
_/maci content ;
_/maccp content ;
_/mvp content ;
_/miaac content ;
_/millionhours content ;
_/mille content ;
_/military content ;
_/mickswan content ;
_/midas content ;
_/militarynight content ;
_/microscopylab content ;
_/mih content ;
_/medevents content ;
_/mediatoday content ;
_/met-eti content ;
_/medfellowship content ;
_/medclassnotes content ;
_/mediaguidebook content ;
_/metadmin content ;
_/medalum content ;
_/medaw content ;
_/messiaen content ;
_/mentalhealth content ;
_/medenews content ;
_/metro content ;
_/meller content ;
_/metmarcom content ;
_/medschool content ;
_/met/output content ;
_/met/ads.old content ;
_/met/ads content ;
_/met/forbes content ;
_/met/acela content ;
#  met/USA content ;
_/met/usa content ;
_/met/bestofboston content ;
_/met/yellowpages content ;
_/met/audio content ;
#  met/Acela content ;
_/met/magazine content ;
_/met/mag content ;
_/met/merry content ;
_/met/apply content ;
_/metit content ;
_/mena content ;
_/medstures content ;
_/mentornet content ;
_/medal content ;
_/mkramer content ;
_/motordevlab content ;
_/morin content ;
_/move-out content ;
_/modl content ;
_/mobile-life-workshop content ;
_/mobilelab content ;
_/motives content ;
_/moc content ;
_/mgburns content ;
_/mfd content ;
_/mfll content ;
_/mfeldman content ;
_/mlkjr content ;
_/mln content ;
_/mpact content ;
_/msm content ;
_/msim content ;
_/msadvertising content ;
_/mspring content ;
_/mscasecomp content ;
_/msphotonics content ;
_/msmf content ;
_/mslade-test content ;
_/mdparents content ;
_/mdowney content ;
_/muedpolicyproject content ;
_/multimediapoet content ;
_/mugarlab content ;
_/muhlbergerlab content ;
_/mbta content ;
_/mbabu content ;
_/mba2010 content ;
_/mbanorth content ;
_/mba-programs content ;
_/mba-finance content ;
_/mba-event content ;
_/mba-apply content ;
_/mba-guide content ;
_/mbamph content ;
_/mba content ;
_/mba-facts content ;
_/236magazine content ;
_/25000 content ;
_/200word content ;
_/qale content ;
_/qil content ;
_/qtencoder content ;
_/qtencodersdp content ;
_/quickpolls content ;
_/quantumconcepts content ;
_/qualtrics content ;
_/quantum content ;
_/quitnet content ;
_/vcb content ;
_/vnns content ;
_/vangons content ;
_/vista-archive content ;
_/virtualpatient content ;
_/visit content ;
_/video content ;
_/vip content ;
_/vista content ;
_/visionlab content ;
_/vending content ;
_/vetsatwins content ;
_/vrc content ;
_/vpdos content ;
_/hj2013 content ;
_/hcep content ;
_/hydrology content ;
_/haneke content ;
_/haydn content ;
_/hagen content ;
_/hanlab content ;
_/handbook content ;
_/hasselmo content ;
_/hhh content ;
_/hilleldining content ;
_/hipaa content ;
_/histology content ;
_/hipart content ;
_/hiccse content ;
_/history/apps content ;
_/hi content ;
_/historic content ;
_/healthfit content ;
_/hem-masters content ;
_/healthyminds content ;
_/healthconnection content ;
_/herbalstudy content ;
_/help content ;
_/home-media content ;
_/hotelcommonwealth content ;
_/housing2010 content ;
_/hospitality/RevPASH content ;
_/hockeygolf content ;
_/homepage aws_home ;
_/home aws_home ;
_/holmul content ;
_/homecoming content ;
_/honoringeve content ;
_/honordeanwells content ;
_/homeimages content ;
_/homepage2 content ;
_/hrc content ;
_/hrpi content ;
_/hre content ;
_/hf content ;
_/hpcworkshop content ;
_/hpl content ;
_/htbin.ph content ;
##TODO: get phpmap entry for html-email and put in separate file
_/htmg content ;
_/hdgolf content ;
_/hdr content ;
_/hdwg content ;
_/huntington content ;
_/humandevelopment content ;
_/icshm content ;
_/ict content ;
_/icce15 content ;
_/ice content ;
_/icsg content ;
_/icons content ;
_/integrativemed content ;
_/inst-tech content ;
_/india2010 content ;
_/interv content ;
_/index2.html content ;
_/india-global content ;
_/investigate content ;
_/index.html aws_home_index ;
_/inaugural content ;
_/inmlcfp content ;
_/infancp content ;
_/index99.html content ;
##TODO: get phpmap entry for index and put in separate file
_/inauguration content ;
_/index3.html content ;
_/interactive content ;
_/infocenter content ;
_/intracghd content ;
_/injurypsychology content ;
_/inmlprograms content ;
_/inmlcore content ;
_/indigobirds content ;
_/iaen content ;
_/iaj content ;
_/impact content ;
_/iml content ;
_/images content ;
_/ivcf content ;
_/ihp content ;
_/ihs content ;
_/ihblast content ;
_/iip content ;
_/i3e-ac content ;
_/ioc content ;
_/irc content ;
_/iraopportunity content ;
_/irwa content ;
_/irafa content ;
_/irsd content ;
_/igsw-register content ;
_/igsw content ;
_/ilj content ;
_/ip content ;
_/iptech content ;
_/iphone content ;
_/ipl content ;
_/itunesu content ;
_/ithelp content ;
_/itcommon content ;
_/itec content ;
_/it content ;
_/italian content ;
_/itrp content ;
_/it-common content ;
_/it_front_office content ;
_/itunes content ;
_/istnews content ;
_/ist-sa content ;
_/isec content ;
_/isle content ;
_/iss content ;
_/iscip content ;
_/ist-intranet content ;
_/ist-automation content ;
_/ist content ;
_/isic content ;
_/isps content ;
_/id content ;
_/idp content ;
_/ezproxy content ;
_/ecpt content ;
_/echu content ;
_/ecrop content ;
_/ecologyonline content ;
_/ece-clotho content ;
_/ec content ;
_/ecofest content ;
_/ece-cidar content ;
_/econometrics content ;
_/eye content ;
_/experts content ;
_/execmba content ;
_/exerciseandcancer content ;
_/exec content ;
_/experience-room content ;
_/executive content ;
##TODO: get phpmap entry for explore and put in separate file
_/extended content ;
_/explorations content ;
_/executivemba content ;
_/exafmm content ;
_/experience content ;
_/exchange content ;
_/excellence content ;
_/executivevp content ;
_/encoder content ;
_/eng-news content ;
_/environment content ;
_/engit content ;
_/entrepreneurship content ;
_/enrsa content ;
_/ensembles content ;
_/eas content ;
_/embafaculty content ;
_/emba09 content ;
_/emba-facts content ;
_/emoc content ;
_/eml content ;
_/emergency content ;
_/emba22 content ;
_/emba1 content ;
_/embainfo content ;
_/emba content ;
_/emergingmedia content ;
_/embacurriculum content ;
_/emt content ;
_/events content ;
_/evening-info content ;
_/evp content ;
_/everett content ;
_/evening content ;
_/evergreen content ;
_/eveningmba content ;
_/ehs-mobile-test content ;
_/ehs-mc content ;
_/ehsmc content ;
_/eeef content ;
_/eeo content ;
_/eoo content ;
_/er content ;
_/erp content ;
_/eforwarding content ;
_/election content ;
_/episcopal content ;
_/ethics content ;
_/etc content ;
_/ethno content ;
_/esa content ;
_/esi content ;
_/escort content ;
_/estateplanning content ;
_/es content ;
_/esl content ;
_/esf content ;
_/edrt content ;
_/education content ;
_/euforyou content ;
_/ebrochures content ;
_/ehs/wp-assets content ;
_/enact/wp-assets content ;
_/3dcampus content ;
_/kcrm content ;
_/kandarian content ;
_/karystos content ;
_/katkom content ;
_/katrina content ;
_/khalillab content ;
_/kiosk content ;
_/kidsincontext content ;
_/kerberos content ;
_/kerberosonly content ;
_/kenmore content ;
_/kendall content ;
_/krugman content ;
_/kpw content ;
_/kuntzelab content ;
_/ocn content ;
_/ocs content ;
_/oad/voting content ;
_/oas content ;
_/oma content ;
_/omc content ;
_/om content ;
_/oir content ;
_/oittest content ;
_/oep content ;
_/orcid content ;
_/organlibrary content ;
_/orctraining content ;
_/ortho content ;
_/orpm content ;
_/orl content ;
_/ofa content ;
_/offices content ;
_/offcampus content ;
_/office365 content ;
_/old.law content ;
_/opg content ;
_/operations content ;
_/openaccess content ;
_/osc content ;
_/osfm content ;
_/odbl content ;
_/odsreunionsurvey content ;
_/output content ;
_/outreach content ;
_/outdoor content ;
_/obgyn-clerkship content ;
_/obgyn content ;
_/50000 content ;
_/rcl content ;
_/rc content ;
_/rcrc content ;
_/ryeany content ;
_/rayleigh content ;
_/raceto50 content ;
_/raisethebar content ;
_/rvs content ;
_/rhett-talks content ;
_/rize content ;
_/rilke content ;
_/rideshare content ;
_/risk content ;
_/riscs content ;
_/recycling content ;
_/recording content ;
_/research-compliance content ;
_/resilience content ;
_/recognizes content ;
_/research-test content ;
_/reply content ;
_/receptions content ;
_/regionalization content ;
_/reports content ;
_/remotehelp content ;
_/respectregistry content ;
_/research-internal content ;
_/reman content ;
_/registrar content ;
_/research-external content ;
_/recentgrads content ;
_/register content ;
_/revpash content ;
_/remember content ;
_/retired content ;
_/resnet content ;
_/research/xml content ;
_/research/wp-assets content ;
_/research/magazine2008 content ;
_/research/email content ;
_/research/careerfair2016 content ;
_/reunion content ;
_/resources content ;
_/robots.txt content ;
_/rohp content ;
_/roybal content ;
_/roaric content ;
_/ror content ;
_/rosa content ;
_/rrtcout content ;
_/rl content ;
_/rpm/panos content ;
##TODO: get phpmap entry for rpm-agreements and put in separate file
_/rss content ;
_/rdlewis content ;
_/rbfl content ;
_/rbarnett content ;
_/gcc content ;
_/gc content ;
_/gyoung content ;
_/galacticring content ;
_/games content ;
_/gastronomy content ;
_/gms content ;
_/ghblast content ;
_/ghi content ;
_/give content ;
_/giving content ;
_/giftcalculator content ;
_/givethepoint content ;
_/giveonline content ;
_/giveclassgift content ;
_/gift content ;
_/givingsocieties content ;
_/givetoday content ;
_/givethroughbu content ;
_/gipgap content ;
_/give2busm content ;
_/givingday content ;
_/givingback content ;
_/gep content ;
_/geochemistry content ;
_/gegi content ;
_/geoscience content ;
_/gerontology content ;
_/geosciences content ;
_/geophysics content ;
_/genome content ;
_/geology content ;
_/geddes content ;
_/getready content ;
_/geriatrics content ;
_/genetics content ;
_/geography content ;
_/gk12 content ;
_/google665a4eb2dcd06afe.html content ;
_/google9f2e7abecb89081e.html content ;
_/google content ;
_/googlehostedservice.html content ;
_/google46db49694c214422.html content ;
_/google99ca0794d90971e7.html content ;
_/googlec64352682593c8e8.html content ;
_/gobu content ;
_/govcenter content ;
_/goglobal content ;
_/googlesites content ;
_/go content ;
_/greetbu content ;
_/grs content ;
_/green content ;
_/graphics content ;
_/globalexec content ;
_/globalquestionnaire content ;
_/globaldayofservice content ;
_/glaisne content ;
_/globalfuture content ;
_/glc content ;
_/globaldaysofservice content ;
_/globalops-questionnaire content ;
_/globalprograms/wp-assets content ;
_/glacier content ;
_/globe content ;
_/global content ;
_/globalbeat content ;
_/globaloperations content ;
_/globalmfg content ;
_/globalmediakit content ;
_/global-crisis content ;
_/gpts content ;
_/gplc content ;
_/gpto content ;
_/gsu content ;
_/gsm content ;
_/gsi content ;
_/gdrs content ;
_/gdp content ;
_/gds content ;
_/fcoi content ;
_/fye content ;
_/fysopstyle content ;
_/favicon.ico content ;
_/faculty-council content ;
_/fammed content ;
_/farewell content ;
_/fafc-files content ;
_/facultycouncil content ;
_/faqs content ;
_/family content ;
_/faculty/ear content ;
_/favoritepoem content ;
_/fmherbalstudy content ;
_/fhcmi content ;
_/finance content ;
_/finplanners content ;
_/firesafety content ;
#  fifty-states content ;
_/festival content ;
_/feltensteinchallenge content ;
_/features content ;
_/fetters content ;
_/finaid/status_documents content ;
_/finaid/pdfs content ;
_/finaid/test content ;
_/finaid/fedfunds content ;
_/finaid wordpress ;
_/formerworker content ;
_/foreignpolicyconf content ;
_/foo content ;
_/forensicanthro content ;
_/four-six-test content ;
_/forse content ;
_/forms content ;
_/forensicinvestigation content ;
_/foodandwine content ;
_/forums content ;
_/franco content ;
_/flow-cytometry content ;
_/florencenightingale content ;
_/ftp-survey content ;
_/ftl content ;
_/fsl content ;
_/fsap content ;
_/fsao content ;
_/fdretf content ;
_/futuremba content ;
_/ljerrett content ;
_/lamilpa content ;
_/laane content ;
_/law.bkup content ;
_/lawgiving content ;
_/lamovie content ;
_/law/test content ;
_/law/journals-archive content ;
_/law/communications content ;
_/law/events content ;
_/lawlibrary/eJournals content ;
_/lawlibrary/restrictedaccess content ;
_/lawlibrary/facultypublications content ;
_/lawlibrary/e-reserves content ;
_/lawyearbooks content ;
##TODO: get phpmap entry for law-pub and put in separate file
_/lab content ;
_/laloba content ;
_/lawdean content ;
_/latenightkitchen content ;
_/lawlibintranet content ;
_/lmn content ;
_/lvn content ;
_/litphil content ;
_/lifebook content ;
_/lifesciences content ;
_/literary content ;
_/liveon content ;
_/linux content ;
_/links content ;
_/linga content ;
_/lifelong content ;
_/links2 content ;
_/lite content ;
_/liberalstudies content ;
_/libdb-old content ;
_/libfiles content ;
_/lifelonglearning content ;
_/life content ;
_/libdb content ;
_/libdb-tst content ;
_/leed100bsr content ;
_/leegroup content ;
_/learn content ;
_/lecturesincriticism content ;
_/lernet content ;
_/leed content ;
_/lecture content ;
_/leboha content ;
_/leading-by-example content ;
_/logout content ;
_/login content ;
_/lovecanal content ;
_/lu-lingzi-fund content ;
_/lungs content ;
_/lully content ;
_/lutheran content ;
_/luce content ;
_/pzekos content ;
_/pc content ;
_/pcsc content ;
_/pcms content ;
_/pnemec content ;
_/parttimefaculty content ;
_/paclab content ;
_/parkstreet content ;
_/pathology content ;
_/paiella content ;
_/paideia content ;
_/partisanreview content ;
_/payroll content ;
_/parentsweekend content ;
_/parents content ;
_/pasi content ;
_/paadmissions content ;
_/parentfund content ;
_/parking/dbtemplates content ;
_/pace content ;
_/payment content ;
_/pm content ;
_/p2pguide content ;
_/p48pu6em39z6neb6rre8i4wx35x6dv.html content ;
_/phylogeny content ;
_/phpbin.rw content ;
#  phpbin content ;
_/photo content ;
_/phhprc content ;
_/phpbin-selector content ;
_/physics content ;
_/phpbin.ro content ;
_/pilj content ;
_/pike content ;
_/picf content ;
_/pin content ;
_/peermentor content ;
_/personnel content ;
_/pep content ;
_/perd content ;
_/pehs content ;
_/peeradvising content ;
_/pehc content ;
_/pocketmba content ;
_/police content ;
_/prerelease content ;
_/president content ;
_/preview aws_home ;
_/prism content ;
_/premodern content ;
_/prudential content ;
_/professional content ;
_/prc content ;
_/provost/secure content ;
_/proarte content ;
_/presidentsearch content ;
_/prssa content ;
_/protected content ;
_/prj content ;
_/printcenter content ;
_/practice content ;
_/prostars content ;
_/prs content ;
_/procurement content ;
_/playwriting content ;
_/plan2015 content ;
_/plannedgiving content ;
_/pt3 content ;
_/ptresidency content ;
_/ptfellowship/wp-assets content ;
_/ptc content ;
_/psychdiversity content ;
_/psc content ;
_/psp content ;
_/pdc content ;
_/pusteblume content ;
_/publications content ;
_/purchasing content ;
_/pulmonary-test content ;
_/publichealthworkforce content ;
_/tcp content ;
_/tyngsboro content ;
_/tad content ;
_/tanglewoodtwo content ;
_/talks content ;
_/tmp-orc content ;
_/tml content ;
_/tmp-admissions content ;
_/tmp-cghd content ;
_/tmp-webcentral content ;
_/tv content ;
_/thedash content ;
_/thurmanarchives content ;
_/thurman content ;
_/theaternow content ;
_/tickle content ;
_/tims content ;
_/tech-links content ;
_/telefund content ;
_/techweb-survey content ;
_/testnfs content ;
#  testing content ;
_/test content ;
_/terriermarketplace content ;
_/tedbu content ;
_/test4proxyroute content ;
_/teenpanic content ;
_/test-slideshow content ;
_/tech-maintenance content ;
_/terrierconnection content ;
_/tech-backup content ;
_/tech-restricted content ;
_/test-to-production content ;
_/testshibro content ;
_/testshibrw content ;
_/techorg content ;
_/terriers content ;
_/tech-staging content ;
_/testprep content ;
_/tech-test content ;
_/techhelp content ;
_/techweb content ;
_/terriertoasts content ;
_/today/common content ;
_/today/media content ;
_/today/wpassets content ;
_/today/bubooks content ;
_/today/frozenfour content ;
_/today/blasts content ;
_/today/commencement content ;
_/today/v2-devl content ;
_/today/news content ;
_/today/buniverse content ;
_/today/v2 content ;
_/tokyo content ;
_/today-spash content ;
_/traumamemorylab content ;
_/translation content ;
_/trustees content ;
_/tricia content ;
_/transportation content ;
_/transfer content ;
_/trl content ;
_/transgenic content ;
_/trusteescholars content ;
_/track content ;
_/travel content ;
_/tskoog content ;
_/tso content ;
_/turnitin content ;
_/tutorials content ;
_/tbergend content ;
_/sjmag content ;
_/schroeter content ;
_/scoe content ;
_/scscb content ;
_/schoolofeducation content ;
_/scibowl content ;
_/sciguide content ;
_/scanning content ;
_/scnutrition content ;
_/scarlet-squad content ;
_/schools content ;
_/scarletkey content ;
_/sci content ;
_/scenery content ;
_/sccc content ;
_/scriparts content ;
_/schoolphys content ;
_/scv content ;
_/scv_import content ;
_/synbio content ;
_/systems-programming content ;
_/sysprg content ;
_/synt content ;
_/synesthesia content ;
_/sncn content ;
_/snl content ;
_/snc content ;
_/sn content ;
_/sage content ;
_/sarp content ;
_/sargentluncheon content ;
_/sara content ;
_/sargentcamp content ;
_/sargenteconnection content ;
_/sao content ;
_/sargentchoice content ;
_/sarhouse content ;
_/sac content ;
_/sarpsych content ;
_/saa content ;
_/satellite content ;
_/safety content ;
_/smgmarcom content ;
_/smgcentennial content ;
_/smgalum content ;
_/smg-em content ;
_/smscint content ;
_/smghonors content ;
_/smg content ;
_/smg100 content ;
_/smg-event content ;
_/smec content ;
_/smhaley content ;
_/smartcities content ;
_/shawnp content ;
_/shprp content ;
_/sha-dean-search content ;
_/shongchallenge content ;
_/showme content ;
_/sha content ;
_/sil content ;
_/silber content ;
_/sicklecell content ;
_/sites content ;
_/simulation content ;
_/senlab content ;
_/search content ;
_/se-demo content ;
_/service content ;
_/sequitur content ;
_/service-now content ;
_/sedreadingclinic content ;
_/secret content ;
_/seniors content ;
_/securitycampimport content ;
_/securityinfo content ;
_/seaurchinmeeting2011 content ;
_/sedadmitted content ;
_/sedaccepted content ;
_/services content ;
_/session content ;
_/sep content ;
_/south content ;
_/sourceguide content ;
_/sfa content ;
_/sfsf content ;
_/slideshow-test content ;
_/slatkin content ;
_/sloan content ;
_/sportsmed content ;
_/spirithealth content ;
_/spidr content ;
_/specialreports content ;
_/spectrumarts content ;
_/speechlab content ;
_/speccol content ;
_/space content ;
_/sports content ;
_/storage-admin content ;
_/startup content ;
_/studentexperience content ;
_/sthacker/stata content ;
_/state content ;
_/stepup content ;
_/studentvillage content ;
_/studentvillage2 content ;
_/stats content ;
_/stationery content ;
_/sth-sc content ;
_/stem content ;
_/strategicreport content ;
_/sthconnect content ;
_/studyfinder content ;
_/statehouse content ;
_/stratcom content ;
_/stayemployed content ;
_/stamasfund content ;
_/ssw/common content ;
##TODO: get phpmap entry for ssw/usfostercare and put in separate file
_/sscores content ;
_/summerterm content ;
_/suemac content ;
_/suppliers content ;
_/summerfun content ;
_/survey content ;
_/surf content ;
_/summer content ;
_/supportrotc content ;
_/supplier content ;
_/sbrptraining content ;
_/dcg content ;
_/dcc content ;
##TODO: get phpmap entry for dnamixtures and put in separate file
_/darwin2009 content ;
_/darwin content ;
_/dan content ;
_/daysofservice content ;
_/dar-talent content ;
_/darapps content ;
_/data content ;
_/dayofservice content ;
_/darlibrary content ;
_/dme content ;
_/directory content ;
_/diversity content ;
_/digication content ;
_/distance content ;
_/diploma content ;
_/digital content ;
_/discoveries content ;
_/dioa content ;
_/dinegreen content ;
_/dining/wp-assets content ;
_/discover content ;
_/disted content ;
##TODO: get phpmap entry for dining/api and put in separate file
##TODO: get phpmap entry for degree-advice and put in separate file
_/deafstudies content ;
_/degreecomplete content ;
_/dev content ;
_/dentures content ;
_/devcom content ;
_/dentalassisting content ;
##TODO: get phpmap entry for degree-audit and put in separate file
_/dental/lobbyscreen content ;
_/dental/nerb-mcmanama content ;
#  degree advice content ;
_/deanshost content ;
_/dos-test content ;
_/doubleit content ;
_/dos/lulingzi content ;
_/dos/facebook content ;
_/double-it content ;
_/drts content ;
_/drrk content ;
_/dlanglai content ;
_/ds-enrollment-a content ;
_/dsgsupport content ;
_/dsg content ;
_/ds-cas-a content ;
_/ds-enrollment-d content ;
_/ds-enrollment-b content ;
_/dsmk content ;
_/ds-cas-b content ;
_/ds-enrollment-c content ;
_/ddalton content ;
_/dublinseminar content ;
_/dbin-selector content ;
_/uc content ;
_/uctech content ;
_/ucccd content ;
_/uccap content ;
_/universe content ;
_/univcomp content ;
_/undaunted content ;
_/univcomputer content ;
_/uni content ;
_/uapt content ;
_/uhc content ;
_/uis content ;
_/uisacs content ;
_/urc content ;
_/urgent content ;
_/ur content ;
_/ugc content ;
_/ugneuro content ;
_/ufmal content ;
_/ultra-ex content ;
_/usenet content ;
_/ussi content ;
_/ubms content ;
_/ubx content ;
_/bcrhhr content ;
_/bniart content ;
_/backbay content ;
_/baburmemorial content ;
_/battleforbu content ;
_/bahec content ;
_/ballab content ;
_/barc2007 content ;
_/bmb content ;
_/bmerc content ;
_/bmo content ;
_/bhlp content ;
_/bikesafety content ;
_/biosci content ;
_/bioimaging content ;
_/bioimages content ;
_/bike content ;
_/biosquare content ;
_/biophysics content ;
_/bikesaftey content ;
_/biotech content ;
_/biosafety content ;
_/biochemistry content ;
_/biomedforensic content ;
_/binaural content ;
_/biomed content ;
_/biomedcrimas content ;
_/biorobotics content ;
_/bioskin content ;
_/becf content ;
_/benefitstransition content ;
_/bemerson content ;
_/beanpot-party content ;
##TODO: get phpmap entry for betabionics and put in separate file
_/betonrhett content ;
_/behavneuro content ;
_/because content ;
_/beijing2014 content ;
_/bonrc content ;
_/bostonia/bostonia_archives content ;
_/bostonia/web content ;
_/bostonia/summer08 content ;
_/bostonia/spring08 content ;
_/bostonia/winter08 content ;
_/bostonia/spring09 content ;
_/bostonia/winter09 content ;
_/bostonia/fall08 content ;
_/bostonia/search content ;
_/bostonia/global content ;
_/bostonia/link content ;
_/bostonia/summer11 content ;
_/bostonia/extra content ;
_/bostonia/email content ;
_/bostonia/Scripts content ;
_/bostonia/summer09 content ;
_/bostonia/toc content ;
_/bostonia/fall09 content ;
_/bostonia/fall11 content ;
_/bostonia/winter-spring12 content ;
_/bostonia/winter-spring10 content ;
_/bostonia/campaign12 content ;
_/bostonia/css content ;
_/bostonia/summer10 content ;
_/bostonia/fall10 content ;
_/bostonia/winter-spring11 content ;
_/bostonia/summer12 content ;
_/bostonia/wpassets content ;
_/bostonroc content ;
_/books content ;
_/bostonscholars content ;
_/borinsky content ;
_/braintree content ;
_/bravi content ;
_/brussels content ;
_/brainlab content ;
_/bridge content ;
_/brownstone content ;
_/blended content ;
_/blazars content ;
_/blogs content ;
_/blacklegacy content ;
_/bpassoff content ;
_/btm content ;
_/buildyourgift content ;
_/busdm content ;
_/buvs content ;
_/buworkscentral content ;
_/buba content ;
_/busmplus content ;
_/bubin content ;
_/bu.edu content ;
_/bucop content ;
_/bunow content ;
_/business content ;
_/buildyourbu content ;
_/buworks-files content ;
##TODO: get phpmap entry for bumobile and put in separate file
_/bumc-admissions content ;
_/builders-leaders content ;
_/bums content ;
_/buildingbu content ;
_/burgos content ;
_/burc content ;
_/buspace content ;
_/budget content ;
_/buildbu content ;
_/busat content ;
_/bucentral content ;
_/buwc content ;
_/bulletins content ;
_/but content ;
##TODO: get phpmap entry for buniverse and put in separate file
_/bus content ;
_/buworks-training content ;
_/bufellow content ;
_/buworksforum content ;
_/bua content ;
_/buworks-staff content ;
_/bucde content ;
_/bucld content ;
_/bumc-pulmonarycenter content ;
_/bumcit content ;
_/buleads content ;
_/build content ;
_/burppe content ;
_/bu-wheelock-merger/wp-assets content ;
_/buapay/wp-assets content ;
_/buapayments/wp-assets content ;
### 1526 content
### 679 wordpress
### 16 app
### 1 type
### 557 redirect2lower
_/av/courses content-nocache ; #weblogin loop experienced, trying nocache to test
### Added below for new content backend test
