### Common mapping to all bu.edu systems
_/version 20180202 ;

# redirects
_/studentlink redirect_asis ;
_/geography/brdf redirect_asis ;

# items from the www:phpmap.txt
_/buniverse phpbin ;
_/maps phpbin ;
_/bufellow/db-admin django ;
_/nisdev phpbin ;

# These mappings are needed for Shibboleth authentication
_/saml/content content ;

# DegreeAdvice needs to be added
# we should make a third party table for http backend services (maybe)
#
#degree-advice degreeadvice ;

_/django apps ;

# UISCGI/link entries
_/link/bin uiscgi_app ;
_/link uiscgi_content ;

#uis content ;
_/uis_web3270 legacy ;

#admissions wordpress

# dbin

# default application backends
_/dbin dbin ;
_/phpbin phpbin ;

# old CGI script locations (right now we send those to the existing Solaris backend)
_/htbin legacy ;
_/testing legacy ;

# Send old-style redirects and aliases to the content backend
# we are not transitioning anything older than 2009 unless necessary.
#

##### END of common prefix
###############################################

##### PHPMAP items

### Django applications
#
_/index                          django ;       # 2012-04-04 TEST & DEVL ONLY
_/dnamixtures                    django ;
_/systems-programming/django     django ;
_/cellphone-compliance           django ;
_/courseware-manager             django ;       #            kgrin
_/casdemo                        django ;       #            kgrin
_/summer/admin                   django ;       # 2011-03    scottm
_/fifty-states                   django ;       # 2012-03-08 scottm
_/ssw/usfostercare               django ;
_/html-email                     django ;       # 2012-12-12 fwolf
_/betabionics                    django ;       # 2012-23-01 isingh
_/rpm-agreements                 django ;       # 2013-01-29 mgburns
_/wp-deploy                      django ;       #            isingh
_/search                         django ;       # 2014-03-24 ntk
_/api                            django ;
_/globalhealth                   django ;
_/law-pub                        django ;

# Ask Web team about:

#/phpbin/bfenster-test           http://testapp1-buphptest.rhcloud.com:80

# The following line was added on 5/3/2017 by Barry Fitzgibbon per Ben Fenster
#/phpbin/courseware              http://ist-phpbin-devl.bu.edu:182

### PHPBIN apps

_/bumobile phpbin ;

#

_/degree-advice degree-advice ;
_/degree-audit degree-advice ;

_/marcom content ;
_/interactive-design content ;

####### From stub files/directory scan

_/jcap content ;  # top-level
_/japanese content ;  # top-level
_/jamdocs content ;  # top-level
_/jam content ;  # top-level
_/jamsponsor content ;  # top-level
_/jmedday content ;  # top-level
_/jeremymb content ;  # top-level
_/journalofeducation content ;  # top-level
_/jobs content ;  # top-level
_/journals content ;  # top-level
_/join-the-challenge content ;  # top-level
_/jostl content ;  # top-level
_/johndesz content ;  # top-level
_/jfa content ;  # top-level
_/jlengel content ;  # top-level
_/jlab content ;  # top-level
_/jp content ;  # top-level
_/jts2000 content ;  # top-level
_/jd content ;  # top-level
_/judaicstudies content ;  # top-level
_/judicialaffairs content ;  # top-level
_/zaman content ;  # top-level
_/zhdanovalab content ;  # top-level
_/zhanglab content ;  # top-level
_/zgct content ;  # top-level
_/ccrd content ;  # top-level
_/ccsr content ;  # top-level
_/cc content ;  # top-level
_/ccs content ;  # top-level
_/ccboard content ;  # top-level
_/cci content ;  # top-level
_/cwf content ;  # top-level
_/cwc content ;  # top-level
_/cnn-nanocancer content ;  # top-level
_/camping content ;  # top-level
_/cascsg content ;  # top-level
_/casprograms content ;  # top-level
_/campaignlaunch content ;  # top-level
_/casecomp content ;  # top-level
_/cawses content ;  # top-level
_/caregivinghealthresearch content ;  # top-level
_/campaignvip content ;  # top-level
_/caswriting content ;  # top-level
_/cateringonthecharles content ;  # top-level
_/care content ;  # top-level
_/cardiothoracicmain content ;  # top-level
_/casit content ;  # top-level
_/casadvising content ;  # top-level
_/caadlab content ;  # top-level
_/cas-promotion content ;  # top-level
_/carnalknowledge content ;  # top-level
_/campaignkickoffvip content ;  # top-level
_/casinternal content ;  # top-level
_/cap content ;  # top-level
_/campussurvey content ;  # top-level
_/cashelpdesk content ;  # top-level
_/case-melville content ;  # top-level
_/campaignkickoff content ;  # top-level
_/cas/magazine content ;  #
_/castle content ;  # top-level
_/catholic content ;  # top-level
_/casstudentacademiclife content ;  # top-level
_/cas-tenure content ;  # top-level
_/caswpinternal content ;  # top-level
_/caryl content ;  # top-level
_/cardiovascular-medicine content ;  # top-level
_/casw content ;  # top-level
_/catering content ;  # top-level
_/capbridge content ;  # top-level
_/cader content ;  # top-level
_/careerex content ;  # top-level
_/cab content ;  # top-level
_/calendar phpbin ;  # top-level
##TODO: get phpmap entry for casdemo and put in separate file
_/caderonline content ;  # top-level
_/casgov content ;  # top-level
_/cagt content ;  # top-level
_/card content ;  # top-level
_/caspreprofessional content ;  # top-level
_/cas-scholars content ;  # top-level
_/cmmh content ;  # top-level
_/cmb content ;  # top-level
_/cmezian content ;  # top-level
_/cme content ;  # top-level
_/cmld content ;  # top-level
_/cmrl content ;  # top-level
_/cmu content ;  # top-level
_/cms content ;  # top-level
_/cmetips content ;  # top-level
_/cvn content ;  # top-level
_/childhoodtrauma content ;  # top-level
_/childlanguage content ;  # top-level
_/chelmsford content ;  # top-level
_/changingthegame content ;  # top-level
_/chapel content ;  # top-level
_/childcognition content ;  # top-level
_/chinese content ;  # top-level
_/choosemet content ;  # top-level
_/charles content ;  # top-level
_/checkpc content ;  # top-level
_/childlabs content ;  # top-level
_/charlesmed content ;  # top-level
_/childlab content ;  # top-level
_/chemistry content ;  # top-level
_/cise content ;  # top-level
_/cims content ;  # top-level
_/cip content ;  # top-level
_/cityplanning content ;  # top-level
_/citylab-olc content ;  # top-level
_/civsa content ;  # top-level
_/cism content ;  # top-level
_/citylab content ;  # top-level
_/citylabacademy content ;  # top-level
_/ciap content ;  # top-level
_/center-for-anxiety-related-disorders content ;  # top-level
_/celebrationvip content ;  # top-level
_/censsis content ;  # top-level
_/celop content ;  # top-level
_/centurychallenge content ;  # top-level
##TODO: get phpmap entry for cellphone-compliance and put in separate file
_/centers content ;  # top-level
_/celop-hub content ;  # top-level
_/ce content ;  # top-level
_/celebrationofbu content ;  # top-level
_/cecb content ;  # top-level
_/cedh content ;  # top-level
_/cet content ;  # top-level
_/cermak content ;  # top-level
_/ceei content ;  # top-level
_/cellular-imaging content ;  # top-level
_/cees content ;  # top-level
_/cel content ;  # top-level
_/ckls content ;  # top-level
_/consumer content ;  # top-level
_/comit content ;  # top-level
_/corporations content ;  # top-level
_/copley content ;  # top-level
_/counseling content ;  # top-level
_/comlabs content ;  # top-level
_/conscious content ;  # top-level
_/congregationalstudies content ;  # top-level
_/com-careers content ;  # top-level
_/coursenet content ;  # top-level
_/community content ;  # top-level
_/codes content ;  # top-level
_/cobth content ;  # top-level
_/cohenchallenge content ;  # top-level
_/coreframework content ;  # top-level
_/common content ;  # top-level
_/contact content ;  # top-level
_/commsurvey content ;  # top-level
_/cort content ;  # top-level
_/composition content ;  # top-level
_/cod content ;  # top-level
_/comp content ;  # top-level
_/com-dean-search content ;  # top-level
_/common-place content ;  # top-level
_/com2 content ;  # top-level
_/corpfound content ;  # top-level
_/cogneuro content ;  # top-level
_/com100 content ;  # top-level
_/computational-biomedicine content ;  # top-level
_/commavefair content ;  # top-level
_/coredesign content ;  # top-level
_/commonground content ;  # top-level
_/computationalimmunology content ;  # top-level
_/core content ;  # top-level
_/compnet content ;  # top-level
_/comm content ;  # top-level
_/comet content ;  # top-level
_/connect content ;  # top-level
##TODO: get phpmap entry for courseware-manager and put in separate file
_/comjobs content ;  # top-level
_/copyright content ;  # top-level
_/collegechampion content ;  # top-level
_/comtalk content ;  # top-level
_/countdown content ;  # top-level
_/coi content ;  # top-level
_/cores content ;  # top-level
_/construction content ;  # top-level
_/com-csc content ;  # top-level
_/compbiomed content ;  # top-level
_/complete content ;  # top-level
_/creative content ;  # top-level
_/crowdfunding content ;  # top-level
_/crm content ;  # top-level
_/crossdomain.xml content ;  # top-level
_/crro content ;  # top-level
_/crew content ;  # top-level
_/creedd content ;  # top-level
_/creativewriting content ;  # top-level
_/cre content ;  # top-level
_/crtimes content ;  # top-level
_/cghd content ;  # top-level
_/cgs content ;  # top-level
_/cgap content ;  # top-level
_/cgsnow content ;  # top-level
_/cga content ;  # top-level
_/cgs60th content ;  # top-level
_/cgcm content ;  # top-level
_/cgsa content ;  # top-level
_/cghdac content ;  # top-level
_/cfait content ;  # top-level
_/cfo content ;  # top-level
_/cfa-alumni content ;  # top-level
_/cfa-dean-search content ;  # top-level
_/cfdi content ;  # top-level
_/cftcc content ;  # top-level
_/cflp content ;  # top-level
_/cleanenergyventures content ;  # top-level
_/clarion content ;  # top-level
_/clinicalinvestigation content ;  # top-level
_/cliveg content ;  # top-level
_/classics content ;  # top-level
_/clerkship-subinternship content ;  # top-level
_/climate content ;  # top-level
_/classroom content ;  # top-level
_/clas content ;  # top-level
_/classgift content ;  # top-level
_/cpr content ;  # top-level
_/cphs content ;  # top-level
_/cpt content ;  # top-level
_/ctsi content ;  # top-level
_/ctf content ;  # top-level
_/cte content ;  # top-level
_/csc content ;  # top-level
_/cs content ;  # top-level
_/csp content ;  # top-level
_/csharp content ;  # top-level
_/csiacademy content ;  # top-level
_/cste content ;  # top-level
_/cscd content ;  # top-level
_/css content ;  # top-level
_/csmet content ;  # top-level
_/cd content ;  # top-level
_/cdl content ;  # top-level
_/cdc2007 content ;  # top-level
_/cdaly content ;  # top-level
_/cdn content ;  # top-level
_/culture content ;  # top-level
_/culinaryarts content ;  # top-level
_/cball content ;  # top-level
_/cbm content ;  # top-level
_/cbss content ;  # top-level
_/yac content ;  # top-level
_/y2kpartners content ;  # top-level
_/y2k content ;  # top-level
_/y2k-partners content ;  # top-level
_/yearbook content ;  # top-level
_/yourimpact content ;  # top-level
_/yourbusm content ;  # top-level
_/yourgift content ;  # top-level
_/youdo content ;  # top-level
_/wcp content ;  # top-level
_/wci-training-programs content ;  # top-level
_/wcbct2010 content ;  # top-level
_/wcrew content ;  # top-level
_/wwwv content ;  # top-level
_/www-test.bu.edu content ;  # top-level
_/wwildman content ;  # top-level
_/washington content ;  # top-level
_/washintern content ;  # top-level
  #whole_staging_site_in.cms content ;  # top-level
_/whistlingduck content ;  # top-level
_/whatsnew content ;  # top-level
_/whatsnew.html content ;  # top-level
_/win content ;  # top-level
_/wiki content ;  # top-level
_/wine content ;  # top-level
_/wiesel content ;  # top-level
_/wita content ;  # top-level
_/wib content ;  # top-level
_/wise content ;  # top-level
_/wilsonwonglab content ;  # top-level
_/wireless content ;  # top-level
_/winterfest content ;  # top-level
_/webcast content ;  # top-level
_/webmail content ;  # top-level
_/websummit content ;  # top-level
_/webteam/mgburns content ;  #
_/webteam/awbauer content ;  #
_/webteam/projects content ; #match ignore_prod.cms
_/weddings content ;  # top-level
_/weblogin content ;  # top-level
_/womenspolo content ;  # top-level
_/womensguild content ;  # top-level
_/woundbiotech content ;  # top-level
_/womenstudies content ;  # top-level
_/wonca content ;  # top-level
_/world content ;  # top-level
_/wordpress content ;  # top-level
_/wolozinlab content ;  # top-level
_/writingprogram content ;  # top-level
_/writing content ;  # top-level
_/wgrimes content ;  # top-level
_/wgs content ;  # top-level
_/wpmu/static content ;  #
_/wpmu/isilononly content ; #
_/wpnet content ;  # top-level
_/wptraining content ;  # top-level
##TODO: get phpmap entry for wp-deploy and put in separate file
_/wtbu content ;  # top-level
_/wbball content ;  # top-level
_/wbur content ;  # top-level
_/xzhou content ;  # top-level
_/xyz content ;  # top-level
_/nassr-2013 content ;  # top-level
_/naitest content ;  # top-level
_/navyrotc content ;  # top-level
_/nassr2013 content ;  # top-level
_/nanoheat content ;  # top-level
_/naeser content ;  # top-level
_/nano content ;  # top-level
_/narrative content ;  # top-level
_/nm content ;  # top-level
_/nmrc content ;  # top-level
_/nis-bkup content ;  # top-level
_/nis-sym content ;  # top-level
_/nislab content ;  # top-level
_/nida-mrc content ;  # top-level
_/nitrides content ;  # top-level
#  nisdev content ;  # top-level
_/nightingale content ;  # top-level
_/nisguide content ;  # top-level
_/nisprod content ;  # top-level
_/nisprojects content ;  # top-level
_/nis content ;  # top-level
_/networks content ;  # top-level
_/neh content ;  # top-level
_/neurorehabilitationlab content ;  # top-level
_/newswire content ;  # top-level
_/newindex4.html content ;  # top-level
_/neft content ;  # top-level
_/neuron content ;  # top-level
_/neuroengineering content ;  # top-level
_/netreg content ;  # top-level
_/neuro content ;  # top-level
_/neuropsychology content ;  # top-level
_/news2 content ;  # top-level
_/neurorehab content ;  # top-level
_/nehsummerworkshop content ;  # top-level
_/neural content ;  # top-level
_/newyear content ;  # top-level
_/newman content ;  # top-level
_/newindex3.html content ;  # top-level
_/neidl content ;  # top-level
_/newindex2.html content ;  # top-level
_/neuroscience content ;  # top-level
_/nerscic content ;  # top-level
_/newindex.html content ;  # top-level
_/nems content ;  # top-level
_/new2bu content ;  # top-level
_/neuromusculardisease content ;  # top-level
_/nox content ;  # top-level
_/nonprofitmba content ;  # top-level
_/noyce content ;  # top-level
_/north-campus content ;  # top-level
_/northmba content ;  # top-level
_/northcampus content ;  # top-level
_/nrc content ;  # top-level
_/nrotc content ;  # top-level
_/nfc content ;  # top-level
_/nf-kb content ;  # top-level
_/npl content ;  # top-level
_/ntt content ;  # top-level
_/nsg content ;  # top-level
_/nseg content ;  # top-level
_/accreditation content ;  # top-level
_/acoustics content ;  # top-level
_/aceilab content ;  # top-level
_/acs content ;  # top-level
_/academy content ;  # top-level
_/actforhealth content ;  # top-level
_/aclonline content ;  # top-level
_/acor content ;  # top-level
_/actuary content ;  # top-level
_/act content ;  # top-level
_/awship content ;  # top-level
_/analesgaldosianos content ;  # top-level
_/anatneuro content ;  # top-level
_/analytical-core content ;  # top-level
_/answers content ;  # top-level
_/animal content ;  # top-level
_/annualfund content ;  # top-level
_/anep content ;  # top-level
_/anatomy content ;  # top-level
_/anajam content ;  # top-level
_/annualfundroster content ;  # top-level
_/anthrop content ;  # top-level
_/anderssonlab content ;  # top-level
_/anxiety content ;  # top-level
_/animalcare content ;  # top-level
_/aat content ;  # top-level
_/aaastudy content ;  # top-level
_/aac content ;  # top-level
_/ampprogram content ;  # top-level
_/ame content ;  # top-level
_/amp content ;  # top-level
_/amyloid content ;  # top-level
_/avl content ;  # top-level
_/av content ;  # top-level
_/ah content ;  # top-level
_/airo content ;  # top-level
_/aiaa content ;  # top-level
_/aig content ;  # top-level
_/aias content ;  # top-level
_/aemdprl content ;  # top-level
_/aeacus content ;  # top-level
_/aodhealth content ;  # top-level
_/ar content ;  # top-level
_/arn content ;  # top-level
_/arche content ;  # top-level
_/artaid content ;  # top-level
_/art content ;  # top-level
_/armyrotc content ;  # top-level
_/armenia content ;  # top-level
_/archaeology content ;  # top-level
_/arts content ;  # top-level
_/arlington content ;  # top-level
_/ars content ;  # top-level
_/archsci content ;  # top-level
_/army content ;  # top-level
_/arrows content ;  # top-level
_/arcs content ;  # top-level
_/archive-vista content ;  # top-level
_/artsaid content ;  # top-level
_/art.ro content ;  # top-level
_/artsadmin content ;  # top-level
_/artslive content ;  # top-level
_/arthritis-center content ;  # top-level
_/archives content ;  # top-level
_/ag content ;  # top-level
_/agingbrain content ;  # top-level
_/agep content ;  # top-level
_/agganisarena content ;  # top-level
_/afam content ;  # top-level
_/af-rotc content ;  # top-level
_/afox content ;  # top-level
_/afrotc content ;  # top-level
_/afr content ;  # top-level
_/alumnicollege content ;  # top-level
_/alcohol-forum content ;  # top-level
_/albert content ;  # top-level
_/alzresearch content ;  # top-level
_/allocate content ;  # top-level
_/alumni-forms content ;  # top-level
_/alumniweekend content ;  # top-level
_/alistaircooke content ;  # top-level
_/alert content-nocache ;  # top-level
_/alpha-1 content ;  # top-level
_/alumnirelations content ;  # top-level
_/alumni content ;  # top-level
_/alcoholeducationforyouth content ;  # top-level
_/aldolase content ;  # top-level
_/apfd content ;  # top-level
_/aphasia content ;  # top-level
_/aparcrt content ;  # top-level
_/apr content ;  # top-level
_/apreso content ;  # top-level
_/applied-linguistics content ;  # top-level
_/aparc content ;  # top-level
_/apc content ;  # top-level
_/apls content ;  # top-level
_/apply content ;  # top-level
_/ap content ;  # top-level
_/apps-rewrite content ;  # top-level
_/aphasiacenter content ;  # top-level
_/aphasiareflections content ;  # top-level
_/aphasiaresearch content ;  # top-level
_/apcsc content ;  # top-level
##TODO: get phpmap entry for api and put in separate file
_/atttend content ;  # top-level
_/attend content ;  # top-level
_/attention content ;  # top-level
_/athletics content ;  # top-level
_/atssa content ;  # top-level
_/asor content ;  # top-level
_/assistive_technology content ;  # top-level
_/asianarc content ;  # top-level
_/asllrp content ;  # top-level
_/assist_tech content ;  # top-level
_/astronomy content ;  # top-level
_/advancement content ;  # top-level
_/admissions-signage content ;  # top-level
_/addictions content ;  # top-level
_/addiction content ;  # top-level
_/adminsc content ;  # top-level
_/admissionsstatic content ;  # top-level
_/adlab content ;  # top-level
_/admissions/applicantlink content ;  #
_/auctions content ;  # top-level
_/auth-test content ; #top-level for authentication load test
_/autismconnections content ;  # top-level
_/autism content ;  # top-level
_/auckland content ;  # top-level
_/aux content ;  # top-level
_/auxiliary-services content ;  # top-level
_/abl content ;  # top-level
_/aboutcgs content ;  # top-level
_/abrahamicreligionssymposium content ;  # top-level
_/abroad-dublin content ;  # top-level
_/abroadatbu content ;  # top-level
_/mzank content ;  # top-level
_/mcinnes content ;  # top-level
_/mcapr content ;  # top-level
_/mch content ;  # top-level
_/mcbb content ;  # top-level
_/mcoh content ;  # top-level
_/myprint content ;  # top-level
_/myopathy content ;  # top-level
_/myocardial content ;  # top-level
_/mysummer content ;  # top-level
_/mybu content ;  # top-level
_/mathfn content ;  # top-level
_/mag content ;  # top-level
_/marketsandpolicy content ;  # top-level
_/marshgiving content ;  # top-level
_/management-old content ;  # top-level
_/matthies content ;  # top-level
_/mattdm content ;  # top-level
_/marshplaza content ;  # top-level
_/madrid content ;  # top-level
_/map content ;  # top-level
_/marks-test-blog3 content ;  # top-level
#  maps content ;  # top-level
_/marketingscience2012 content ;  # top-level
_/madlab content ;  # top-level
_/masscoalitionfororalhealth content ;  # top-level
_/makeagift content ;  # top-level
_/make content ;  # top-level
_/marks-test-blog content ;  # top-level
_/marsh content ;  # top-level
_/mailservices content ;  # top-level
_/mathfinance content ;  # top-level
_/marks-test-blog2 content ;  # top-level
_/mathematicseducation content ;  # top-level
_/masstwins content ;  # top-level
_/mahoa content ;  # top-level
_/maintenance content ;  # top-level
_/marketplaceinfo content ;  # top-level
_/mathfinanceconference content ;  # top-level
_/masterit content ;  # top-level
_/match content ;  # top-level
_/management-event content ;  # top-level
_/maci content ;  # top-level
_/mml content ;  # top-level
_/mvp content ;  # top-level
_/miaac content ;  # top-level
_/millionhours content ;  # top-level
_/mille content ;  # top-level
_/military content ;  # top-level
_/missiology content ;  # top-level
_/mii content ;  # top-level
_/minds content ;  # top-level
_/mickswan content ;  # top-level
_/midas content ;  # top-level
_/militarynight content ;  # top-level
_/microscopylab content ;  # top-level
_/microarray content ;  # top-level
_/mih content ;  # top-level
_/microstratigraphy content ;  # top-level
_/medevents content ;  # top-level
_/mediatoday content ;  # top-level
_/medlibstaff content ;  # top-level
_/menorca content ;  # top-level
_/met-eti content ;  # top-level
_/met-research content ;  # top-level
_/medfellowship content ;  # top-level
_/metfacultydevelopment content ;  # top-level
_/medclassnotes content ;  # top-level
_/mediaguidebook content ;  # top-level
_/metadmin content ;  # top-level
_/medalum content ;  # top-level
_/metpm content ;  # top-level
_/metabolomics content ;  # top-level
_/medaw content ;  # top-level
_/messiaen content ;  # top-level
_/mec content ;  # top-level
_/medieval content ;  # top-level
_/medgrossanatomy content ;  # top-level
_/mentalhealth content ;  # top-level
_/medenews content ;  # top-level
_/metro content ;  # top-level
_/media content ;  # top-level
_/meller content ;  # top-level
_/metmarcom content ;  # top-level
_/medschool content ;  # top-level
_/met/homepage content ;  #
_/metropolitan content ;  # top-level
_/medalumni content ;  # top-level
_/metit content ;  # top-level
_/mena content ;  # top-level
_/medstures content ;  # top-level
_/mentornet content ;  # top-level
_/metinternational content ;  # top-level
_/medal content ;  # top-level
_/mkramer content ;  # top-level
_/motordevlab content ;  # top-level
_/morin content ;  # top-level
_/move-out content ;  # top-level
_/modl content ;  # top-level
_/mobile-life-workshop content ;  # top-level
_/mobilelab content ;  # top-level
_/motives content ;  # top-level
_/moc content ;  # top-level
_/mrg content ;  # top-level
_/mgburns content ;  # top-level
_/mfd content ;  # top-level
_/mfll content ;  # top-level
_/mfeldman content ;  # top-level
_/mlkjr content ;  # top-level
_/mlstaff content ;  # top-level
_/mlcl content ;  # top-level
_/mln content ;  # top-level
_/mlv content ;  # top-level
_/mpact content ;  # top-level
_/msm content ;  # top-level
_/msim content ;  # top-level
_/msadvertising content ;  # top-level
_/mspring content ;  # top-level
_/mscasecomp content ;  # top-level
_/msphotonics content ;  # top-level
_/msmf content ;  # top-level
_/msmba content ;  # top-level
_/mslade-test content ;  # top-level
_/mdparents content ;  # top-level
_/mdrc content ;  # top-level
_/mdowney content ;  # top-level
_/musicology content ;  # top-level
_/muedpolicyproject content ;  # top-level
_/multimediapoet content ;  # top-level
_/mugarlab content ;  # top-level
_/muhlbergerlab content ;  # top-level
_/mbta content ;  # top-level
_/mbabu content ;  # top-level
_/mba2010 content ;  # top-level
_/mbanorth content ;  # top-level
_/mba-programs content ;  # top-level
_/mba-finance content ;  # top-level
_/mba-event content ;  # top-level
_/mbs content ;  # top-level
_/mba-apply content ;  # top-level
_/mba-guide content ;  # top-level
_/mbamph content ;  # top-level
_/mba content ;  # top-level
_/mba-facts content ;  # top-level
_/28qatest content ;  # top-level
_/236magazine content ;  # top-level
_/25000 content ;  # top-level
_/200word content ;  # top-level
_/qa-2 content ;  # top-level
_/qa-3 content ;  # top-level
_/qa-1 content ;  # top-level
_/qa-4 content ;  # top-level
_/qale content ;  # top-level
_/qil content ;  # top-level
_/qtencoder content ;  # top-level
_/qtencodersdp content ;  # top-level
_/quito content ;  # top-level
_/quickpolls content ;  # top-level
_/quantumconcepts content ;  # top-level
_/qualtrics content ;  # top-level
_/quantum content ;  # top-level
_/quitnet content ;  # top-level
_/qbp content ;  # top-level
_/vcb content ;  # top-level
_/vnns content ;  # top-level
_/vasculitis content ;  # top-level
_/vangons content ;  # top-level
_/vista-archive content ;  # top-level
_/virtualpatient content ;  # top-level
_/visit content ;  # top-level
_/video content ;  # top-level
_/vip content ;  # top-level
_/vista content ;  # top-level
_/visionlab content ;  # top-level
_/vending content ;  # top-level
_/vesalius content ;  # top-level
_/vetsatwins content ;  # top-level
_/vrc content ;  # top-level
_/vpdos content ;  # top-level
_/vpensa content ;  # top-level
_/hj2013 content ;  # top-level
_/hcep content ;  # top-level
_/hydrology content ;  # top-level
_/haneke content ;  # top-level
_/haydn content ;  # top-level
_/hagen content ;  # top-level
_/hanlab content ;  # top-level
_/handbook content ;  # top-level
_/haydarlab content ;  # top-level
_/haitihelp content ;  # top-level
_/hasselmo content ;  # top-level
_/hhh content ;  # top-level
_/hic content ;  # top-level
_/hilleldining content ;  # top-level
_/hipaa content ;  # top-level
_/histology content ;  # top-level
_/hipart content ;  # top-level
_/hiccse content ;  # top-level
_/high-throughput content ;  # top-level
_/hi content ;  # top-level
_/historic content ;  # top-level
_/hillel content ;  # top-level
_/hicse content ;  # top-level
_/helpinfo content ;  # top-level
_/healthfit content ;  # top-level
_/hem-masters content ;  # top-level
_/healthyminds content ;  # top-level
_/healthconnection content ;  # top-level
_/herbalstudy content ;  # top-level
_/help content ;  # top-level
_/home-media content ;  # top-level
_/hotelcommonwealth content ;  # top-level
_/housing2010 content ;  # top-level
_/hoarding content ;  # top-level
_/hockeygolf content ;  # top-level
_/homepage aws_home ;  # top-level
_/home aws_home ;  # top-level
_/holmul content ;  # top-level
_/hockey-task-force content ;  # top-level
_/homecoming content ;  # top-level
_/honoringeve content ;  # top-level
_/honordeanwells content ;  # top-level
_/homiletical-theology-project content ;  # top-level
_/homeimages content ;  # top-level
_/homepage2 content ;  # top-level
_/hr/documents content ;  #
_/hrc content ;  # top-level
_/hrpi content ;  # top-level
_/hre content ;  # top-level
_/hf content ;  # top-level
_/hprp content ;  # top-level
_/hpcworkshop content ;  # top-level
_/hpl content ;  # top-level
_/hps-scied content ;  # top-level
_/hts-core content ;  # top-level
_/htpp content ;  # top-level
_/htbin.ph content ;  # top-level
##TODO: get phpmap entry for html-email and put in separate file
_/htmg content ;  # top-level
_/hsdeptclined content ;  # top-level
_/hdhd content ;  # top-level
_/hdgolf content ;  # top-level
_/hdr content ;  # top-level
_/hdwg content ;  # top-level
_/huntington content ;  # top-level
_/humandevelopment content ;  # top-level
_/humanities content ;  # top-level
_/icshm content ;  # top-level
_/ict content ;  # top-level
_/icce15 content ;  # top-level
_/ice content ;  # top-level
_/icsg content ;  # top-level
_/icons content ;  # top-level
_/interative_design content ;  # top-level
_/integrativemed content ;  # top-level
_/inst-tech content ;  # top-level
_/india2010 content ;  # top-level
_/interv content ;  # top-level
_/index2.html content ;  # top-level
_/india-global content ;  # top-level
_/investigate content ;  # top-level
_/index.html aws_home_index ;  # top-level
_/integratedmed content ;  # top-level
_/inaugural content ;  # top-level
_/infantcp content ;  # top-level
_/info content ;  # top-level
_/indiaroi content ;  # top-level
_/international content ;  # top-level
_/inml content ;  # top-level
_/inmlcfp content ;  # top-level
_/infancp content ;  # top-level
_/index99.html content ;  # top-level
##TODO: get phpmap entry for index and put in separate file
_/inauguration content ;  # top-level
_/index3.html content ;  # top-level
_/interactive content ;  # top-level
_/infosec content ;  # top-level
_/insidecampaign content ;  # top-level
_/interleukin-16 content ;  # top-level
_/infocenter content ;  # top-level
_/intracghd content ;  # top-level
_/injurypsychology content ;  # top-level
_/inmlprograms content ;  # top-level
_/inmlcore content ;  # top-level
_/indigobirds content ;  # top-level
_/iaen content ;  # top-level
_/iaj content ;  # top-level
_/iass content ;  # top-level
_/iar content ;  # top-level
_/impact content ;  # top-level
_/im-intranet content ;  # top-level
_/im-residency content ;  # top-level
_/immunohistochemistry-core content ;  # top-level
_/iml content ;  # top-level
_/images content ;  # top-level
_/impac content ;  # top-level
_/i2b2 content ;  # top-level
_/ivcf content ;  # top-level
_/ihp content ;  # top-level
_/ihs content ;  # top-level
_/ihblast content ;  # top-level
_/ihi content ;  # top-level
_/iis content ;  # top-level
_/iip content ;  # top-level
_/iedp content ;  # top-level
_/i3e-ac content ;  # top-level
_/ionchannelcalcium content ;  # top-level
_/ioc content ;  # top-level
_/irc content ;  # top-level
_/ircenter content ;  # top-level
_/irb content ;  # top-level
_/iraopportunity content ;  # top-level
_/irwa content ;  # top-level
_/irafa content ;  # top-level
_/irsd content ;  # top-level
_/igert content ;  # top-level
_/igsw-register content ;  # top-level
_/igsw content ;  # top-level
_/ilj content ;  # top-level
_/ipe content ;  # top-level
_/iptech content ;  # top-level
_/iphone content ;  # top-level
_/ipcp content ;  # top-level
_/ipr content ;  # top-level
_/ipl content ;  # top-level
_/itunesu content ;  # top-level
_/ithelp content ;  # top-level
_/itcommon content ;  # top-level
_/itec content ;  # top-level
_/it content ;  # top-level
_/italian content ;  # top-level
_/farewell content ;  # top-level
_/it-commons content ;  # top-level
_/itrp content ;  # top-level
_/it-common content ;  # top-level
_/it_front_office content ;  # top-level
_/itunes content ;  # top-level
_/ithelpsandbox content ;  # top-level
_/istnews content ;  # top-level
_/isi content ;  # top-level
_/iscf content ;  # top-level
_/isingh2 content ;  # top-level
_/ist-sa content ;  # top-level
_/isec content ;  # top-level
_/isso content ;  # top-level
_/isle content ;  # top-level
_/iss content ;  # top-level
_/ist-news content ;  # top-level
_/iscip content ;  # top-level
_/ist-intranet content ;  # top-level
_/ist-automation content ;  # top-level
_/ist content ;  # top-level
_/isic content ;  # top-level
_/isps content ;  # top-level
_/id content ;  # top-level
_/idp content ;  # top-level
_/ezproxy content ;  # top-level
_/ecpt content ;  # top-level
_/echu content ;  # top-level
_/ecrop content ;  # top-level
_/ecologyonline content ;  # top-level
_/econ content ;  # top-level
_/ece-clotho content ;  # top-level
_/ecofest content ;  # top-level
_/ece-cidar content ;  # top-level
_/econometrics content ;  # top-level
_/eye content ;  # top-level
_/experts content ;  # top-level
_/execmba content ;  # top-level
_/exerciseandcancer content ;  # top-level
_/exec content ;  # top-level
_/experience-room content ;  # top-level
_/executive content ;  # top-level
_/explore phpbin ;  # top-level
_/extended content ;  # top-level
_/explorations content ;  # top-level
_/executivemba content ;  # top-level
_/exafmm content ;  # top-level
_/experience content ;  # top-level
_/exchange content ;  # top-level
_/excellence content ;  # top-level
_/executivevp content ;  # top-level
_/ensa content ;  # top-level
_/encoder content ;  # top-level
_/energytransitions content ;  # top-level
_/eng-news content ;  # top-level
_/environment content ;  # top-level
_/engit content ;  # top-level
_/english-backup content ;  # top-level
_/entrepreneurship content ;  # top-level
_/enrsa content ;  # top-level
_/english content ;  # top-level
_/energy content ;  # top-level
_/ensembles content ;  # top-level
_/earlymusic content ;  # top-level
_/eas content ;  # top-level
_/embafaculty content ;  # top-level
_/emba09 content ;  # top-level
_/emba-facts content ;  # top-level
_/emoc content ;  # top-level
_/eml content ;  # top-level
_/emba22 content ;  # top-level
_/emba1 content ;  # top-level
_/embainfo content ;  # top-level
_/emba content ;  # top-level
_/emergingmedia content ;  # top-level
_/embacurriculum content ;  # top-level
_/emt content ;  # top-level
_/events content ;  # top-level
_/evening-info content ;  # top-level
_/evcon content ;  # top-level
_/evp content ;  # top-level
_/everett content ;  # top-level
_/evening content ;  # top-level
_/evergreen content ;  # top-level
_/eveningmba content ;  # top-level
_/ehs-mobile-test content ;  # top-level
_/ehs-mc content ;  # top-level
_/ehsmc content ;  # top-level
_/ehs content ;  # top-level
_/eeef content ;  # top-level
_/ee content ;  # top-level
_/eeo content ;  # top-level
_/eoo content ;  # top-level
_/er content ;  # top-level
_/erp content ;  # top-level
_/erc content ;  # top-level
_/egch content ;  # top-level
_/eforwarding content ;  # top-level
_/election content ;  # top-level
_/eportfolio content ;  # top-level
_/episcopal content ;  # top-level
_/ethics content ;  # top-level
_/etc content ;  # top-level
_/ethno content ;  # top-level
_/ethnomusicology content ;  # top-level
_/esa content ;  # top-level
_/esi content ;  # top-level
_/esprit content ;  # top-level
_/escort content ;  # top-level
_/estateplanning content ;  # top-level
_/eso content ;  # top-level
_/es content ;  # top-level
_/esl content ;  # top-level
_/esf content ;  # top-level
_/edrt content ;  # top-level
_/edtechcouncil content ;  # top-level
_/education content ;  # top-level
_/edneuro content ;  # top-level
_/editinst content ;  # top-level
_/eugene content ;  # top-level
_/european content ;  # top-level
_/euforyou content ;  # top-level
_/ebrochures content ;  # top-level
_/3dcampus content ;  # top-level
_/kcrm content ;  # top-level
_/kandarian content ;  # top-level
_/karystos content ;  # top-level
_/katkom content ;  # top-level
_/katrina content ;  # top-level
_/khalillab content ;  # top-level
_/kidsworld content ;  # top-level
_/kiosk content ;  # top-level
_/kidneypathlab content ;  # top-level
_/kidsincontext content ;  # top-level
_/kerberos content ;  # top-level
_/kerberosonly content ;  # top-level
_/kenmore content ;  # top-level
_/kendall content ;  # top-level
_/krugman content ;  # top-level
_/klapperich content ;  # top-level
_/kpw content ;  # top-level
_/kuntzelab content ;  # top-level
_/ocn content ;  # top-level
_/ocs content ;  # top-level
_/onestop content ;  # top-level
_/online content ;  # top-level
_/online-portal content ;  # top-level
_/onbase-ug content ;  # top-level
_/oad content ;  # top-level
_/oas content ;  # top-level
_/oaa content ;  # top-level
_/oma content ;  # top-level
_/omc content ;  # top-level
_/ombuds content ;  # top-level
_/om content ;  # top-level
_/ovc-care content ;  # top-level
_/oittest content ;  # top-level
_/oep content ;  # top-level
_/orcid content ;  # top-level
_/organlibrary content ;  # top-level
_/orccommittees content ;  # top-level
_/orctraining content ;  # top-level
_/ortho content ;  # top-level
_/orpm content ;  # top-level
_/orl content ;  # top-level
_/ofa content ;  # top-level
_/offices content ;  # top-level
_/offcampus content ;  # top-level
_/office365 content ;  # top-level
_/opg content ;  # top-level
_/operations content ;  # top-level
_/openaccess content ;  # top-level
_/ot content ;  # top-level
_/otherwithin content ;  # top-level
_/osp content ;  # top-level
_/oscar-berman content ;  # top-level
_/osa_spie content ;  # top-level
_/osc content ;  # top-level
_/osfm content ;  # top-level
_/odbl content ;  # top-level
_/odsreunionsurvey content ;  # top-level
_/output content ;  # top-level
_/outreach content ;  # top-level
_/outdoor content ;  # top-level
_/obgyn-clerkship content ;  # top-level
_/obgyn content ;  # top-level
_/rcl content ;  # top-level
_/rc content ;  # top-level
_/rccp content ;  # top-level
_/rct content ;  # top-level
_/rcrc content ;  # top-level
_/ryeany content ;  # top-level
_/rayleigh content ;  # top-level
_/raceto50 content ;  # top-level
_/raisethebar content ;  # top-level
_/ravidlab content ;  # top-level
_/rvs content ;  # top-level
_/rhett-talks content ;  # top-level
_/rims content ;  # top-level
_/rize content ;  # top-level
_/rilke content ;  # top-level
_/rideshare content ;  # top-level
_/risk content ;  # top-level
_/richardgoldsteinlab content ;  # top-level
_/reslife content ;  # top-level
_/recycling content ;  # top-level
_/rehab content ;  # top-level
_/recording content ;  # top-level
_/researchcommittees content ;  # top-level
_/research-compliance content ;  # top-level
_/resilience content ;  # top-level
_/reliable content ;  # top-level
_/reinhardlab content ;  # top-level
_/recognizes content ;  # top-level
_/reply content ;  # top-level
_/receptions content ;  # top-level
_/regionalization content ;  # top-level
_/reports content ;  # top-level
_/remotehelp content ;  # top-level
_/religion content ;  # top-level
_/respectregistry content ;  # top-level
_/research-internal content ;  # top-level
_/reman content ;  # top-level
_/registrar content ;  # top-level
_/research-external content ;  # top-level
_/recentgrads content ;  # top-level
_/register content ;  # top-level
_/revpash content ;  # top-level
_/remember content ;  # top-level
_/retired content ;  # top-level
_/resnet content ;  # top-level
_/research/wp-assets content ;  #
_/research/email content ;  #
_/reunion content ;  # top-level
_/resources content ;  # top-level
_/robots.txt content ;  # top-level
_/rohp content ;  # top-level
_/roybal content ;  # top-level
_/roaric content ;  # top-level
_/ror content ;  # top-level
_/rosa content ;  # top-level
_/rocket content ;  # top-level
_/rrtcout content ;  # top-level
_/rl content ;  # top-level
_/rpm/panos content ;  #
##TODO: get phpmap entry for rpm-agreements and put in separate file
_/rsg content ;  # top-level
_/rss content ;  # top-level
_/rs content ;  # top-level
_/rdlewis content ;  # top-level
_/rbfl content ;  # top-level
_/rbarnett content ;  # top-level
_/gcc content ;  # top-level
_/gc content ;  # top-level
_/gyoung content ;  # top-level
_/gwise content ;  # top-level
_/galacticring content ;  # top-level
_/games content ;  # top-level
_/gastronomy content ;  # top-level
_/gms content ;  # top-level
_/g2kge content ;  # top-level
_/ghc content ;  # top-level
_/ghblast content ;  # top-level
_/ghi content ;  # top-level
_/ghpci content ;  # top-level
_/give content ;  # top-level
_/giving content ;  # top-level
_/giftcalculator content ;  # top-level
_/givethepoint content ;  # top-level
_/giveonline content ;  # top-level
_/giveclassgift content ;  # top-level
_/gift content ;  # top-level
_/givingsocieties content ;  # top-level
_/givetoday content ;  # top-level
_/givethroughbu content ;  # top-level
_/gipgap content ;  # top-level
_/give2busm content ;  # top-level
_/givingday content ;  # top-level
_/givingback content ;  # top-level
_/gep content ;  # top-level
_/gensex content ;  # top-level
_/generalsurgery content ;  # top-level
_/geochemistry content ;  # top-level
_/gegi content ;  # top-level
_/geoscience content ;  # top-level
_/gerontology content ;  # top-level
_/geosciences content ;  # top-level
_/geophysics content ;  # top-level
_/genome content ;  # top-level
_/geneva content ;  # top-level
_/geology content ;  # top-level
_/geddes content ;  # top-level
_/getready content ;  # top-level
_/geriatrics content ;  # top-level
_/genetics content ;  # top-level
_/geography content ;  # top-level
_/gk12 content ;  # top-level
_/google665a4eb2dcd06afe.html content ;  # top-level
_/google9f2e7abecb89081e.html content ;  # top-level
_/google content ;  # top-level
_/googlehostedservice.html content ;  # top-level
_/google46db49694c214422.html content ;  # top-level
_/google99ca0794d90971e7.html content ;  # top-level
_/googlec64352682593c8e8.html content ;  # top-level
_/gobu content ;  # top-level
_/govcenter content ;  # top-level
_/goglobal content ;  # top-level
_/googlesites content ;  # top-level
_/googledc42a80ca7f24a7b.html content ;  # top-level
_/go content ;  # top-level
_/greetbu content ;  # top-level
_/grenoble content ;  # top-level
_/greeklife content ;  # top-level
_/graphics content ;  # top-level
_/globalexec content ;  # top-level
_/globalquestionnaire content ;  # top-level
_/globaldayofservice content ;  # top-level
_/glaisne content ;  # top-level
_/globalprograms content ;  # top-level
_/globalfuture content ;  # top-level
_/glc content ;  # top-level
_/globalops-questionnaire content ;  # top-level
_/glacier content ;  # top-level
_/globe content ;  # top-level
_/global content ;  # top-level
_/globalbeat content ;  # top-level
_/globaltoast content ;  # top-level
_/globaloperations content ;  # top-level
_/globalmfg content ;  # top-level
_/globalmediakit content ;  # top-level
_/global-crisis content ;  # top-level
_/gpgg content ;  # top-level
_/gpmm content ;  # top-level
_/gpts content ;  # top-level
_/gplc content ;  # top-level
_/gpto content ;  # top-level
_/gsu content ;  # top-level
_/gsm content ;  # top-level
_/gso content ;  # top-level
_/gsi content ;  # top-level
_/gdrs content ;  # top-level
_/gdp content ;  # top-level
_/gds content ;  # top-level
_/fcoi content ;  # top-level
_/fye content ;  # top-level
_/fysopstyle content ;  # top-level
_/favicon.ico content ;  # top-level
_/familymed content ;  # top-level
_/faculty-council content ;  # top-level
_/fammed content ;  # top-level
  #farewell content ;  # top-level
_/fafc-files content ;  # top-level
_/fafc content ;  # top-level
_/faculty-mslade1 content ;  # top-level
_/families content ;  # top-level
_/facultycouncil content ;  # top-level
_/faqs content ;  # top-level
_/fabde content ;  # top-level
_/faculty-funding content ;  # top-level
_/family content ;  # top-level
_/faculty content ;  # top-level
_/fames content ;  # top-level
_/favoritepoem content ;  # top-level
_/fmherbalstudy content ;  # top-level
_/fhs content ;  # top-level
_/fhcmi content ;  # top-level
_/finance content ;  # top-level
_/finaid/status_documents content ;  #
_/finaid/pdfs content ;  #
_/finaid/fedfunds content ;  #
_/finplanners content ;  # top-level
_/firesafety content ;  # top-level
_/firstpoint content ;  # top-level
##TODO: get phpmap entry for fifty-states and put in separate file
_/federal content ;  # top-level
_/festival content ;  # top-level
_/feltensteinchallenge content ;  # top-level
_/features content ;  # top-level
_/fetters content ;  # top-level
_/formerworker content ;  # top-level
_/foreignpolicyconf content ;  # top-level
_/foo content ;  # top-level
_/forensicanthro content ;  # top-level
_/forse content ;  # top-level
_/forms content ;  # top-level
_/forensicinvestigation content ;  # top-level
_/foodandwine content ;  # top-level
_/foundations content ;  # top-level
_/forums content ;  # top-level
_/franco content ;  # top-level
_/freshmen content ;  # top-level
_/frydmanlab content ;  # top-level
_/flexi-framework content ;  # top-level
_/flow-cytometry content ;  # top-level
_/flexi-basic content ;  # top-level
_/fluidlab content ;  # top-level
_/florencenightingale content ;  # top-level
_/fps content ;  # top-level
_/ftp-survey content ;  # top-level
_/ftl content ;  # top-level
_/ftcc content ;  # top-level
_/fsl content ;  # top-level
_/fsap content ;  # top-level
_/fsao content ;  # top-level
_/fdretf content ;  # top-level
_/fd content ;  # top-level
_/futuremba content ;  # top-level
_/ljerrett content ;  # top-level
_/lcme content ;  # top-level
_/lcsc content ;  # top-level
_/lamilpa content ;  # top-level
_/laane content ;  # top-level
_/law.bkup content ;  # top-level
_/language content ;  # top-level
_/las content ;  # top-level
_/lawgiving content ;  # top-level
_/laverdes content ;  # top-level
_/lamovie content ;  # top-level
_/old.law content ;  # top-level
_/law/workingpapers-archive content ;  #
_/law/journals-archive content ;  #
_/laprogram content ;  # top-level
_/lawyearbooks content ;  # top-level
##TODO: get phpmap entry for law-pub and put in separate file
_/lab content ;  # top-level
_/laloba content ;  # top-level
_/lawav content ;  # top-level
_/lawdean content ;  # top-level
_/lawlibrary content ;  # top-level
_/latenightkitchen content ;  # top-level
_/lawlibintranet content ;  # top-level
_/lmn content ;  # top-level
_/lms content ;  # top-level
_/lvn content ;  # top-level
_/litphil content ;  # top-level
_/lifebook content ;  # top-level
_/linguistics.ro content ;  # top-level
_/lifesciences content ;  # top-level
_/literary content ;  # top-level
_/liveon content ;  # top-level
_/linux content ;  # top-level
_/links content ;  # top-level
_/linga content ;  # top-level
_/linguistics content ;  # top-level
_/lifelong content ;  # top-level
_/links2 content ;  # top-level
_/lite content ;  # top-level
_/liberalstudies content ;  # top-level
_/libdb-old content ;  # top-level
_/libfiles content ;  # top-level
_/lifelonglearning content ;  # top-level
_/life content ;  # top-level
_/libdb content ;  # top-level
_/libdb-tst content ;  # top-level
_/index.asis content ;  # top-level
_/leed100bsr content ;  # top-level
_/leegroup content ;  # top-level
_/learn content ;  # top-level
_/levantine-ceramics content ;  # top-level
_/lecturesincriticism content ;  # top-level
_/lernet content ;  # top-level
_/leed content ;  # top-level
_/lesotho content ;  # top-level
_/learninglab content ;  # top-level
_/lecture content ;  # top-level
_/leboha content ;  # top-level
_/leading-by-example content ;  # top-level
_/losangeles content ;  # top-level
_/logout content ;  # top-level
_/login content ;  # top-level
_/london content ;  # top-level
_/lovecanal content ;  # top-level
_/lu-lingzi-fund content ;  # top-level
_/lungs content ;  # top-level
_/lully content ;  # top-level
_/lutheran content ;  # top-level
_/luce content ;  # top-level
_/pzekos content ;  # top-level
_/pcl content ;  # top-level
_/pc content ;  # top-level
_/pci content ;  # top-level
_/pcsc content ;  # top-level
_/pcms content ;  # top-level
_/pnemec content ;  # top-level
_/parttimefaculty content ;  # top-level
_/paclab content ;  # top-level
_/parentsprogram content ;  # top-level
_/paris content ;  # top-level
_/pasi-tsunami content ;  # top-level
_/parkstreet content ;  # top-level
_/paprogram content ;  # top-level
_/pathology content ;  # top-level
_/paiella content ;  # top-level
_/panek content ;  # top-level
_/parentmagazine content ;  # top-level
_/paideia content ;  # top-level
_/parklab content ;  # top-level
_/partisanreview content ;  # top-level
_/pardeestaff content ;  # top-level
_/payroll content ;  # top-level
_/padua content ;  # top-level
_/parentsweekend content ;  # top-level
_/parents content ;  # top-level
_/pasi content ;  # top-level
_/paadmissions content ;  # top-level
_/parentfund content ;  # top-level
_/padova content ;  # top-level
_/parking/dbtemplates content ;  #
_/pace content ;  # top-level
_/payment content ;  # top-level
_/pm content ;  # top-level
_/p2pguide content ;  # top-level
_/p48pu6em39z6neb6rre8i4wx35x6dv.html content ; # top-level
_/phylogeny content ;  # top-level
#  phpbin.rw content ;  # top-level
#  phpbin content ;  # top-level
_/photo content ;  # top-level
_/phys-biophys content ;  # top-level
_/phhprc content ;  # top-level
_/phpbin-selector content ;  # top-level
_/photonics content ;  # top-level
_/philo content ;  # top-level
_/physics content ;  # top-level
#  phpbin.ro content ;  # top-level
_/pharm content ;  # top-level
_/pilj content ;  # top-level
_/pike content ;  # top-level
_/picf content ;  # top-level
_/pin content ;  # top-level
_/peermentor content ;  # top-level
_/personnel content ;  # top-level
_/pep content ;  # top-level
_/perd content ;  # top-level
_/peaclab content ;  # top-level
_/pehs content ;  # top-level
_/perlstaff content ;  # top-level
_/peeradvising content ;  # top-level
_/pehc content ;  # top-level
_/pemba content ;  # top-level
_/posenprogram content ;  # top-level
_/polisci content ;  # top-level
_/porco content ;  # top-level
_/polymer content ;  # top-level
_/pocketmba content ;  # top-level
_/policies content ;  # top-level
_/police content ;  # top-level
_/prerelease content ;  # top-level
_/president content ;  # top-level
_/preview aws_home ;
_/projectgo content ;  # top-level
_/proposaldevelopment content ;  # top-level
_/prism content ;  # top-level
_/professorvoices content ;  # top-level
_/premodern content ;  # top-level
_/presidential-functions content ;  # top-level
_/prehealth content ;  # top-level
_/prudential content ;  # top-level
_/professional content ;  # top-level
_/prlab content ;  # top-level
_/prc content ;  # top-level
_/proarte content ;  # top-level
_/provost2 content ;  # top-level
_/presidentsearch content ;  # top-level
_/prssa content ;  # top-level
_/protected content ;  # top-level
_/prj content ;  # top-level
_/printcenter content ;  # top-level
_/practice content ;  # top-level
_/prostars content ;  # top-level
_/prelaw content ;  # top-level
_/proxy content ;  # top-level
_/projects content ;  # top-level
_/prod content ;  # top-level
_/prs content ;  # top-level
_/prevmedresidency content ;  # top-level
_/procurement content ;  # top-level
_/plakias content ;  # top-level
_/playwriting content ;  # top-level
_/plan2015 content ;  # top-level
_/plannedgiving content ;  # top-level
_/pt3 content ;  # top-level
_/ptresidency content ;  # top-level
_/ptc content ;  # top-level
_/psychdiversity content ;  # top-level
_/psych content ;  # top-level
_/psc content ;  # top-level
_/psp content ;  # top-level
_/pdme content ;  # top-level
_/pdc content ;  # top-level
_/pusteblume content ;  # top-level
_/publications content ;  # top-level
_/purchasing content ;  # top-level
_/pulmonarycenter content ;  # top-level
_/publichealthworkforce content ;  # top-level
_/publicsafety content ;  # top-level
_/tcp content ;  # top-level
_/tyngsboro content ;  # top-level
_/tad content ;  # top-level
_/tanglewoodtwo content ;  # top-level
_/tanglewood content ;  # top-level
_/talks content ;  # top-level
_/tmp-orc/wp-assets content ;  #
_/tml content ;  # top-level
_/tmp-admissions/wp-assets content ;  #
_/tmp-webcentral content ;  # top-level
_/tv content ;  # top-level
_/thedash content ;  # top-level
_/thurmanarchives content ;  # top-level
_/thurman content ;  # top-level
_/theaternow content ;  # top-level
_/thecology content ;  # top-level
_/theory content ;  # top-level
_/themovement content ;  # top-level
_/this_is_not_a_url content ;  # top-level
_/thenerve content ;  # top-level
_/theotrauma content ;  # top-level
_/tickle content ;  # top-level
_/timeline content ;  # top-level
_/tims content ;  # top-level
_/tedxbu content ;  # top-level
_/telefund content ;  # top-level
_/terrierpride content ;  # top-level
_/test-blog content ;  # top-level
_/testnfs content ;  # top-level
_/teal content ;  # top-level
_/testnfs2 content ;  # top-level
_/telecom2 content ;  # top-level
_/test content ;  # top-level
_/testshibro content-nocache ; #top-level
_/testshibrw content-nocache ; #top-level
_/terriermarketplace content ;  # top-level
_/tedbu content ;  # top-level
_/teenpanic content ;  # top-level
_/tech-prod content ;  # top-level
_/terriercard content ;  # top-level
_/tech-maintenance content ;  # top-level
_/techv1 content ;  # top-level
_/terrierconnection content ;  # top-level
_/tech-copy content ;  # top-level
_/tech-backup content ;  # top-level
_/tech-restricted content ;  # top-level
_/techorg content ;  # top-level
_/terriers content ;  # top-level
_/techbios content ;  # top-level
_/testprep content ;  # top-level
_/techhelp content ;  # top-level
_/techweb content ;  # top-level
_/terriertoasts content ;  # top-level
_/telecom content ;  # top-level
_/today/common content ;  #
_/today/media content ;  #
_/today/bubooks content ;  #
_/today/frozenfour content ;  #
_/today/blasts content ;  #
_/today/commencement content ;  #
_/today/v2-devl content ;  #
_/today/news content ;  #
_/today/buniverse content ;  #
_/today/v2 content ;  #
_/tol content ;  # top-level
_/tokyo content ;  # top-level
_/today-spash content ;  # top-level
_/traumamemorylab content ;  # top-level
_/translation content ;  # top-level
_/trustees content ;  # top-level
_/tricia content ;  # top-level
_/transportation content ;  # top-level
_/transfer content ;  # top-level
_/trl content ;  # top-level
_/transgenic content ;  # top-level
_/trb content ;  # top-level
_/trusteescholars content ;  # top-level
_/track content ;  # top-level
_/transcomm content ;  # top-level
_/travel content ;  # top-level
_/tlcstudy content ;  # top-level
_/ttt content ;  # top-level
_/tskoog content ;  # top-level
_/tso content ;  # top-level
_/tsai content ;  # top-level
_/turnitin content ;  # top-level
_/tutorials content ;  # top-level
_/tulliusgroup content ;  # top-level
_/tbergend content ;  # top-level
_/sjmag content ;  # top-level
_/schroeter content ;  # top-level
_/scoe content ;  # top-level
_/scscb content ;  # top-level
_/schoolofeducation content ;  # top-level
_/scibowl content ;  # top-level
_/sciguide content ;  # top-level
_/scanning content ;  # top-level
_/schneiderslab content ;  # top-level
_/scnutrition content ;  # top-level
_/scarlet-squad content ;  # top-level
_/schools content ;  # top-level
_/scarletkey content ;  # top-level
_/sci content ;  # top-level
_/scenery content ;  # top-level
_/schneider content ;  # top-level
_/sccc content ;  # top-level
_/scriparts content ;  # top-level
_/sclerodermaworkshop content ;  # top-level
_/schoolphys content ;  # top-level
_/scnc content ;  # top-level
_/scv content ;  # top-level
_/scv_import content ;  # top-level
_/synbio content ;  # top-level
_/synapse content ;  # top-level
_/systemsbiology content ;  # top-level
_/sydney content ;  # top-level
_/systems-programming content ;  # top-level
_/systems-support content ;  # top-level
_/synt content ;  # top-level
_/synesthesia content ;  # top-level
_/swrnet content ;  # top-level
_/sncn content ;  # top-level
_/snl content ;  # top-level
_/snc content ;  # top-level
_/sn content ;  # top-level
_/sage content ;  # top-level
_/sarp content ;  # top-level
_/sardlb content ;  # top-level
_/sargentluncheon content ;  # top-level
_/sara content ;  # top-level
_/sargentcamp content ;  # top-level
_/sargenteconnection content ;  # top-level
_/sao content ;  # top-level
_/sargentchoice content ;  # top-level
_/sarhouse content ;  # top-level
_/samlab content ;  # top-level
_/sac content ;  # top-level
_/sarpsych content ;  # top-level
_/saa content ;  # top-level
_/satellite content ;  # top-level
_/safety content ;  # top-level
_/sm322 content ;  # top-level
_/smgmarcom content ;  # top-level
_/smg-dean-search content ;  # top-level
_/smgcentennial content ;  # top-level
_/smgalum content ;  # top-level
_/smartmoney101 content ;  # top-level
_/smg-em content ;  # top-level
_/smscint content ;  # top-level
_/smghonors content ;  # top-level
_/smg content ;  # top-level
_/smscinst content ;  # top-level
_/smg100 content ;  # top-level
_/smg-event content ;  # top-level
_/smec content ;  # top-level
_/smartlighting content ;  # top-level
_/smhaley content ;  # top-level
_/smartcities content ;  # top-level
_/shawnp content ;  # top-level
_/shprp content ;  # top-level
_/shanghai content ;  # top-level
_/shibboleth-sp content ;  # top-level
_/sha-dean-search content ;  # top-level
_/shaw content ;  # top-level
_/shongchallenge content ;  # top-level
_/showme content ;  # top-level
_/sha content ;  # top-level
_/sif content ;  # top-level
_/sil content ;  # top-level
_/sir content ;  # top-level
_/silber content ;  # top-level
_/sicklecell content ;  # top-level
_/sicklegen content ;  # top-level
_/sites content ;  # top-level
_/simulation content ;  # top-level
_/sixsixty content ;  # top-level
_/senlab content ;  # top-level
##TODO: get phpmap entry for search and put in separate file
_/sendoffs content ;  # top-level
_/service content ;  # top-level
_/sed-gpape content ;  # top-level
_/sequitur content ;  # top-level
_/service-now content ;  # top-level
_/sedreadingclinic content ;  # top-level
_/sed-jsp content ;  # top-level
_/secret content ;  # top-level
_/sed-gsa content ;  # top-level
_/seo content ;  # top-level
_/seniors content ;  # top-level
_/selstaff content ;  # top-level
_/se content ;  # top-level
_/securityinfo content ;  # top-level
_/seaurchinmeeting2011 content ;  # top-level
_/sedadmitted content ;  # top-level
_/sedaccepted content ;  # top-level
_/securitycamp content ;  # top-level
_/services content ;  # top-level
_/sedimc content ;  # top-level
_/session content ;  # top-level
_/segrelab content ;  # top-level
_/sep content ;  # top-level
_/security content ;  # top-level
_/sedtfa content ;  # top-level
_/software content ;  # top-level
_/south content ;  # top-level
_/sourceguide content ;  # top-level
_/sourcing/wp-protected content ;  #
_/sociology content ;  # top-level
_/srp content ;  # top-level
_/sfa content ;  # top-level
_/sfsf content ;  # top-level
_/slone content ;  # top-level
_/slatkin content ;  # top-level
_/sleepmed content ;  # top-level
_/sleeplab content ;  # top-level
_/sloan content ;  # top-level
_/50000 content ;  # top-level
_/sportsmed content ;  # top-level
_/spirithealth content ;  # top-level
_/spidr content ;  # top-level
_/specialreports content ;  # top-level
_/sph-imports content ;  # top-level
_/spectrumarts content ;  # top-level
_/sps content ;  # top-level
_/specialty content ;  # top-level
_/sph-coalitions content ;  # top-level
_/speechlab content ;  # top-level
_/speccol content ;  # top-level
_/space content ;  # top-level
_/sportsmedicine content ;  # top-level
_/sports content ;  # top-level
_/storage-admin content ;  # top-level
_/startup content ;  # top-level
_/studentexperience content ;  # top-level
_/sthacker content ;  # top-level
_/state content ;  # top-level
_/stepup content ;  # top-level
_/studentvillage content ;  # top-level
_/studio content ;  # top-level
_/studentvillage2 content ;  # top-level
_/stats content ;  # top-level
_/stationery content ;  # top-level
_/staff content ;  # top-level
_/sth-sc content ;  # top-level
_/stem content ;  # top-level
_/strategicreport content ;  # top-level
_/sthconnect content ;  # top-level
_/sth-history content ;  # top-level
_/sthfulladmission content ;  # top-level
_/studentaccountingservices content ;  # top-level
_/sthope content ;  # top-level
_/studentleader content ;  # top-level
_/stimulus content ;  # top-level
_/sthlibrary content ;  # top-level
_/stat content ;  # top-level
_/studyfinder content ;  # top-level
_/statehouse content ;  # top-level
_/stratcom content ;  # top-level
_/stemcells content ;  # top-level
_/studentloanaccounting content ;  # top-level
_/stayemployed content ;  # top-level
_/stamasfund content ;  # top-level
_/sth-directory content ;  # top-level
_/sswit content ;  # top-level
_/sscores content ;  # top-level
_/sdll content ;  # top-level
_/summerterm content ;  # top-level
_/suemac content ;  # top-level
_/suppliers content ;  # top-level
_/summerfun content ;  # top-level
_/survey content ;  # top-level
_/surf content ;  # top-level
_/summer content ;  # top-level
_/supportingbusm content ;  # top-level
_/supportrotc content ;  # top-level
_/supplier content ;  # top-level
_/sbd content ;  # top-level
_/sbrptraining content ;  # top-level
_/dje content ;  # top-level
_/dcg content ;  # top-level
_/dct content ;  # top-level
_/dcc content ;  # top-level
_/dna content ;  # top-level
##TODO: get phpmap entry for dnamixtures and put in separate file
_/darwin2009 content ;  # top-level
_/darwin content ;  # top-level
_/datamanagement content ;  # top-level
_/dan content ;  # top-level
_/daysofservice content ;  # top-level
_/darstaff content ;  # top-level
_/dar-talent content ;  # top-level
_/dar content ;  # top-level
_/darapps content ;  # top-level
_/data content ;  # top-level
_/dayofservice content ;  # top-level
_/danielsen content ;  # top-level
_/darlibrary content ;  # top-level
_/darsecure content ;  # top-level
_/dme content ;  # top-level
_/disability content ;  # top-level
_/dinghysailors content ;  # top-level
_/diabetescenter content ;  # top-level
_/directory content ;  # top-level
_/diversity content ;  # top-level
_/digication content ;  # top-level
_/distance content ;  # top-level
_/diploma content ;  # top-level
_/digital content ;  # top-level
_/discoveries content ;  # top-level
_/dioa content ;  # top-level
_/discover content ;  # top-level
_/disted content ;  # top-level
##TODO: get phpmap entry for degree-advice and put in separate file
_/deafstudies content ;  # top-level
_/degreecomplete content ;  # top-level
_/dentures content ;  # top-level
_/devcom content ;  # top-level
_/derm content ;  # top-level
_/devbio content ;  # top-level
_/dev content ; #top-level;
_/dermatology-associates content ;  # top-level
_/dentalassisting content ;  # top-level
_/dental-research content ;  # top-level
_/demoarea content ;  # top-level
##TODO: get phpmap entry for degree-audit and put in separate file
_/deanshost content ;  # top-level
_/deafautism content ;  # top-level
  #whole_staging_site_in.cms content ;  # top-level
_/doubleit content ;  # top-level
_/dos/facebook content ;  #
_/double-it content ;  # top-level
_/drts content ;  # top-level
_/dresden content ;  # top-level
_/drrk content ;  # top-level
_/dli content ;  # top-level
_/dlanglai content ;  # top-level
_/ds-enrollment-a content ;  # top-level
_/dsgsupport content ;  # top-level
_/dsg content ;  # top-level
_/ds-test content ;  # top-level
_/ds-enrollment-d content ;  # top-level
_/ds-enrollment-b content ;  # top-level
_/dsmk content ;  # top-level
_/ds-enrollment-e content ;  # top-level
_/ds-cas-b content ;  # top-level
_/ds-enrollment-c content ;  # top-level
_/ddalton content ;  # top-level
_/dublin content ;  # top-level
_/dublinseminar content ;  # top-level
_/dbin-selector content ;  # top-level
_/uc content ;  # top-level
_/uctech content ;  # top-level
_/ucccd content ;  # top-level
_/uccap content ;  # top-level
_/universe content ;  # top-level
_/union content ;  # top-level
_/universityprovostsearch content ;  # top-level
_/unlock content ;  # top-level
_/univcomp content ;  # top-level
_/undergrad content ;  # top-level
_/undaunted content ;  # top-level
_/univcomputer content ;  # top-level
_/uni content ;  # top-level
_/uapt content ;  # top-level
_/uav content ;  # top-level
_/uhc content ;  # top-level
_/uis content ;  # top-level
_/uisacs content ;  # top-level
_/uis-core content ;  # top-level
_/urc content ;  # top-level
_/urlc content ;  # top-level
_/urgent content ;  # top-level
_/ur content ;  # top-level
_/urop content ;  # top-level
_/ugc content ;  # top-level
_/ugneuro content ;  # top-level
_/ufmal content ;  # top-level
_/ultra-ex content ;  # top-level
_/ul content ;  # top-level
_/us-microimaging content ;  # top-level
_/usenet content ;  # top-level
_/ussi content ;  # top-level
_/ub content ;  # top-level
_/ubms content ;  # top-level
_/ubx content ;  # top-level
_/1970commencement content ;  # top-level
_/bcrhhr content ;  # top-level
_/bcdsp content ;  # top-level
_/bysocelebrates content ;  # top-level
_/bwhs content ;  # top-level
_/bniart content ;  # top-level
_/bnorc content ;  # top-level
_/backbay content ;  # top-level
_/baburmemorial content ;  # top-level
_/battleforbu content ;  # top-level
_/bahec content ;  # top-level
_/baumlab content ;  # top-level
_/ballab content ;  # top-level
_/bands content ;  # top-level
_/bam2012 content ;  # top-level
_/barc2007 content ;  # top-level
_/bmb content ;  # top-level
_/bmerc content ;  # top-level
_/bmo content ;  # top-level
_/bmel content ;  # top-level
_/bmegsc content ;  # top-level
_/bhlp content ;  # top-level
_/bhr content ;  # top-level
_/bio-geo content ;  # top-level
_/biosci content ;  # top-level
_/bioimaging content ;  # top-level
_/bioimages content ;  # top-level
_/biotechlab content ;  # top-level
_/bike content ;  # top-level
_/bilingualaphasia content ;  # top-level
_/biosquare content ;  # top-level
_/bikesaftey content ;  # top-level
_/biotech content ;  # top-level
_/bioinformatics content ;  # top-level
_/biosafety content ;  # top-level
_/biomuseum content ;  # top-level
_/biomediacenter content ;  # top-level
_/biomedforensic content ;  # top-level
_/binaural content ;  # top-level
_/biomed content ;  # top-level
_/biology content ;  # top-level
_/biomedcrimas content ;  # top-level
_/biorobotics content ;  # top-level
_/bioskin content ;  # top-level
_/becf content ;  # top-level
_/benefitstransition content ;  # top-level
_/bemerson content ;  # top-level
_/behaviorlab content ;  # top-level
_/beanpot-party content ;  # top-level
##TODO: get phpmap entry for betabionics and put in separate file
_/beelab content ;  # top-level
_/bergethonlab content ;  # top-level
_/betonrhett content ;  # top-level
_/behavneuro content ;  # top-level
_/because content ;  # top-level
_/beijing2014 content ;  # top-level
_/behaviorallab content ;  # top-level
_/botlab content ;  # top-level
_/bonrc content ;  # top-level
_/bostonia/wpassets content ;  #
_/bostonroc content ;  # top-level
_/books content ;  # top-level
_/bostonscholars content ;  # top-level
_/borinsky content ;  # top-level
_/braintree content ;  # top-level
_/bravi content ;  # top-level
_/brussels content ;  # top-level
_/brainlab content ;  # top-level
_/bridge content ;  # top-level
_/brownstone content ;  # top-level
_/bfr2011 content ;  # top-level
_/blended content ;  # top-level
_/blazars content ;  # top-level
_/blogs content ;  # top-level
_/blacklegacy content ;  # top-level
_/bpt content ;  # top-level
_/bpassoff content ;  # top-level
_/bpir content ;  # top-level
_/btm content ;  # top-level
_/bsl content ;  # top-level
_/buildyourgift content ;  # top-level
_/busdm content ;  # top-level
_/buvs content ;  # top-level
_/buworkscentral content ;  # top-level
_/busm-facultycentral content ;  # top-level
_/buba content ;  # top-level
_/bullying content ;  # top-level
_/bua-robotics content ;  # top-level
_/busmplus content ;  # top-level
_/bubin content ;  # top-level
_/bulawreview content ;  # top-level
_/bu.edu content ;  # top-level
_/bucop content ;  # top-level
_/bumc-wellness content ;  # top-level
_/bumcparking content ;  # top-level
_/bunow content ;  # top-level
_/business content ;  # top-level
_/buildyourbu content ;  # top-level
_/buworks-files content ;  # top-level
##TODO: get phpmap entry for bumobile and put in separate file
_/bucie content ;  # top-level
_/bumclive content ;  # top-level
_/bupp content ;  # top-level
_/bums content ;  # top-level
_/buonline content ;  # top-level
_/buildingbu content ;  # top-level
_/bump content ;  # top-level
_/buee content ;  # top-level
_/bufirst content ;  # top-level
_/burgos content ;  # top-level
_/burc content ;  # top-level
_/buspace content ;  # top-level
_/bumcprovost content ;  # top-level
_/budget content ;  # top-level
_/buildbu content ;  # top-level
_/bumo content ;  # top-level
_/butp content ;  # top-level
_/busat content ;  # top-level
_/bucentral content ;  # top-level
_/buwc content ;  # top-level
_/bulletins content ;  # top-level
_/but content ;  # top-level
#  buniverse content ;  # top-level
_/bus content ;  # top-level
_/buworks content ;  # top-level
_/buworks-training content ;  # top-level
_/bufellow content ;  # top-level
_/buworksforum content ;  # top-level
_/bua content ;  # top-level
_/buworks-staff content ;  # top-level
_/bucde content ;  # top-level
_/bucld content ;  # top-level
_/bumc-research content ;  # top-level
_/budarwin content ;  # top-level
_/buleads content ;  # top-level
_/build content ;  # top-level
_/burppe content ;  # top-level
_/u content ;  # top-level
### 1933 content
### 160 wordpress
### 16 app
### 1 type
### 558 redirect2lower
