### Common mapping to all bu.edu systems
_/version 2018-01-26 ;

# redirects
_/studentlink redirect ;
_/geography/brdf redirect ;

# items from the www:phpmap.txt
_/buniverse phpbin ;
_/maps phpbin ;
_/bufellow/db-admin django ;
_/nisdev phpbin ;

# These mappings are needed for Shibboleth authentication
_/saml/content content ;

# DegreeAdvice needs to be added
# we should make a third party table for http backend services (maybe)
#
#degree-advice degreeadvice ;

_/django apps ;

# UISCGI/link entries
_/link/bin uiscgi_app ;
_/link uiscgi_content ;

# These are the old tomcat servlets on the server
_/uis_web3270 legacy ;
_/uiszl_eostc legacy ;
_/uiszl_j2ee legacy ;

#admissions wordpress

# dbin

# default application backends
_/dbin dbin ;
_/phpbin phpbin ;

# old CGI script locations (right now we send those to the existing Solaris backend)
_/htbin legacy ;
_/testing legacy ;

# by default we map degree-advice although it should be listed in the phpmap file
_/degree-advice degree-advice ;
_/degree-audit degree-advice ;

# Send old-style redirects and aliases to the content backend
# we are not transitioning anything older than 2009 unless necessary.
#

##### END of common prefix
###############################################

##### PHPMAP items

### Django applications
#
# Ask Web team about:

_/marcom content ;
_/interactive-design content ;

####### From stub files/directory scan

